# HydraCam evidence run command log

$ ssh -i /Users/jose/Downloads/codex_ssh_key -o IdentitiesOnly=yes -o BatchMode=yes jose@100.110.8.112 powershell -NoProfile -Command "Set-Location 'D:\src\work\hydracamv2'; git status -sb; git rev-parse --show-toplevel; git rev-parse --abbrev-ref HEAD; if (Test-Path 'E:\work-repos\hydracamv2') { 'E_CHECKOUT=present' } else { 'E_CHECKOUT=missing' }; flutter devices --device-timeout 10; adb devices -l; emulator -list-avds; wsl -d Ubuntu-22.04 -- bash -lc 'set -o pipefail; echo ===linux===; uname -a; echo ===video===; ls -l /dev/video* 2>&1 || true; echo ===display===; env | grep -E "^(DISPLAY|WAYLAND_DISPLAY|PULSE_SERVER|WSL|XDG_RUNTIME_DIR)=" || true; echo ===flutter===; command -v flutter || true; flutter --version 2>&1 | head -5 || true'"

[stderr]
"WAYLAND_DISPLAY" no se reconoce como un comando interno o externo,
programa o archivo por lotes ejecutable.
[exit-code] 255

$ ssh -i /Users/jose/Downloads/codex_ssh_key -o IdentitiesOnly=yes -o BatchMode=yes jose@100.110.8.112 powershell -NoProfile -Command Get-Date -Format o; hostname; Test-Path 'D:\src\work\hydracamv2'; Test-Path 'E:\work-repos\hydracamv2'
2026-06-09T02:45:49.1983696+02:00
DESKTOP-02NDERS
True
False
[exit-code] 0

$ ssh -i /Users/jose/Downloads/codex_ssh_key -o IdentitiesOnly=yes -o BatchMode=yes jose@100.110.8.112 powershell -NoProfile -ExecutionPolicy Bypass -File D:\hydracam-evidence\win11-triple-platform-camera-master-slave\scripts\windows_capture_probe.ps1 -Repo D:\src\work\hydracamv2 -OutDir D:\hydracam-evidence\20260609-0245-win11-triple-platform-webcam-upload-matrix\windows-real -DeviceId windows -TargetId windows-native -Port 4762 -MockCamera: -UseBackendSession:

$ ssh -i /Users/jose/Downloads/codex_ssh_key -o IdentitiesOnly=yes -o BatchMode=yes jose@100.110.8.112 powershell -NoProfile -Command Set-Location 'D:\src\work\hydracamv2'; flutter pub get
Resolving dependencies...
Downloading packages...
  archive 4.0.7 (4.0.9 available)
  async 2.12.0 (2.13.1 available)
  camera 0.11.4 (0.12.0+1 available)
  camera_android_camerax 0.6.30 (0.7.2+1 available)
  camera_avfoundation 0.9.23+2 (0.10.1 available)
  camera_platform_interface 2.12.0 (2.13.0 available)
  camera_web 0.3.5 (0.3.5+3 available)
  checked_yaml 2.0.3 (2.0.4 available)
  cli_util 0.4.2 (0.5.1 available)
  connectivity_plus 7.0.0 (7.1.1 available)
  connectivity_plus_platform_interface 2.0.1 (2.1.0 available)
  cross_file 0.3.5 (0.3.5+2 available)
  cupertino_icons 1.0.8 (1.0.9 available)
  dbus 0.7.11 (0.7.14 available)
  device_info_plus 12.2.0 (13.1.0 available)
  device_info_plus_platform_interface 7.0.3 (8.1.0 available)
  ffi 2.1.4 (2.2.0 available)
  flutter_appauth 11.0.0 (12.0.1 available)
  flutter_appauth_platform_interface 11.0.0 (12.0.1 available)
  flutter_lints 5.0.0 (6.0.0 available)
  flutter_plugin_android_lifecycle 2.0.31 (2.0.35 available)
  flutter_secure_storage_darwin 0.3.2 (0.4.0 available)
  flutter_secure_storage_windows 4.1.0 (4.2.2 available)
  geolocator_linux 0.2.3 (0.2.5 available)
  image 4.5.4 (4.9.1 available)
  json_annotation 4.9.0 (4.12.0 available)
  lints 5.1.1 (6.1.0 available)
  matcher 0.12.19 (0.12.20 available)
  meta 1.18.0 (1.18.3 available)
  mocktail 1.0.4 (1.0.5 available)
  network_info_plus 7.0.0 (8.1.0 available)
  network_info_plus_platform_interface 2.0.2 (3.1.0 available)
  package_info_plus 8.3.1 (10.1.0 available)
  package_info_plus_platform_interface 3.2.1 (4.1.0 available)
  path_provider_android 2.2.19 (2.3.1 available)
  path_provider_foundation 2.4.2 (2.6.0 available)
  permission_handler 12.0.1 (12.0.3 available)
  permission_handler_apple 9.4.7 (9.4.9 available)
  petitparser 6.1.0 (7.0.2 available)
  photo_manager 3.7.1 (3.9.0 available)
  posix 6.0.3 (6.5.0 available)
  process 5.0.3 (5.0.5 available)
  shared_preferences 2.5.3 (2.5.5 available)
  shared_preferences_android 2.4.13 (2.4.25 available)
  shared_preferences_foundation 2.5.4 (2.5.6 available)
  shared_preferences_platform_interface 2.4.1 (2.4.2 available)
  source_span 1.10.1 (1.10.2 available)
  test_api 0.7.11 (0.7.12 available)
  uuid 4.5.2 (4.5.3 available)
  vector_math 2.2.0 (2.4.0 available)
  video_player 2.10.1 (2.11.1 available)
  video_player_android 2.8.15 (2.9.6 available)
  video_player_avfoundation 2.8.4 (2.9.7 available)
  video_player_platform_interface 6.6.0 (6.7.0 available)
  vm_service 14.3.1 (15.2.0 available)
  wakelock_plus 1.3.3 (1.6.1 available)
  wakelock_plus_platform_interface 1.3.0 (1.5.1 available)
  webdriver 3.0.4 (3.1.0 available)
  win32 5.13.0 (6.3.0 available)
  win32_registry 2.1.0 (3.0.3 available)
  xml 6.5.0 (7.0.1 available)
Got dependencies!
61 packages have newer versions incompatible with dependency constraints.
Try `flutter pub outdated` for more information.
[exit-code] 0

$ ssh -i /Users/jose/Downloads/codex_ssh_key -o IdentitiesOnly=yes -o BatchMode=yes jose@100.110.8.112 wsl -d Ubuntu-22.04 -- bash -lc uname -a; ls -l /dev/video* 2>&1 || true; command -v v4l2-ctl || true; v4l2-ctl --list-devices 2>&1 || true; env | grep -E '^(DISPLAY|WAYLAND_DISPLAY|PULSE_SERVER|WSL|XDG_RUNTIME_DIR)=' || true; command -v flutter || true; /home/jose/flutter-linux/bin/flutter --version | head -5
Linux
ls: cannot access '/dev/video*': No such file or directory
"true" no se reconoce como un comando interno o externo,
programa o archivo por lotes ejecutable.

[stderr]
"true" no se reconoce como un comando interno o externo,
programa o archivo por lotes ejecutable.
"true" no se reconoce como un comando interno o externo,
programa o archivo por lotes ejecutable.
[exit-code] 255
