# HydraCam evidence run command log

$ git status -sb
## master-jose-2025...github/master-jose-2025
 M AGENTS.md
 M docs/control/README.md
 M docs/control/backlog-import.md
 M docs/control/win11-dev-host.md
 M lib/main.dart
 M lib/services/battery_service.dart
 M lib/services/camera_service.dart
 M lib/widgets/session_info_widget.dart
 M test/services/battery_service_test.dart
 M test/services/camera_service_failure_test.dart
 M test/widgets/session_info_widget_test.dart
?? docs/control/hydracam-mobo-media-timeline-merge-plan.md
?? logs/verification-runs/20260608-1744-physical-iphone-resumed-recovery/
?? logs/verification-runs/20260608-1745-critical-battery-autostop/
?? logs/verification-runs/20260608-1751-device-identity-diagnostics/
?? logs/verification-runs/20260608-1756-uploader-reset-progress-hygiene/
?? logs/verification-runs/20260608-win11-android-studio-ide-repair/
?? scripts/discover_automation_bridge.py
[exit-code] 0

$ flutter test --no-pub test/services/uploader_service_test.dart
00:00 +0: loading /Users/jose/src/work/hydracamv2/test/services/uploader_service_test.dart
00:00 +0: reset clears stale queue, current upload state, and progress
Log registered: {message: UploaderService: Resetting upload queue and state., timestamp: 2026-06-08 17:57:12.125848, function: null, file: null}
Log registered: {message: UploaderService: Reset completed., timestamp: 2026-06-08 17:57:12.128725, function: null, file: null}
Log registered: {message: Media added to upload queue: /var/folders/6s/dp27g8gn26j9mp36sjfxb9tw0000gn/T/hydracam_uploader_testjsDDd3/photo.jpg, timestamp: 2026-06-08 17:57:12.134867, function: null, file: null}
Log registered: {message: UploaderService: Resetting upload queue and state., timestamp: 2026-06-08 17:57:12.137510, function: null, file: null}
Log registered: {message: UploaderService: Reset completed., timestamp: 2026-06-08 17:57:12.137663, function: null, file: null}
00:00 +0 -1: reset clears stale queue, current upload state, and progress [E]
  Expected: <0.0>
    Actual: <0.73>

  package:matcher                                     expect
  package:flutter_test/src/widget_tester.dart 473:18  expect
  test/services/uploader_service_test.dart 55:5       main.<fn>

Warning: At least one test in this suite creates an HttpClient. When running a test suite that uses
TestWidgetsFlutterBinding, all HTTP requests will return status code 400, and no network request
will actually be made. Any test expecting a real network connection and status code will fail.
To test code that needs an HttpClient, provide your own HttpClient implementation to the code under
test, so that your test can consistently provide a testable response to the code under test.
Log registered: {message: UploaderService: Resetting upload queue and state., timestamp: 2026-06-08 17:57:12.156772, function: null, file: null}
Log registered: {message: UploaderService: Reset completed., timestamp: 2026-06-08 17:57:12.156924, function: null, file: null}
Log registered: {message: Auto-upload is disabled. Media added to queue but not uploaded., timestamp: 2026-06-08 17:57:12.157756, function: null, file: null}
Trace file unavailable: MissingPluginException(No implementation found for method getApplicationDocumentsDirectory on channel plugins.flutter.io/path_provider)
00:00 +0 -1: Some tests failed.

Failing tests:
  /Users/jose/src/work/hydracamv2/test/services/uploader_service_test.dart: reset clears stale queue, current upload state, and progress
[exit-code] 1

$ flutter test --no-pub test/services/uploader_service_test.dart
00:00 +0: loading /Users/jose/src/work/hydracamv2/test/services/uploader_service_test.dart
00:00 +0: reset clears stale queue, current upload state, and progress
Log registered: {message: UploaderService: Resetting upload queue and state., timestamp: 2026-06-08 17:57:36.527822, function: null, file: null}
Log registered: {message: UploaderService: Reset completed., timestamp: 2026-06-08 17:57:36.530283, function: null, file: null}
Log registered: {message: Media added to upload queue: /var/folders/6s/dp27g8gn26j9mp36sjfxb9tw0000gn/T/hydracam_uploader_testWGmp3D/photo.jpg, timestamp: 2026-06-08 17:57:36.534843, function: null, file: null}
Log registered: {message: UploaderService: Resetting upload queue and state., timestamp: 2026-06-08 17:57:36.537385, function: null, file: null}
Log registered: {message: UploaderService: Reset completed., timestamp: 2026-06-08 17:57:36.537543, function: null, file: null}
Log registered: {message: Auto-upload is disabled. Media added to queue but not uploaded., timestamp: 2026-06-08 17:57:36.538980, function: null, file: null}
Log registered: {message: UploaderService: Resetting upload queue and state., timestamp: 2026-06-08 17:57:36.539775, function: null, file: null}
Log registered: {message: UploaderService: Reset completed., timestamp: 2026-06-08 17:57:36.539874, function: null, file: null}
00:00 +1: All tests passed!
[exit-code] 0

$ flutter analyze --no-pub
Analyzing hydracamv2...
No issues found! (ran in 3.8s)
[exit-code] 0

$ flutter test --no-pub --update-goldens logs/verification-runs/20260608-1756-uploader-reset-progress-hygiene/uploader_reset_visual_test.dart
00:00 +0: loading /Users/jose/src/work/hydracamv2/logs/verification-runs/20260608-1756-uploader-reset-progress-hygiene/uploader_reset_visual_test.dart
00:00 +0: uploader reset progress visual proof
Log registered: {message: UploaderService: Resetting upload queue and state., timestamp: 2026-06-08 17:58:13.556995, function: null, file: null}
Log registered: {message: UploaderService: Reset completed., timestamp: 2026-06-08 17:58:13.558968, function: null, file: null}
Trace file unavailable: MissingPluginException(No implementation found for method getApplicationDocumentsDirectory on channel plugins.flutter.io/path_provider)
Log registered: {message: UploaderService: Resetting upload queue and state., timestamp: 2026-06-08 17:58:13.729499, function: null, file: null}
Log registered: {message: UploaderService: Reset completed., timestamp: 2026-06-08 17:58:13.729648, function: null, file: null}
00:00 +1: All tests passed!
[exit-code] 0

$ ffmpeg -y -loop 1 -t 3 -i logs/verification-runs/20260608-1756-uploader-reset-progress-hygiene/screenshots/uploader_reset_progress.png -vf format=yuv420p -movflags +faststart logs/verification-runs/20260608-1756-uploader-reset-progress-hygiene/video/uploader_reset_progress_proof.mp4

[stderr]
ffmpeg version 8.1 Copyright (c) 2000-2026 the FFmpeg developers
  built with Apple clang version 17.0.0 (clang-1700.6.4.2)
  configuration: --prefix=/opt/homebrew/Cellar/ffmpeg/8.1 --enable-shared --enable-pthreads --enable-version3 --cc=clang --host-cflags= --host-ldflags= --enable-ffplay --enable-gpl --enable-libsvtav1 --enable-libopus --enable-libx264 --enable-libmp3lame --enable-libdav1d --enable-libvpx --enable-libx265 --enable-openssl --enable-videotoolbox --enable-audiotoolbox --enable-neon
  libavutil      60. 26.100 / 60. 26.100
  libavcodec     62. 28.100 / 62. 28.100
  libavformat    62. 12.100 / 62. 12.100
  libavdevice    62.  3.100 / 62.  3.100
  libavfilter    11. 14.100 / 11. 14.100
  libswscale      9.  5.100 /  9.  5.100
  libswresample   6.  3.100 /  6.  3.100
Input #0, png_pipe, from 'logs/verification-runs/20260608-1756-uploader-reset-progress-hygiene/screenshots/uploader_reset_progress.png':
  Duration: N/A, bitrate: N/A
  Stream #0:0: Video: png, rgba(pc, gbr/bt709/iec61966-2-1), 1290x660, 25 fps, 25 tbr, 25 tbn
Stream mapping:
  Stream #0:0 -> #0:0 (png (native) -> h264 (libx264))
Press [q] to stop, [?] for help
[libx264 @ 0x73ac2ca80] using cpu capabilities: ARMv8 NEON DotProd I8MM
[libx264 @ 0x73ac2ca80] profile High, level 3.1, 4:2:0, 8-bit
[libx264 @ 0x73ac2ca80] 264 - core 165 r3222 b35605a - H.264/MPEG-4 AVC codec - Copyleft 2003-2025 - http://www.videolan.org/x264.html - options: cabac=1 ref=3 deblock=1:0:0 analyse=0x3:0x113 me=hex subme=7 psy=1 psy_rd=1.00:0.00 mixed_ref=1 me_range=16 chroma_me=1 trellis=1 8x8dct=1 cqm=0 deadzone=21,11 fast_pskip=1 chroma_qp_offset=-2 threads=21 lookahead_threads=3 sliced_threads=0 nr=0 decimate=1 interlaced=0 bluray_compat=0 constrained_intra=0 bframes=3 b_pyramid=2 b_adapt=1 b_bias=0 direct=1 weightb=1 open_gop=0 weightp=2 keyint=250 keyint_min=25 scenecut=40 intra_refresh=0 rc_lookahead=40 rc=crf mbtree=1 crf=23.0 qcomp=0.60 qpmin=0 qpmax=69 qpstep=4 ip_ratio=1.40 aq=1:1.00
Output #0, mp4, to 'logs/verification-runs/20260608-1756-uploader-reset-progress-hygiene/video/uploader_reset_progress_proof.mp4':
  Metadata:
    encoder         : Lavf62.12.100
  Stream #0:0: Video: h264 (avc1 / 0x31637661), yuv420p(tv, unknown/bt709/iec61966-2-1, progressive), 1290x660, q=2-31, 25 fps, 12800 tbn
    Metadata:
      encoder         : Lavc62.28.100 libx264
    Side data:
      CPB properties: bitrate max/min/avg: 0/0/0 buffer size: 0 vbv_delay: N/A
[mp4 @ 0x73ac24280] Starting second pass: moving the moov atom to the beginning of the file
[out#0/mp4 @ 0x73b054240] video:8KiB audio:0KiB subtitle:0KiB other streams:0KiB global headers:0KiB muxing overhead: 22.570332%
frame=   75 fps=0.0 q=-1.0 Lsize=       9KiB time=00:00:02.92 bitrate=  26.3kbits/s speed=41.9x elapsed=0:00:00.06
[libx264 @ 0x73ac2ca80] frame I:1     Avg QP:10.79  size:  3314
[libx264 @ 0x73ac2ca80] frame P:19    Avg QP:20.15  size:    69
[libx264 @ 0x73ac2ca80] frame B:55    Avg QP:12.67  size:    46
[libx264 @ 0x73ac2ca80] consecutive B-frames:  1.3%  2.7%  0.0% 96.0%
[libx264 @ 0x73ac2ca80] mb I  I16..4: 50.9% 45.6%  3.5%
[libx264 @ 0x73ac2ca80] mb P  I16..4:  0.2%  0.0%  0.0%  P16..4:  0.1%  0.0%  0.0%  0.0%  0.0%    skip:99.8%
[libx264 @ 0x73ac2ca80] mb B  I16..4:  0.0%  0.0%  0.0%  B16..8:  0.2%  0.0%  0.0%  direct: 0.0%  skip:99.8%  L0:65.7% L1:34.3% BI: 0.0%
[libx264 @ 0x73ac2ca80] 8x8 transform intra:44.1% inter:0.0%
[libx264 @ 0x73ac2ca80] coded y,uvDC,uvAC intra: 1.5% 2.6% 1.2% inter: 0.0% 0.0% 0.0%
[libx264 @ 0x73ac2ca80] i16 v,h,dc,p: 78% 18%  4%  0%
[libx264 @ 0x73ac2ca80] i8 v,h,dc,ddl,ddr,vr,hd,vl,hu: 75% 17%  8%  0%  0%  0%  0%  0%  0%
[libx264 @ 0x73ac2ca80] i4 v,h,dc,ddl,ddr,vr,hd,vl,hu: 46% 26% 18%  1%  8%  0%  0%  0%  0%
[libx264 @ 0x73ac2ca80] i8c dc,h,v,p: 94%  5%  1%  0%
[libx264 @ 0x73ac2ca80] Weighted P-Frames: Y:0.0% UV:0.0%
[libx264 @ 0x73ac2ca80] ref P L0: 48.6%  0.0% 51.4%
[libx264 @ 0x73ac2ca80] ref B L0: 39.8% 60.2%
[libx264 @ 0x73ac2ca80] kb/s:19.01
[exit-code] 0

$ git diff --check -- lib/services/uploader_service.dart test/services/uploader_service_test.dart docs/control/backlog-import.md logs/verification-runs/20260608-1756-uploader-reset-progress-hygiene/summary.md logs/verification-runs/20260608-1756-uploader-reset-progress-hygiene/device-logs/flutter-service-runner.log logs/verification-runs/20260608-1756-uploader-reset-progress-hygiene/uploader_reset_visual_test.dart
[exit-code] 0

$ flutter analyze --no-pub
Analyzing hydracamv2...
No issues found! (ran in 3.7s)
[exit-code] 0

$ git status -sb
## master-jose-2025...github/master-jose-2025
 M AGENTS.md
 M docs/control/README.md
 M docs/control/backlog-import.md
 M docs/control/win11-dev-host.md
 M lib/main.dart
 M lib/services/battery_service.dart
 M lib/services/camera_service.dart
 M lib/services/uploader_service.dart
 M lib/widgets/session_info_widget.dart
 M test/services/battery_service_test.dart
 M test/services/camera_service_failure_test.dart
 M test/widgets/session_info_widget_test.dart
?? docs/control/hydracam-mobo-media-timeline-merge-plan.md
?? logs/verification-runs/20260608-1744-physical-iphone-resumed-recovery/
?? logs/verification-runs/20260608-1745-critical-battery-autostop/
?? logs/verification-runs/20260608-1751-device-identity-diagnostics/
?? logs/verification-runs/20260608-1756-uploader-reset-progress-hygiene/
?? logs/verification-runs/20260608-win11-android-studio-ide-repair/
?? scripts/discover_automation_bridge.py
?? test/services/uploader_service_test.dart
[exit-code] 0
