# HydraCam evidence run command log

$ git status -sb
## master-jose-2025...github/master-jose-2025
 M AGENTS.md
 M docs/control/README.md
 M docs/control/backlog-import.md
 M docs/control/win11-dev-host.md
 M lib/main.dart
 M lib/master/connected_client_automation_payload.dart
 M lib/master/master_screen.dart
 M lib/master/master_server.dart
 M lib/screens/media_selection_screen.dart
 M lib/screens/session_details_screen.dart
 M lib/screens/settings_screen.dart
 M lib/screens/uploader_info_screen.dart
 M lib/services/auth0_service.dart
 M lib/services/battery_service.dart
 M lib/services/camera_service.dart
 M lib/services/hydracam_api_service.dart
 M lib/services/scheduled_task_service.dart
 M lib/services/session_manager.dart
 M lib/services/settings_service.dart
 M lib/services/uploader_service.dart
 M lib/services/user_service.dart
 M lib/slave/slave_client.dart
 M lib/slave/slave_screen.dart
 M lib/widgets/add_gallery_media_button.dart
 M lib/widgets/media_filter_dialog.dart
 M lib/widgets/media_list_widget.dart
 M lib/widgets/session_info_widget.dart
 M lib/widgets/settings_option.dart
 M linux/flutter/generated_plugin_registrant.cc
 M linux/flutter/generated_plugins.cmake
 M macos/Flutter/GeneratedPluginRegistrant.swift
 M pubspec.lock
 M pubspec.yaml
 M test/master/connected_client_automation_payload_test.dart
 M test/master/master_network_snapshot_cache_test.dart
 M test/screens/capture_settings_screen_test.dart
 M test/services/battery_service_test.dart
 M test/services/camera_service_failure_test.dart
 M test/services/session_manager_test.dart
 M test/services/settings_service_test.dart
 M test/slave/slave_client_registration_test.dart
 M test/slave/slave_screen_fast_connect_test.dart
 M test/widgets/session_info_widget_test.dart
 M windows/flutter/generated_plugin_registrant.cc
 M windows/flutter/generated_plugins.cmake
?? docs/control/hydracam-mobo-media-timeline-merge-plan.md
?? lib/services/gallery_session_candidate_source.dart
?? lib/services/gallery_session_matcher.dart
?? logs/verification-runs/20260608-1745-critical-battery-autostop/
?? logs/verification-runs/20260608-1751-device-identity-diagnostics/
?? logs/verification-runs/20260608-1756-uploader-reset-progress-hygiene/
?? logs/verification-runs/20260608-1759-failed-upload-visible-state/
?? logs/verification-runs/20260608-1804-upload-byte-progress-visible/
?? logs/verification-runs/20260608-1807-explicit-upload-requeue-actions/
?? logs/verification-runs/20260608-1809-autograbado-setting-toggle/
?? logs/verification-runs/20260608-1816-gallery-session-window-matcher/
?? logs/verification-runs/20260608-1826-scheduled-task-clock-offset/
?? logs/verification-runs/20260608-1830-upload-time-estimate-visible/
?? logs/verification-runs/20260608-1834-same-session-rejoin-preserves-media/
?? logs/verification-runs/20260608-1838-gallery-browse-all-filter-action/
?? logs/verification-runs/20260608-1843-pending-upload-cancel-control/
?? logs/verification-runs/20260608-1848-autograbado-session-autostart/
?? logs/verification-runs/20260608-1855-start-upload-all-slave-command/
?? logs/verification-runs/20260608-1901-upload-app-version-metadata/
?? logs/verification-runs/20260608-1910-disconnected-device-state-master-list/
?? logs/verification-runs/20260608-1918-stale-inflight-upload-reset-guard/
?? logs/verification-runs/20260608-1922-slave-upload-info-action/
?? logs/verification-runs/20260608-1933-inflight-upload-cancel-control/
?? logs/verification-runs/20260608-1938-auth0-refresh-scope/
?? logs/verification-runs/20260608-1944-gallery-scan-active-session-preserved/
?? logs/verification-runs/20260608-1948-gallery-candidate-session-labels/
?? logs/verification-runs/20260608-1953-gallery-historical-session-candidate-source/
?? logs/verification-runs/20260608-2000-auth0-secure-credential-store/
?? logs/verification-runs/20260608-2006-auth0-startup-restore-valid-credentials/
?? logs/verification-runs/20260608-2011-20260608-2012-auth0-refresh-expired-credentials/
?? logs/verification-runs/20260608-2017-auth0-logout-clears-credentials/
?? logs/verification-runs/20260608-2022-user-guid-restore-after-auth0-restore/
?? logs/verification-runs/20260608-2030-master-device-list-summary-sort/
?? logs/verification-runs/20260608-2035-scheduled-command-master-time-offset/
?? logs/verification-runs/20260608-2045-slave-recording-safe-stop-control/
?? logs/verification-runs/20260608-2047-win11-triple-platform-camera-master-slave/
?? logs/verification-runs/20260608-2055-session-player-source-missing-backend-state/
?? logs/verification-runs/20260608-win11-android-studio-ide-repair/
?? test/screens/media_selection_screen_test.dart
?? test/screens/session_details_screen_test.dart
?? test/screens/uploader_info_screen_test.dart
?? test/services/auth0_service_test.dart
?? test/services/gallery_session_candidate_source_test.dart
?? test/services/gallery_session_matcher_test.dart
?? test/services/hydracam_api_service_test.dart
?? test/services/scheduled_task_service_test.dart
?? test/services/uploader_service_test.dart
?? test/services/user_service_test.dart
?? test/widgets/media_filter_dialog_test.dart
?? test/widgets/media_list_widget_test.dart
[exit-code] 0

$ ssh -i /Users/jose/Downloads/codex_ssh_key -o IdentitiesOnly=yes -o BatchMode=yes jose@100.110.8.112 powershell -NoProfile -Command "Set-Location 'D:\src\work\hydracamv2'; flutter emulators; emulator -list-avds; wsl -d Ubuntu-22.04 -- bash -lc 'set -x; uname -a; ls -l /dev/video* 2>&1 || true; command -v v4l2-ctl && v4l2-ctl --list-devices || true; echo DISPLAY= WAYLAND_DISPLAY='"
No emulators available.

To create a new emulator, run 'flutter emulators --create [--name xyz]'.

You can find more information on managing emulators at the links below:
  https://developer.android.com/studio/run/managing-avds
  https://developer.android.com/studio/command-line/avdmanager
Linux DESKTOP-02NDERS 6.6.114.1-microsoft-standard-WSL2 #1 SMP PREEMPT_DYNAMIC Mon Dec  1 20:46:23 UTC 2025 x86_64 x86_64 x86_64 GNU/Linux
ls: cannot access '/dev/video*': No such file or directory
/usr/bin/v4l2-ctl
DISPLAY= WAYLAND_DISPLAY=

[stderr]
+ uname -a
+ ls -l '/dev/video*'
+ true
+ command -v v4l2-ctl
+ v4l2-ctl --list-devices
Cannot open device /dev/video0, exiting.
+ true
+ echo DISPLAY= WAYLAND_DISPLAY=
[exit-code] 0

$ ssh -i /Users/jose/Downloads/codex_ssh_key -o IdentitiesOnly=yes -o BatchMode=yes jose@100.110.8.112 powershell -NoProfile -Command "Get-ChildItem 'C:\Users\jose\AppData\Local\Android\Sdk\emulator\emulator.exe','D:\android-avd' -ErrorAction SilentlyContinue; Get-ChildItem 'D:\android-avd' -Recurse -Filter '*.ini' -ErrorAction SilentlyContinue | Select-Object FullName; Get-ChildItem 'D:\android-avd' -Directory -ErrorAction SilentlyContinue | Select-Object FullName; Get-ChildItem Env:ANDROID* | Format-Table -AutoSize"


    Directorio: C:\Users\jose\AppData\Local\Android\Sdk\emulator


Mode                 LastWriteTime         Length Name
----                 -------------         ------ ----
-a----        07/06/2026     17:52        1532568 emulator.exe


    Directorio: D:\android-avd


Mode                 LastWriteTime         Length Name
----                 -------------         ------ ----
d-----        08/06/2026     14:18                HydraCam_API33_x86_64.avd
-a----        08/06/2026     12:59             87 HydraCam_API33_x86_64.ini

FullName : D:\android-avd\HydraCam_API33_x86_64.ini


FullName : D:\android-avd\HydraCam_API33_x86_64.avd\bootcompleted.ini


FullName : D:\android-avd\HydraCam_API33_x86_64.avd\config.ini


FullName : D:\android-avd\HydraCam_API33_x86_64.avd\hardware-qemu.ini


FullName : D:\android-avd\HydraCam_API33_x86_64.avd\netsim.ini


FullName : D:\android-avd\HydraCam_API33_x86_64.avd




Name             Value
----             -----
ANDROID_SDK_ROOT C:\Users\jose\AppData\Local\Android\Sdk
ANDROID_HOME     C:\Users\jose\AppData\Local\Android\Sdk


[exit-code] 0

$ ssh -i /Users/jose/Downloads/codex_ssh_key -o IdentitiesOnly=yes -o BatchMode=yes jose@100.110.8.112 powershell -NoProfile -Command "New-Item -ItemType Directory -Force -Path 'D:\hydracam-evidence\win11-triple-platform-camera-master-slave\scripts' | Out-Null"
[exit-code] 0

$ ssh -i /Users/jose/Downloads/codex_ssh_key -o IdentitiesOnly=yes -o BatchMode=yes jose@100.110.8.112 powershell -NoProfile -ExecutionPolicy Bypass -File 'D:\hydracam-evidence\win11-triple-platform-camera-master-slave\scripts\windows_capture_probe.ps1' -OutDir 'D:\hydracam-evidence\win11-triple-platform-camera-master-slave\windows-real' -DeviceId windows -TargetId windows-native -Port 4762 -MockCamera false -UseBackendSession true

$ git diff --check -- lib/services/gallery_persistence_service.dart
[exit-code] 0

$ ssh -i /Users/jose/Downloads/codex_ssh_key -o IdentitiesOnly=yes jose@100.110.8.112 powershell -NoProfile -Command "wsl -l -v; wsl -d Ubuntu-22.04 -- bash -lc 'set -o pipefail; echo ===uname===; uname -a; echo ===video===; ls -l /dev/video* 2>&1 || true; echo ===v4l2===; command -v v4l2-ctl || true; v4l2-ctl --list-devices 2>&1 || true; echo ===display===; env | grep -E \"^(DISPLAY|WAYLAND_DISPLAY|PULSE_SERVER|WSL|XDG_RUNTIME_DIR)=\" || true; echo ===wslg===; ls -la /mnt/wslg 2>&1 || true; echo ===flutter===; command -v flutter || true; flutter --version 2>&1 | head -20 || true'"

[stderr]
"WAYLAND_DISPLAY" no se reconoce como un comando interno o externo,
programa o archivo por lotes ejecutable.
[exit-code] 255
