# HydraCam evidence run command log

$ flutter devices --device-timeout 10
Found 10 connected devices:
  SM G960F (mobile)            • 29d816ac550b7ece                         • android-arm64  • Android 10 (API 29)
  2201116PG (mobile)           • 575ecf2cbd24                             • android-arm64  • Android 13 (API 33)
  SM G935F (mobile)            • 9885e6503930304946                       • android-arm64  • Android 8.0.0 (API 26)
  SM G970F (mobile)            • RF8M21J8XRT                              • android-arm64  • Android 12 (API 31)
  SM G970F (mobile)            • RF8M90QE7LX                              • android-arm64  • Android 12 (API 31)
  iPad (5) (mobile)            • 8b406aa5c597eab4c4dfd9908f4a09b10a89ec63 • ios            • iOS 17.7.11 21H461
  José Ramón’s iPhone (mobile) • 00008101-000A68811E43001E                • ios            • iOS 26.5 23F77
  iPhone 16 Plus (mobile)      • 5CF4A12E-A8B5-4285-AE86-407B9067CB5F     • ios            • com.apple.CoreSimulator.SimRuntime.iOS-18-4 (simulator)
  macOS (desktop)              • macos                                    • darwin-arm64   • macOS 26.4.1 25E253 darwin-arm64
  Chrome (web)                 • chrome                                   • web-javascript • Google Chrome 148.0.7778.216

Run "flutter emulators" to list and start any available device emulators.

If you expected another device to be detected, please run "flutter doctor" to diagnose potential issues. Visit https://flutter.dev/setup/ for troubleshooting tips.
[exit-code] 0

$ xcrun devicectl list devices
Name                  Hostname                              Identifier                             State       Model
-------------------   -----------------------------------   ------------------------------------   ---------   ---------------------------------------------
José Ramón’s iPhone   Jose-Ramons-iPhone.coredevice.local   AB1E2F45-61B1-5FBD-972A-940EA7EC8B0A   connected   iPhone 12 Pro (iPhone13,3)
iPad (5)              iPad-5.coredevice.local               0A947DBD-A462-5BAA-AB84-17F143D41619   connected   iPad (6th generation) (Model A1893) (iPad7,5)
[exit-code] 0

$ xcrun devicectl device info apps --device AB1E2F45-61B1-5FBD-972A-940EA7EC8B0A --bundle-id com.keepeyeonball --json-output logs/verification-runs/20260609-0557-ios-iphone-ipad-not-working/device-logs/iphone-app-com-keepeyeonball.json --timeout 20
05:58:27  Acquired tunnel connection to device.
05:58:27  Enabling developer disk image services.
05:58:27  Acquired usage assertion.
Apps installed:
Name       Bundle Identifier   Version   Bundle Version
--------   -----------------   -------   --------------
HydraCam   com.keepeyeonball   1.4.0     16
[exit-code] 0

$ xcrun devicectl device info apps --device 0A947DBD-A462-5BAA-AB84-17F143D41619 --bundle-id com.keepeyeonball --json-output logs/verification-runs/20260609-0557-ios-iphone-ipad-not-working/device-logs/ipad-app-com-keepeyeonball.json --timeout 20
05:58:27  Acquired tunnel connection to device.
05:58:27  Enabling developer disk image services.
05:58:27  Acquired usage assertion.

[stderr]
ERROR: The operation couldn’t be completed. (CoreDevice.ActionError error 3.)
       NSDebugDescription = This operation could not be performed due to an error in StreamingAction: This operation could not be performed due to an error in StreamingAction: Couldn't get the message from the device.
[exit-code] 1

$ xcrun devicectl device info apps --device 0A947DBD-A462-5BAA-AB84-17F143D41619 --bundle-id com.vectorblanco.hydracam.dev --json-output logs/verification-runs/20260609-0557-ios-iphone-ipad-not-working/device-logs/ipad-app-com-vectorblanco-hydracam-dev.json --timeout 20
