# HydraCam evidence run command log

$ python3 scripts/test_run_rotating_master_slave_matrix.py
{
  "captureTargetCount": 1,
  "repeatRoleSwitchCycles": 1,
  "roleSwitchOnly": true,
  "rotationCount": 1,
  "rotations": [
    {
      "clientCount": 0,
      "clientDeviceIds": [],
      "knownBlocker": null,
      "master": {
        "bridgeUrl": "http://127.0.0.1:4762",
        "captureEnabled": true,
        "deviceId": "macos",
        "expectedResult": "capture",
        "knownBlocker": null,
        "label": "macOS",
        "lens": "autoBack",
        "platform": "macos",
        "profile": "standard1080p30",
        "runtime": "macOS"
      },
      "masterDeviceId": "macos"
    }
  ],
  "runtimeRoleSwitch": true,
  "sharedBarrierPerRotation": true,
  "status": "dry_run",
  "targetCount": 1,
  "targets": [
    {
      "bridgeUrl": "http://127.0.0.1:4762",
      "captureEnabled": true,
      "deviceId": "macos",
      "expectedResult": "capture",
      "knownBlocker": null,
      "label": "macOS",
      "lens": "autoBack",
      "platform": "macos",
      "profile": "standard1080p30",
      "runtime": "macOS"
    }
  ]
}
{
  "captureTargetCount": 1,
  "repeatRoleSwitchCycles": 1,
  "roleSwitchOnly": true,
  "rotationCount": 1,
  "rotations": [
    {
      "clientCount": 0,
      "clientDeviceIds": [],
      "knownBlocker": null,
      "master": {
        "bridgeUrl": "http://127.0.0.1:4762",
        "captureEnabled": true,
        "deviceId": "macos",
        "expectedResult": "capture",
        "knownBlocker": null,
        "label": "macos",
        "lens": "autoBack",
        "platform": "macos",
        "profile": "standard1080p30",
        "runtime": "macos"
      },
      "masterDeviceId": "macos"
    }
  ],
  "runtimeRoleSwitch": true,
  "sharedBarrierPerRotation": true,
  "status": "dry_run",
  "targetCount": 1,
  "targets": [
    {
      "bridgeUrl": "http://127.0.0.1:4762",
      "captureEnabled": true,
      "deviceId": "macos",
      "expectedResult": "capture",
      "knownBlocker": null,
      "label": "macos",
      "lens": "autoBack",
      "platform": "macos",
      "profile": "standard1080p30",
      "runtime": "macos"
    }
  ]
}
=== Rotation master iphone ===
/var/folders/6s/dp27g8gn26j9mp36sjfxb9tw0000gn/T/hydracam_ios_profile_install_v9bhx863/run
warning: timed out granting android.permission.CAMERA on android-a; continuing
=== Rotation master android-a ===
/var/folders/6s/dp27g8gn26j9mp36sjfxb9tw0000gn/T/hydracam_skew_limit_j2_ce214/run
=== Rotation master android-a ===
=== Rotation master ipad ===
/var/folders/6s/dp27g8gn26j9mp36sjfxb9tw0000gn/T/hydracam_prime_then_zgqnqt45/run
/var/folders/6s/dp27g8gn26j9mp36sjfxb9tw0000gn/T/hydracam_prime_then_fail_wf6p1hg1/run
{
  "captureTargetCount": 1,
  "repeatRoleSwitchCycles": 1,
  "roleSwitchOnly": true,
  "rotationCount": 1,
  "rotations": [
    {
      "clientCount": 0,
      "clientDeviceIds": [],
      "knownBlocker": null,
      "master": {
        "bridgeUrl": "http://127.0.0.1:6400",
        "captureEnabled": true,
        "deviceId": "android-a",
        "expectedResult": "capture",
        "knownBlocker": null,
        "label": "Android A",
        "lens": "autoBack",
        "platform": "android",
        "profile": "standard1080p30",
        "runtime": "Android 12"
      },
      "masterDeviceId": "android-a"
    }
  ],
  "runtimeRoleSwitch": true,
  "sharedBarrierPerRotation": true,
  "status": "dry_run",
  "targetCount": 1,
  "targets": [
    {
      "bridgeUrl": "http://127.0.0.1:6400",
      "captureEnabled": true,
      "deviceId": "android-a",
      "expectedResult": "capture",
      "knownBlocker": null,
      "label": "Android A",
      "lens": "autoBack",
      "platform": "android",
      "profile": "standard1080p30",
      "runtime": "Android 12"
    }
  ]
}
=== Cycle 1/3 ===
=== Rotation master android-a ===
=== Rotation master macos ===
=== Cycle 2/3 ===
=== Rotation master android-a ===
=== Rotation master macos ===
=== Cycle 3/3 ===
=== Rotation master android-a ===
=== Rotation master macos ===
/var/folders/6s/dp27g8gn26j9mp36sjfxb9tw0000gn/T/hydracam_repeat_role_8md1xc3y/run
=== Rotation master android-a ===
/var/folders/6s/dp27g8gn26j9mp36sjfxb9tw0000gn/T/hydracam_fast_role_verify_7xrxz2ew/run
=== Rotation master android-a ===
/var/folders/6s/dp27g8gn26j9mp36sjfxb9tw0000gn/T/hydracam_fast_standby_b9hq49m3/run
=== Rotation master android-a ===
/var/folders/6s/dp27g8gn26j9mp36sjfxb9tw0000gn/T/hydracam_warm_run__bkwoy91/run
/var/folders/6s/dp27g8gn26j9mp36sjfxb9tw0000gn/T/hydracam_warm_prime_kv1z5ma9/run
/var/folders/6s/dp27g8gn26j9mp36sjfxb9tw0000gn/T/hydracam_warm_prime_error_2harf7ty/run
=== Rotation master android-a ===
/var/folders/6s/dp27g8gn26j9mp36sjfxb9tw0000gn/T/hydracam_staged_skip_wait_iq3zc1ub/run
warning: timed out force-stopping com.amaia23.hydracam on android-a; continuing
=== Rotation master macos ===
/var/folders/6s/dp27g8gn26j9mp36sjfxb9tw0000gn/T/hydracam_latest_cache_update_b_6lzex5/run
/var/folders/6s/dp27g8gn26j9mp36sjfxb9tw0000gn/T/hydracam_warm_prime_install_oioyhmfa/run

[stderr]
...................................................................................................
----------------------------------------------------------------------
Ran 99 tests in 0.669s

OK
[exit-code] 0

$ python3 -m py_compile scripts/run_rotating_master_slave_matrix.py scripts/test_run_rotating_master_slave_matrix.py
[exit-code] 0
