# HydraCam evidence run command log

$ flutter devices --device-timeout 10
Found 7 connected devices:
  SM G960F (mobile)       • 29d816ac550b7ece                         • android-arm64  • Android 10 (API 29)
  SM G935F (mobile)       • 9885e6503930304946                       • android-arm64  • Android 8.0.0 (API 26)
  SM G970F (mobile)       • RF8M90QE7LX                              • android-arm64  • Android 12 (API 31)
  iPad (5) (mobile)       • 8b406aa5c597eab4c4dfd9908f4a09b10a89ec63 • ios            • iOS 17.7.11 21H461
  iPhone 16 Plus (mobile) • 5CF4A12E-A8B5-4285-AE86-407B9067CB5F     • ios            • com.apple.CoreSimulator.SimRuntime.iOS-18-4 (simulator)
  macOS (desktop)         • macos                                    • darwin-arm64   • macOS 26.4.1 25E253 darwin-arm64
  Chrome (web)            • chrome                                   • web-javascript • Google Chrome 148.0.7778.216

Error: Browsing on the local area network for José Ramón’s iPhone. Ensure the device is unlocked and attached with a cable or associated with the same local area network as this Mac.
The device must be opted into Developer Mode to connect wirelessly. (code -27)

Run "flutter emulators" to list and start any available device emulators.

If you expected another device to be detected, please run "flutter doctor" to diagnose potential issues. Visit https://flutter.dev/setup/ for troubleshooting tips.
[exit-code] 0

$ xcrun devicectl list devices
Name                  Hostname                              Identifier                             State         Model
-------------------   -----------------------------------   ------------------------------------   -----------   ---------------------------------------------
José Ramón’s iPhone   Jose-Ramons-iPhone.coredevice.local   AB1E2F45-61B1-5FBD-972A-940EA7EC8B0A   unavailable   iPhone 12 Pro (iPhone13,3)
iPad (5)              iPad-5.coredevice.local               0A947DBD-A462-5BAA-AB84-17F143D41619   connected     iPad (6th generation) (Model A1893) (iPad7,5)
[exit-code] 0

$ flutter build apk --debug --dart-define=HYDRACAM_AUTOMATION=true --dart-define=HYDRACAM_AUTOMATION_ROLE=setup --dart-define=HYDRACAM_AUTOMATION_TARGET_ID=s7-retake --dart-define=HYDRACAM_AUTOMATION_PORT=4776
Resolving dependencies...
Downloading packages...
  archive 4.0.7 (4.0.9 available)
  async 2.12.0 (2.13.1 available)
  camera 0.11.4 (0.12.0+1 available)
  camera_android_camerax 0.6.30 (0.7.2+1 available)
  camera_avfoundation 0.9.23+2 (0.10.1 available)
  camera_platform_interface 2.12.0 (2.13.0 available)
  camera_web 0.3.5 (0.3.5+3 available)
  checked_yaml 2.0.3 (2.0.4 available)
  cli_util 0.4.2 (0.5.1 available)
  connectivity_plus 7.0.0 (7.1.1 available)
  connectivity_plus_platform_interface 2.0.1 (2.1.0 available)
  cross_file 0.3.5 (0.3.5+2 available)
  cupertino_icons 1.0.8 (1.0.9 available)
  dbus 0.7.11 (0.7.14 available)
  device_info_plus 12.2.0 (13.1.0 available)
  device_info_plus_platform_interface 7.0.3 (8.1.0 available)
  ffi 2.1.4 (2.2.0 available)
  flutter_appauth 11.0.0 (12.0.1 available)
  flutter_appauth_platform_interface 11.0.0 (12.0.1 available)
  flutter_lints 5.0.0 (6.0.0 available)
  flutter_plugin_android_lifecycle 2.0.31 (2.0.35 available)
  geolocator_linux 0.2.3 (0.2.5 available)
  geolocator_platform_interface 4.2.6 (4.2.7 available)
  image 4.5.4 (4.9.1 available)
  json_annotation 4.9.0 (4.12.0 available)
  lints 5.1.1 (6.1.0 available)
  matcher 0.12.19 (0.12.20 available)
  meta 1.18.0 (1.18.3 available)
  mocktail 1.0.4 (1.0.5 available)
  network_info_plus 7.0.0 (8.1.0 available)
  network_info_plus_platform_interface 2.0.2 (3.1.0 available)
  package_info_plus 8.3.1 (10.1.0 available)
  package_info_plus_platform_interface 3.2.1 (4.1.0 available)
  path_provider_android 2.2.19 (2.3.1 available)
  path_provider_foundation 2.4.2 (2.6.0 available)
  permission_handler 12.0.1 (12.0.3 available)
  permission_handler_apple 9.4.7 (9.4.9 available)
  petitparser 6.1.0 (7.0.2 available)
  photo_manager 3.7.1 (3.9.0 available)
  posix 6.0.3 (6.5.0 available)
  process 5.0.3 (5.0.5 available)
  shared_preferences 2.5.3 (2.5.5 available)
  shared_preferences_android 2.4.13 (2.4.25 available)
  shared_preferences_foundation 2.5.4 (2.5.6 available)
  shared_preferences_platform_interface 2.4.1 (2.4.2 available)
  source_span 1.10.1 (1.10.2 available)
  test_api 0.7.11 (0.7.12 available)
  uuid 4.5.2 (4.5.3 available)
  vector_math 2.2.0 (2.4.0 available)
  video_player 2.10.1 (2.11.1 available)
  video_player_android 2.8.15 (2.9.6 available)
  video_player_avfoundation 2.8.4 (2.9.7 available)
  video_player_platform_interface 6.6.0 (6.7.0 available)
  vm_service 14.3.1 (15.2.0 available)
  wakelock_plus 1.3.3 (1.6.1 available)
  wakelock_plus_platform_interface 1.3.0 (1.5.1 available)
  webdriver 3.0.4 (3.1.0 available)
  win32 5.13.0 (6.3.0 available)
  win32_registry 2.1.0 (3.0.3 available)
  xml 6.5.0 (7.0.1 available)
Got dependencies!
60 packages have newer versions incompatible with dependency constraints.
Try `flutter pub outdated` for more information.
Running Gradle task 'assembleDebug'...
Running Gradle task 'assembleDebug'...                             24.1s
✓ Built build/app/outputs/flutter-apk/app-debug.apk

[stderr]
The following plugins do not support Swift Package Manager for ios:
  - photo_manager
  - permission_handler_apple
  - disk_space_plus
This will become an error in a future version of Flutter. Please contact the plugin maintainers to request Swift Package Manager adoption.
The following plugins do not support Swift Package Manager for macos:
  - photo_manager
This will become an error in a future version of Flutter. Please contact the plugin maintainers to request Swift Package Manager adoption.
Warning: Flutter support for your project's Gradle version (8.10.2) will soon be dropped. Please upgrade your Gradle version to a version of at least 8.14.0 soon.
Alternatively, use the flag "--android-skip-build-dependency-validation" to bypass this check.

Potential fix: Your project's gradle version is typically defined in the gradle wrapper file. By default, this can be found at /Users/jose/src/work/hydracamv2/android/gradle/wrapper/gradle-wrapper.properties.
For more information, see https://docs.gradle.org/current/userguide/gradle_wrapper.html.

Warning: Flutter support for your project's Android Gradle Plugin version (Android Gradle Plugin version 8.7.3) will soon be dropped. Please upgrade your Android Gradle Plugin version to a version of at least Android Gradle Plugin version 8.11.1 soon.
Alternatively, use the flag "--android-skip-build-dependency-validation" to bypass this check.

Potential fix: Your project's AGP version is typically defined in the plugins block of the `settings.gradle` file (/Users/jose/src/work/hydracamv2/android/settings.gradle), by a plugin with the id of com.android.application.
If you don't see a plugins block, your project was likely created with an older template version. In this case it is most likely defined in the top-level build.gradle file (/Users/jose/src/work/hydracamv2/android/build.gradle) by the following line in the dependencies block of the buildscript: "classpath 'com.android.tools.build:gradle:<version>'".

Warning: Flutter support for your project's Kotlin version (2.1.0) will soon be dropped. Please upgrade your Kotlin version to a version of at least 2.2.20 soon.
Alternatively, use the flag "--android-skip-build-dependency-validation" to bypass this check.

Potential fix: Your project's KGP version is typically defined in the plugins block of the `settings.gradle` file (/Users/jose/src/work/hydracamv2/android/settings.gradle), by a plugin with the id of org.jetbrains.kotlin.android.
If you don't see a plugins block, your project was likely created with an older template version, in which case it is most likely defined in the top-level build.gradle file (/Users/jose/src/work/hydracamv2/android/build.gradle) by the ext.kotlin_version property.

WARNING: Your Android app project: app located at: /Users/jose/src/work/hydracamv2/android/app/build.gradle
applies the Kotlin Gradle Plugin, which will cause build failures in future versions of Flutter.
Please migrate your app to Built-in Kotlin using this guide: https://docs.flutter.dev/release/breaking-changes/migrate-to-built-in-kotlin/for-app-developers

WARNING: Your app uses the following plugins that apply Kotlin Gradle Plugin (KGP): battery_plus, camera_android_camerax, device_info_plus, disk_space_plus, network_info_plus, package_info_plus, photo_manager, sensors_plus, shared_preferences_android, wakelock_plus
Future versions of Flutter will fail to build if your app uses plugins that apply KGP.

Please check the changelogs of these plugins and upgrade to a version that supports Built-in Kotlin.
If no such version exists, report the issue to the plugin. If necessary, here is a guide on filing
an issue against a plugin: https://docs.flutter.dev/release/breaking-changes/migrate-to-built-in-kotlin/for-app-developers#report-incompatible-kotlin-gradle-plugin-usage-to-plugin-authors

If you are a plugin author, please migrate your plugin to Built-in Kotlin using this guide: https://docs.flutter.dev/release/breaking-changes/migrate-to-built-in-kotlin/for-plugin-authors
[exit-code] 0

$ adb -s 9885e6503930304946 install -r build/app/outputs/flutter-apk/app-debug.apk
Performing Streamed Install
Success
[exit-code] 0

$ adb -s 9885e6503930304946 shell pm grant com.amaia23.hydracam android.permission.CAMERA
[exit-code] 0

$ adb -s 9885e6503930304946 shell pm grant com.amaia23.hydracam android.permission.RECORD_AUDIO
[exit-code] 0

$ adb -s 9885e6503930304946 shell am start -n com.amaia23.hydracam/com.amaia23.hydracam.MainActivity
Starting: Intent { cmp=com.amaia23.hydracam/.MainActivity }
[exit-code] 0

$ adb -s 9885e6503930304946 logcat -d -t 500
--------- beginning of main
06-08 15:20:34.903  4719 21206 D ExynosCamera3: [CAM_ID(0)][]-DEBUG(m_captureThreadFunc[4735]):Wait to start reprocessing stream
06-08 15:20:34.940  4719 21206 I chatty  : uid=1047(cameraserver) ExynosCameraQue identical 7 lines
06-08 15:20:34.945  4719 21206 D ExynosCamera3: [CAM_ID(0)][]-DEBUG(m_captureThreadFunc[4735]):Wait to start reprocessing stream
06-08 15:20:34.948  4857  4884 E memtrack: Couldn't load memtrack module
06-08 15:20:34.949  4857  4884 W android.os.Debug: failed to get memory consumption info: -1
06-08 15:20:34.950  4719 21206 D ExynosCamera3: [CAM_ID(0)][]-DEBUG(m_captureThreadFunc[4735]):Wait to start reprocessing stream
06-08 15:20:34.983  4719 21206 I chatty  : uid=1047(cameraserver) ExynosCameraQue identical 6 lines
06-08 15:20:34.988  4719 21206 D ExynosCamera3: [CAM_ID(0)][]-DEBUG(m_captureThreadFunc[4735]):Wait to start reprocessing stream
06-08 15:20:34.989  4719 21207 W ExynosCamera3: [CAM_ID(0)][]-WARN(m_captureStreamThreadFunc):wait timeout
06-08 15:20:34.993  4719 21206 D ExynosCamera3: [CAM_ID(0)][]-DEBUG(m_captureThreadFunc[4735]):Wait to start reprocessing stream
06-08 15:20:34.996  4857  4884 E memtrack: Couldn't load memtrack module
06-08 15:20:34.996  4857  4884 W android.os.Debug: failed to get memory consumption info: -1
06-08 15:20:34.999  4719 21206 D ExynosCamera3: [CAM_ID(0)][]-DEBUG(m_captureThreadFunc[4735]):Wait to start reprocessing stream
06-08 15:20:35.004  4719 21206 I chatty  : uid=1047(cameraserver) ExynosCameraQue identical 1 line
06-08 15:20:35.009  4719 21206 D ExynosCamera3: [CAM_ID(0)][]-DEBUG(m_captureThreadFunc[4735]):Wait to start reprocessing stream
06-08 15:20:35.011 12709 12709 E adbd    : recv: OPEN 00004ed7 00000000 0014:65 78 65 63 3A 73 63 72 65 65 6E 63 61 70 20 27 2D 70 27 00
06-08 15:20:35.012 12709 12709 E adbd    : service_to_fd: exec:screencap '-p'
--------- beginning of system
06-08 15:20:35.014  4857  7905 D SSRM:t  : SIOP:: AP = 420, PST = 453 (W:6), BAT = 313, CHG = 405, CP = 335
06-08 15:20:35.015  4719 21206 D ExynosCamera3: [CAM_ID(0)][]-DEBUG(m_captureThreadFunc[4735]):Wait to start reprocessing stream
06-08 15:20:35.020  4719 21206 I chatty  : uid=1047(cameraserver) ExynosCameraQue identical 1 line
06-08 15:20:35.026  4719 21206 D ExynosCamera3: [CAM_ID(0)][]-DEBUG(m_captureThreadFunc[4735]):Wait to start reprocessing stream
06-08 15:20:35.026  4857  4884 E memtrack: Couldn't load memtrack module
06-08 15:20:35.026  4857  4884 W android.os.Debug: failed to get memory consumption info: -1
06-08 15:20:35.031  4719 21206 D ExynosCamera3: [CAM_ID(0)][]-DEBUG(m_captureThreadFunc[4735]):Wait to start reprocessing stream
06-08 15:20:35.042  4719 21206 I chatty  : uid=1047(cameraserver) ExynosCameraQue identical 2 lines
06-08 15:20:35.047  4719 21206 D ExynosCamera3: [CAM_ID(0)][]-DEBUG(m_captureThreadFunc[4735]):Wait to start reprocessing stream
06-08 15:20:35.051  4857  4884 E memtrack: Couldn't load memtrack module
06-08 15:20:35.051  4857  4884 W android.os.Debug: failed to get memory consumption info: -1
06-08 15:20:35.052  4719 21206 D ExynosCamera3: [CAM_ID(0)][]-DEBUG(m_captureThreadFunc[4735]):Wait to start reprocessing stream
06-08 15:20:35.234  4719 21206 I chatty  : uid=1047(cameraserver) ExynosCameraQue identical 34 lines
06-08 15:20:35.239  4719 21206 D ExynosCamera3: [CAM_ID(0)][]-DEBUG(m_captureThreadFunc[4735]):Wait to start reprocessing stream
06-08 15:20:35.241  4857  4876 I EDMNativeHelperService: isScreenCaptureEnabled
06-08 15:20:35.245  4719 21206 D ExynosCamera3: [CAM_ID(0)][]-DEBUG(m_captureThreadFunc[4735]):Wait to start reprocessing stream
06-08 15:20:35.266  4719 21206 I chatty  : uid=1047(cameraserver) ExynosCameraQue identical 4 lines
06-08 15:20:35.266  4857  4876 D RestrictionPolicy: isScreenCaptureEnabled : ret=true userId=0
06-08 15:20:35.272  4719 21206 D ExynosCamera3: [CAM_ID(0)][]-DEBUG(m_captureThreadFunc[4735]):Wait to start reprocessing stream
06-08 15:20:35.272  3210  3210 V Surface : sf_framedrop debug : 0x4f4c, game : false, logging : 0
06-08 15:20:35.277  4719 21206 D ExynosCamera3: [CAM_ID(0)][]-DEBUG(m_captureThreadFunc[4735]):Wait to start reprocessing stream
06-08 15:20:35.650  4719 21206 I chatty  : uid=1047(cameraserver) ExynosCameraQue identical 71 lines
06-08 15:20:35.655  4719 21206 D ExynosCamera3: [CAM_ID(0)][]-DEBUG(m_captureThreadFunc[4735]):Wait to start reprocessing stream
06-08 15:20:35.656  4719 11410 E CameraService: CameraService::connect (PID -1) rejected (too many other clients connecting).
06-08 15:20:35.659 17159 17214 D Camera2CameraImpl: {Camera@c711d06[id=0]} Camera receive onErrorCallback
06-08 15:20:35.660  4719 21206 D ExynosCamera3: [CAM_ID(0)][]-DEBUG(m_captureThreadFunc[4735]):Wait to start reprocessing stream
06-08 15:20:35.661 17159 17214 D Camera2CameraImpl: CameraDevice.onError(): 0 failed with ERROR_MAX_CAMERAS_IN_USE while in OPENING state. Will attempt recovering from error.
06-08 15:20:35.662 17159 17214 D Camera2CameraImpl: Attempt to reopen camera[0] after error[ERROR_MAX_CAMERAS_IN_USE]
06-08 15:20:35.663 17159 17214 D Camera2CameraImpl: {Camera@c711d06[id=0]} Transitioning camera internal state: OPENING --> REOPENING
06-08 15:20:35.664 17159 17214 D CameraStateMachine: New public camera state CameraState{type=OPENING, error=StateError{code=1, cause=null}} from OPENING and StateError{code=1, cause=null}
06-08 15:20:35.664 17159 17214 D CameraStateMachine: Publishing new public camera state CameraState{type=OPENING, error=StateError{code=1, cause=null}}
06-08 15:20:35.665  4719 21206 D ExynosCamera3: [CAM_ID(0)][]-DEBUG(m_captureThreadFunc[4735]):Wait to start reprocessing stream
06-08 15:20:35.666 17159 17214 D Camera2CameraImpl: {Camera@c711d06[id=0]} Resetting Capture Session
06-08 15:20:35.668 17159 17214 D Camera2CameraImpl: {Camera@c711d06[id=0]} Skipping Capture Session state check due to current camera state: REOPENING and previous session status: false
06-08 15:20:35.670  4719 21206 D ExynosCamera3: [CAM_ID(0)][]-DEBUG(m_captureThreadFunc[4735]):Wait to start reprocessing stream
06-08 15:20:35.671 17159 17214 D Camera2CameraImpl: {Camera@c711d06[id=0]} Releasing session in state REOPENING
06-08 15:20:35.673 17159 17214 D Camera2CameraImpl: {Camera@c711d06[id=0]} Camera reopen required. Checking if the current camera can be closed safely.
06-08 15:20:35.674 17159 17214 D Camera2CameraImpl: {Camera@c711d06[id=0]} closing camera
06-08 15:20:35.676  4719 21206 D ExynosCamera3: [CAM_ID(0)][]-DEBUG(m_captureThreadFunc[4735]):Wait to start reprocessing stream
06-08 15:20:35.677 17159 17214 D Camera2CameraImpl: {Camera@c711d06[id=0]} CameraDevice.onClosed()
06-08 15:20:35.678 17159 17214 D Camera2CameraImpl: {Camera@c711d06[id=0]} Camera closed due to error: ERROR_MAX_CAMERAS_IN_USE
06-08 15:20:35.681  4719 21206 D ExynosCamera3: [CAM_ID(0)][]-DEBUG(m_captureThreadFunc[4735]):Wait to start reprocessing stream
06-08 15:20:35.681 17159 17214 D Camera2CameraImpl: {Camera@c711d06[id=0]} Attempting camera re-open in 1000ms: androidx.camera.camera2.internal.Camera2CameraImpl$StateCallback$ScheduledReopen@4809c7e activeResuming = true
06-08 15:20:35.686  4719 21206 D ExynosCamera3: [CAM_ID(0)][]-DEBUG(m_captureThreadFunc[4735]):Wait to start reprocessing stream
06-08 15:20:35.696  4719 21206 I chatty  : uid=1047(cameraserver) ExynosCameraQue identical 2 lines
06-08 15:20:35.702  4719 21206 D ExynosCamera3: [CAM_ID(0)][]-DEBUG(m_captureThreadFunc[4735]):Wait to start reprocessing stream
06-08 15:20:35.703 17234 17234 D skia    : Encode PNG Singlethread processname=screencap :     382399 us, width=1920, height=1080
06-08 15:20:35.707  4719 21206 D ExynosCamera3: [CAM_ID(0)][]-DEBUG(m_captureThreadFunc[4735]):Wait to start reprocessing stream
06-08 15:20:35.864  4719 21206 I chatty  : uid=1047(cameraserver) ExynosCameraQue identical 30 lines
06-08 15:20:35.869  4857  4876 D BatteryService: !@BatteryListener : batteryPropertiesChanged!
06-08 15:20:35.869  4719 21206 D ExynosCamera3: [CAM_ID(0)][]-DEBUG(m_captureThreadFunc[4735]):Wait to start reprocessing stream
06-08 15:20:35.870  4857  4876 D BatteryService: level:100, scale:100, status:5, health:2, present:true, voltage: 4163, temperature: 314, technology: Li-ion, AC powered:false, USB powered:true, POGO powered:false, Wireless powered:false, icon:17303851, invalid charger:0, maxChargingCurrent:0, maxChargingVoltage:0, chargeCounter:0
06-08 15:20:35.870  4857  4876 D BatteryService: online:6, current avg:-154, charge type:2, power sharing:false, high voltage charger:false, capacity:280000, batterySWSelfDischarging:false, misc_event:65536, current_event:0, current_now:-36
06-08 15:20:35.870  4857  4857 D BatteryService: Sending ACTION_BATTERY_CHANGED.
06-08 15:20:35.872  4857  4857 I MotionRecognitionService: Plugged
06-08 15:20:35.872  4857  4857 D MotionRecognitionService:   mCableConnection= 1
06-08 15:20:35.872  4857  4857 D MotionRecognitionService: setPowerConnected : mGripEnabled = false
06-08 15:20:35.872  4857  4857 D SamsungPhoneWindowManager: ACTION_BATTERY_CHANGED - Level :: 100, battStatus :: 5
06-08 15:20:35.873  4857  4912 D UsbDeviceManager: handleMessage -> MSG_UPDATE_CHARGING_STATE = 1
06-08 15:20:35.875  4719 21206 D ExynosCamera3: [CAM_ID(0)][]-DEBUG(m_captureThreadFunc[4735]):Wait to start reprocessing stream
06-08 15:20:35.879  5429  5429 D KeyguardUpdateMonitor: received broadcast android.intent.action.BATTERY_CHANGED
06-08 15:20:35.880  5429  5429 D BatteryController: onReceive-ACTION_BATTERY_CHANGED : mLevel=100, mBatteryStatus=5
06-08 15:20:35.881  4719 21206 D ExynosCamera3: [CAM_ID(0)][]-DEBUG(m_captureThreadFunc[4735]):Wait to start reprocessing stream
06-08 15:20:35.884  5429  5429 D PowerUI : priorPlugType = 2 mPlugType =  2
06-08 15:20:35.886  4719 21206 D ExynosCamera3: [CAM_ID(0)][]-DEBUG(m_captureThreadFunc[4735]):Wait to start reprocessing stream
06-08 15:20:36.683  4719 21206 I chatty  : uid=1047(cameraserver) ExynosCameraQue identical 151 lines
06-08 15:20:36.688  4719 21206 D ExynosCamera3: [CAM_ID(0)][]-DEBUG(m_captureThreadFunc[4735]):Wait to start reprocessing stream
06-08 15:20:36.692 17159 17211 D Camera2CameraImpl: {Camera@c711d06[id=0]} Attempting to force open the camera.
06-08 15:20:36.694  4719 21206 D ExynosCamera3: [CAM_ID(0)][]-DEBUG(m_captureThreadFunc[4735]):Wait to start reprocessing stream
06-08 15:20:36.696 17159 17211 D CameraStateRegistry: tryOpenCamera(Camera@c711d06[id=0]) [Available Cameras: 0, Already Open: true (Previous state: OPENING)] --> SUCCESS
06-08 15:20:36.699  4719 21206 D ExynosCamera3: [CAM_ID(0)][]-DEBUG(m_captureThreadFunc[4735]):Wait to start reprocessing stream
06-08 15:20:36.703 17159 17211 D CameraStateRegistry: Recalculating open cameras:
06-08 15:20:36.703 17159 17211 D CameraStateRegistry: Camera                                       State
06-08 15:20:36.703 17159 17211 D CameraStateRegistry: -------------------------------------------------------------------
06-08 15:20:36.703 17159 17211 D CameraStateRegistry: Camera@c711d06[id=0]                         OPENING
06-08 15:20:36.703 17159 17211 D CameraStateRegistry: Camera@296160[id=1]                          UNKNOWN
06-08 15:20:36.703 17159 17211 D CameraStateRegistry: -------------------------------------------------------------------
06-08 15:20:36.703 17159 17211 D CameraStateRegistry: Open count: 1 (Max allowed: 1)
06-08 15:20:36.704  4719 21206 D ExynosCamera3: [CAM_ID(0)][]-DEBUG(m_captureThreadFunc[4735]):Wait to start reprocessing stream
06-08 15:20:36.707 17159 17211 D Camera2CameraImpl: {Camera@c711d06[id=0]} Cancelling scheduled re-open: androidx.camera.camera2.internal.Camera2CameraImpl$StateCallback$ScheduledReopen@4809c7e
06-08 15:20:36.710  4719 21206 D ExynosCamera3: [CAM_ID(0)][]-DEBUG(m_captureThreadFunc[4735]):Wait to start reprocessing stream
06-08 15:20:36.710 17159 17211 D Camera2CameraImpl: {Camera@c711d06[id=0]} Opening camera.
06-08 15:20:36.713 17159 17211 D Camera2CameraImpl: {Camera@c711d06[id=0]} Transitioning camera internal state: REOPENING --> OPENING
06-08 15:20:36.713 17159 17211 D CameraStateMachine: New public camera state CameraState{type=OPENING, error=null} from OPENING and null
06-08 15:20:36.714 17159 17211 D CameraStateMachine: Publishing new public camera state CameraState{type=OPENING, error=null}
06-08 15:20:36.715  4719 21206 D ExynosCamera3: [CAM_ID(0)][]-DEBUG(m_captureThreadFunc[4735]):Wait to start reprocessing stream
06-08 15:20:36.718 17159 17211 D UseCaseAttachState: All use case: [androidx.camera.core.ImageCapture-eff2bfd4-64b3-484a-86f1-f303bf11d34143587288, androidx.camera.core.Preview-6860416e-4641-421f-9a1b-e88d4ff8cd6a224505418, androidx.camera.core.ImageAnalysis-c22b99ce-7b66-4747-921b-413837a590c26932589] for camera: 0
06-08 15:20:36.719 17159 17211 I CameraManager: getCameraCharacteristics : cameraId = 0
06-08 15:20:36.720  4719 21206 D ExynosCamera3: [CAM_ID(0)][]-DEBUG(m_captureThreadFunc[4735]):Wait to start reprocessing stream
06-08 15:20:36.724  4719 11410 I CameraService: CameraService::connect call (PID -1 "com.amaia23.hydracam", camera ID 0) for HAL version default and Camera API version 2
06-08 15:20:36.725  4719 21206 D ExynosCamera3: [CAM_ID(0)][]-DEBUG(m_captureThreadFunc[4735]):Wait to start reprocessing stream
06-08 15:20:36.980  4719 21206 I chatty  : uid=1047(cameraserver) ExynosCameraQue identical 48 lines
06-08 15:20:36.985  4719 21206 D ExynosCamera3: [CAM_ID(0)][]-DEBUG(m_captureThreadFunc[4735]):Wait to start reprocessing stream
06-08 15:20:36.989  4719 21207 W ExynosCamera3: [CAM_ID(0)][]-WARN(m_captureStreamThreadFunc):wait timeout
06-08 15:20:36.991  4719 21206 D ExynosCamera3: [CAM_ID(0)][]-DEBUG(m_captureThreadFunc[4735]):Wait to start reprocessing stream
06-08 15:20:37.754  4719 21206 I chatty  : uid=1047(cameraserver) ExynosCameraQue identical 143 lines
06-08 15:20:37.760  4719 21206 D ExynosCamera3: [CAM_ID(0)][]-DEBUG(m_captureThreadFunc[4735]):Wait to start reprocessing stream
06-08 15:20:37.760 18540 18741 I qtaguid : Tagging socket -1 with tag 40700000000(1031) for uid -1 failed errno=-9
06-08 15:20:37.760 18540 18741 I NetworkManagementSocketTagger: tagSocketFd(-1, 1031, -1) failed with errno-9
06-08 15:20:37.765  4719 21206 D ExynosCamera3: [CAM_ID(0)][]-DEBUG(m_captureThreadFunc[4735]):Wait to start reprocessing stream
06-08 15:20:37.980  4719 21206 I chatty  : uid=1047(cameraserver) ExynosCameraQue identical 39 lines
06-08 15:20:37.985  4719 21206 D ExynosCamera3: [CAM_ID(0)][]-DEBUG(m_captureThreadFunc[4735]):Wait to start reprocessing stream
06-08 15:20:37.987 18540  9742 I AlarmManager: setExactAndAllowWhileIdle [name: GCM_HB_ALARM type: 2 triggerAtMillis: 3526213639]
06-08 15:20:37.991  4719 21206 D ExynosCamera3: [CAM_ID(0)][]-DEBUG(m_captureThreadFunc[4735]):Wait to start reprocessing stream
06-08 15:20:37.993  4857  5809 D SamsungAlarmManager: setExact Intent (T:2/F:5/AC:false) 20260608T152937 - CU:10020/CP:18540
06-08 15:20:37.993  4857  5809 I SamsungAlarmManager: setLocked to kernel - T:2 / 20260608T152937, SetElapsed=3526213639, nowELAPSED=3525673646
06-08 15:20:38.091  4719 21206 I chatty  : uid=1047(cameraserver) ExynosCameraQue identical 19 lines
06-08 15:20:38.096  4857  5809 D SamsungAlarmManager: Cancel Alarm calling from uid:10020 pid :18540 / op:PendingIntent{4536f35: PendingIntentRecord{e4fed98 com.google.android.gms broadcastIntent}}
06-08 15:20:38.097  4719 21206 D ExynosCamera3: [CAM_ID(0)][]-DEBUG(m_captureThreadFunc[4735]):Wait to start reprocessing stream
06-08 15:20:38.101  4857  5809 I SamsungAlarmManager: setLocked to kernel - T:2 / 20260608T153221, SetElapsed=3526377302, nowELAPSED=3525673754
06-08 15:20:38.101 18540 17239 I AlarmManager: setExactAndAllowWhileIdle [name: GCM_HB_ALARM type: 2 triggerAtMillis: 3526213754]
06-08 15:20:38.102  4719 21206 D ExynosCamera3: [CAM_ID(0)][]-DEBUG(m_captureThreadFunc[4735]):Wait to start reprocessing stream
06-08 15:20:38.108  4719 21206 I chatty  : uid=1047(cameraserver) ExynosCameraQue identical 1 line
06-08 15:20:38.112  4857  5809 D SamsungAlarmManager: setExact Intent (T:2/F:5/AC:false) 20260608T152938 - CU:10020/CP:18540
06-08 15:20:38.112  4857  5809 I SamsungAlarmManager: setLocked to kernel - T:2 / 20260608T152938, SetElapsed=3526213754, nowELAPSED=3525673765
06-08 15:20:38.113  4719 21206 D ExynosCamera3: [CAM_ID(0)][]-DEBUG(m_captureThreadFunc[4735]):Wait to start reprocessing stream
06-08 15:20:38.114 18540 17239 W WakeLock: GCM_CONN_ALARM counter does not exist
06-08 15:20:38.119  4719 21206 D ExynosCamera3: [CAM_ID(0)][]-DEBUG(m_captureThreadFunc[4735]):Wait to start reprocessing stream
06-08 15:20:38.124  4719 21206 D ExynosCamera3: [CAM_ID(0)][]-DEBUG(m_captureThreadFunc[4735]):Wait to start reprocessing stream
06-08 15:20:38.124  4857  5809 D SamsungAlarmManager: Cancel Alarm calling from uid:10020 pid :18540 / op:PendingIntent{b66afca: PendingIntentRecord{e4fed98 com.google.android.gms broadcastIntent}}
06-08 15:20:38.128  4857  5809 I SamsungAlarmManager: setLocked to kernel - T:2 / 20260608T153221, SetElapsed=3526377302, nowELAPSED=3525673781
06-08 15:20:38.128 18540 17239 I AlarmManager: setExactAndAllowWhileIdle [name: GCM_HB_ALARM type: 2 triggerAtMillis: 3526213781]
06-08 15:20:38.130  4719 21206 D ExynosCamera3: [CAM_ID(0)][]-DEBUG(m_captureThreadFunc[4735]):Wait to start reprocessing stream
06-08 15:20:38.139  4857  5809 D SamsungAlarmManager: setExact Intent (T:2/F:5/AC:false) 20260608T152938 - CU:10020/CP:18540
06-08 15:20:38.140  4857  5809 I SamsungAlarmManager: setLocked to kernel - T:2 / 20260608T152938, SetElapsed=3526213781, nowELAPSED=3525673793
06-08 15:20:38.146  4857  5809 D ConnectivityService: filterNetworkStateForUid() uid: 10020 networkInfo: [type: WIFI[] - WIFI, state: CONNECTED/CONNECTED, reason: (unspecified), extra: "FRITZ!Box 6591 Cable TZ", failover: false, available: true, roaming: false, metered: false]
06-08 15:20:38.151  4857  4876 D ConnectivityService: filterNetworkStateForUid() uid: 10020 networkInfo: [type: WIFI[] - WIFI, state: CONNECTED/CONNECTED, reason: (unspecified), extra: "FRITZ!Box 6591 Cable TZ", failover: false, available: true, roaming: false, metered: false]
06-08 15:20:38.153  4857  5809 D ConnectivityService: filterNetworkStateForUid() uid: 10020 networkInfo: [type: WIFI[] - WIFI, state: CONNECTED/CONNECTED, reason: (unspecified), extra: "FRITZ!Box 6591 Cable TZ", failover: false, available: true, roaming: false, metered: false]
06-08 15:20:38.154  4857  5809 D ConnectivityService: filterNetworkStateForUid() uid: 10020 networkInfo: [type: WIFI[] - WIFI, state: CONNECTED/CONNECTED, reason: (unspecified), extra: "FRITZ!Box 6591 Cable TZ", failover: false, available: true, roaming: false, metered: false]
06-08 15:20:38.166  4857  4876 D SamsungAlarmManager: Cancel Alarm calling from uid:10020 pid :18540 / op:PendingIntent{484953b: PendingIntentRecord{4662490 com.google.android.gms broadcastIntent}}
06-08 15:20:38.186  4857  5809 D SamsungAlarmManager: setInexact Intent (T:3/F:0/AC:false) 20260608T154219 - CU:10020/CP:18540
06-08 15:20:38.983  4719 21206 I chatty  : uid=1047(cameraserver) ExynosCameraQue identical 160 lines
06-08 15:20:38.988  4719 21206 D ExynosCamera3: [CAM_ID(0)][]-DEBUG(m_captureThreadFunc[4735]):Wait to start reprocessing stream
06-08 15:20:38.989  4719 21207 W ExynosCamera3: [CAM_ID(0)][]-WARN(m_captureStreamThreadFunc):wait timeout
06-08 15:20:38.993  4719 21206 D ExynosCamera3: [CAM_ID(0)][]-DEBUG(m_captureThreadFunc[4735]):Wait to start reprocessing stream
06-08 15:20:39.125  6142  6142 D io_stats: !@   8,0 r 4365039 221648424 w 1844801 41638388 d 129468 32144136 f 800918 800183 iot 4591650 3613151 th 208180 0 0 pt 0 inp 0 0 244750.885
06-08 15:20:39.719  4719 21206 I chatty  : uid=1047(cameraserver) ExynosCameraQue identical 134 lines
06-08 15:20:39.724  4719 21206 D ExynosCamera3: [CAM_ID(0)][]-DEBUG(m_captureThreadFunc[4735]):Wait to start reprocessing stream
06-08 15:20:39.725  4719 11410 E CameraService: CameraService::connect (PID -1) rejected (too many other clients connecting).
06-08 15:20:39.730  4719 21206 D ExynosCamera3: [CAM_ID(0)][]-DEBUG(m_captureThreadFunc[4735]):Wait to start reprocessing stream
06-08 15:20:39.733 17159 17214 D Camera2CameraImpl: {Camera@c711d06[id=0]} Camera receive onErrorCallback
06-08 15:20:39.735 17159 17214 D Camera2CameraImpl: CameraDevice.onError(): 0 failed with ERROR_MAX_CAMERAS_IN_USE while in OPENING state. Will attempt recovering from error.
06-08 15:20:39.735  4719 21206 D ExynosCamera3: [CAM_ID(0)][]-DEBUG(m_captureThreadFunc[4735]):Wait to start reprocessing stream
06-08 15:20:39.737 17159 17214 D Camera2CameraImpl: Attempt to reopen camera[0] after error[ERROR_MAX_CAMERAS_IN_USE]
06-08 15:20:39.741  4719 21206 D ExynosCamera3: [CAM_ID(0)][]-DEBUG(m_captureThreadFunc[4735]):Wait to start reprocessing stream
06-08 15:20:39.741 17159 17214 D Camera2CameraImpl: {Camera@c711d06[id=0]} Transitioning camera internal state: OPENING --> REOPENING
06-08 15:20:39.742 17159 17214 D CameraStateMachine: New public camera state CameraState{type=OPENING, error=StateError{code=1, cause=null}} from OPENING and StateError{code=1, cause=null}
06-08 15:20:39.743 17159 17214 D CameraStateMachine: Publishing new public camera state CameraState{type=OPENING, error=StateError{code=1, cause=null}}
06-08 15:20:39.746  4719 21206 D ExynosCamera3: [CAM_ID(0)][]-DEBUG(m_captureThreadFunc[4735]):Wait to start reprocessing stream
06-08 15:20:39.747 17159 17214 D Camera2CameraImpl: {Camera@c711d06[id=0]} Resetting Capture Session
06-08 15:20:39.751 17159 17214 D Camera2CameraImpl: {Camera@c711d06[id=0]} Skipping Capture Session state check due to current camera state: REOPENING and previous session status: false
06-08 15:20:39.751  4719 21206 D ExynosCamera3: [CAM_ID(0)][]-DEBUG(m_captureThreadFunc[4735]):Wait to start reprocessing stream
06-08 15:20:39.753 17159 17214 D Camera2CameraImpl: {Camera@c711d06[id=0]} Releasing session in state REOPENING
06-08 15:20:39.756 17159 17214 D Camera2CameraImpl: {Camera@c711d06[id=0]} Camera reopen required. Checking if the current camera can be closed safely.
06-08 15:20:39.758 17159 17214 D Camera2CameraImpl: {Camera@c711d06[id=0]} closing camera
06-08 15:20:39.761 17159 17214 D Camera2CameraImpl: {Camera@c711d06[id=0]} CameraDevice.onClosed()
06-08 15:20:39.764  4719 21206 D ExynosCamera3: [CAM_ID(0)][]-DEBUG(m_captureThreadFunc[4735]):Wait to start reprocessing stream
06-08 15:20:39.764 17159 17214 D Camera2CameraImpl: {Camera@c711d06[id=0]} Camera closed due to error: ERROR_MAX_CAMERAS_IN_USE
06-08 15:20:39.767 17159 17214 D Camera2CameraImpl: {Camera@c711d06[id=0]} Attempting camera re-open in 1000ms: androidx.camera.camera2.internal.Camera2CameraImpl$StateCallback$ScheduledReopen@4c9bd56 activeResuming = true
06-08 15:20:39.769  4719 21206 D ExynosCamera3: [CAM_ID(0)][]-DEBUG(m_captureThreadFunc[4735]):Wait to start reprocessing stream
06-08 15:20:40.766  4719 21206 I chatty  : uid=1047(cameraserver) ExynosCameraQue identical 188 lines
06-08 15:20:40.772  4719 21206 D ExynosCamera3: [CAM_ID(0)][]-DEBUG(m_captureThreadFunc[4735]):Wait to start reprocessing stream
06-08 15:20:40.772 17159 17211 D Camera2CameraImpl: {Camera@c711d06[id=0]} Attempting to force open the camera.
06-08 15:20:40.775 17159 17211 D CameraStateRegistry: tryOpenCamera(Camera@c711d06[id=0]) [Available Cameras: 0, Already Open: true (Previous state: OPENING)] --> SUCCESS
06-08 15:20:40.777  4719 21206 D ExynosCamera3: [CAM_ID(0)][]-DEBUG(m_captureThreadFunc[4735]):Wait to start reprocessing stream
06-08 15:20:40.783  4719 21206 D ExynosCamera3: [CAM_ID(0)][]-DEBUG(m_captureThreadFunc[4735]):Wait to start reprocessing stream
06-08 15:20:40.783 17159 17211 D CameraStateRegistry: Recalculating open cameras:
06-08 15:20:40.783 17159 17211 D CameraStateRegistry: Camera                                       State
06-08 15:20:40.783 17159 17211 D CameraStateRegistry: -------------------------------------------------------------------
06-08 15:20:40.783 17159 17211 D CameraStateRegistry: Camera@c711d06[id=0]                         OPENING
06-08 15:20:40.783 17159 17211 D CameraStateRegistry: Camera@296160[id=1]                          UNKNOWN
06-08 15:20:40.783 17159 17211 D CameraStateRegistry: -------------------------------------------------------------------
06-08 15:20:40.783 17159 17211 D CameraStateRegistry: Open count: 1 (Max allowed: 1)
06-08 15:20:40.786 17159 17211 D Camera2CameraImpl: {Camera@c711d06[id=0]} Cancelling scheduled re-open: androidx.camera.camera2.internal.Camera2CameraImpl$StateCallback$ScheduledReopen@4c9bd56
06-08 15:20:40.788  4719 21206 D ExynosCamera3: [CAM_ID(0)][]-DEBUG(m_captureThreadFunc[4735]):Wait to start reprocessing stream
06-08 15:20:40.790 17159 17211 D Camera2CameraImpl: {Camera@c711d06[id=0]} Opening camera.
06-08 15:20:40.793 17159 17211 D Camera2CameraImpl: {Camera@c711d06[id=0]} Transitioning camera internal state: REOPENING --> OPENING
06-08 15:20:40.793  4719 21206 D ExynosCamera3: [CAM_ID(0)][]-DEBUG(m_captureThreadFunc[4735]):Wait to start reprocessing stream
06-08 15:20:40.794 17159 17211 D CameraStateMachine: New public camera state CameraState{type=OPENING, error=null} from OPENING and null
06-08 15:20:40.795 17159 17211 D CameraStateMachine: Publishing new public camera state CameraState{type=OPENING, error=null}
06-08 15:20:40.799  4719 21206 D ExynosCamera3: [CAM_ID(0)][]-DEBUG(m_captureThreadFunc[4735]):Wait to start reprocessing stream
06-08 15:20:40.801 17159 17211 D UseCaseAttachState: All use case: [androidx.camera.core.ImageCapture-eff2bfd4-64b3-484a-86f1-f303bf11d34143587288, androidx.camera.core.Preview-6860416e-4641-421f-9a1b-e88d4ff8cd6a224505418, androidx.camera.core.ImageAnalysis-c22b99ce-7b66-4747-921b-413837a590c26932589] for camera: 0
06-08 15:20:40.804  4719 21206 D ExynosCamera3: [CAM_ID(0)][]-DEBUG(m_captureThreadFunc[4735]):Wait to start reprocessing stream
06-08 15:20:40.804 17159 17211 I CameraManager: getCameraCharacteristics : cameraId = 0
06-08 15:20:40.809  4719 21206 D ExynosCamera3: [CAM_ID(0)][]-DEBUG(m_captureThreadFunc[4735]):Wait to start reprocessing stream
06-08 15:20:40.810  4719 11410 I CameraService: CameraService::connect call (PID -1 "com.amaia23.hydracam", camera ID 0) for HAL version default and Camera API version 2
06-08 15:20:40.815  4719 21206 D ExynosCamera3: [CAM_ID(0)][]-DEBUG(m_captureThreadFunc[4735]):Wait to start reprocessing stream
06-08 15:20:40.980  4719 21206 I chatty  : uid=1047(cameraserver) ExynosCameraQue identical 31 lines
06-08 15:20:40.985  4719 21206 D ExynosCamera3: [CAM_ID(0)][]-DEBUG(m_captureThreadFunc[4735]):Wait to start reprocessing stream
06-08 15:20:40.990  4719 21207 W ExynosCamera3: [CAM_ID(0)][]-WARN(m_captureStreamThreadFunc):wait timeout
06-08 15:20:40.991  4719 21206 D ExynosCamera3: [CAM_ID(0)][]-DEBUG(m_captureThreadFunc[4735]):Wait to start reprocessing stream
06-08 15:20:42.983  4719 21206 I chatty  : uid=1047(cameraserver) ExynosCameraQue identical 373 lines
06-08 15:20:42.988  4719 21206 D ExynosCamera3: [CAM_ID(0)][]-DEBUG(m_captureThreadFunc[4735]):Wait to start reprocessing stream
06-08 15:20:42.990  4719 21207 W ExynosCamera3: [CAM_ID(0)][]-WARN(m_captureStreamThreadFunc):wait timeout
06-08 15:20:42.994  4719 21206 D ExynosCamera3: [CAM_ID(0)][]-DEBUG(m_captureThreadFunc[4735]):Wait to start reprocessing stream
06-08 15:20:43.569  4857  4876 D ConnectivityService: filterNetworkStateForUid() uid: 10020 networkInfo: [type: WIFI[] - WIFI, state: CONNECTED/CONNECTED, reason: (unspecified), extra: "FRITZ!Box 6591 Cable TZ", failover: false, available: true, roaming: false, metered: false]
06-08 15:20:43.801  4719 21206 I chatty  : uid=1047(cameraserver) ExynosCameraQue identical 151 lines
06-08 15:20:43.807  4719 21206 D ExynosCamera3: [CAM_ID(0)][]-DEBUG(m_captureThreadFunc[4735]):Wait to start reprocessing stream
06-08 15:20:43.810  4719 11410 E CameraService: CameraService::connect (PID -1) rejected (too many other clients connecting).
06-08 15:20:43.812  4719 21206 D ExynosCamera3: [CAM_ID(0)][]-DEBUG(m_captureThreadFunc[4735]):Wait to start reprocessing stream
06-08 15:20:43.817 17159 17214 D Camera2CameraImpl: {Camera@c711d06[id=0]} Camera receive onErrorCallback
06-08 15:20:43.818  4719 21206 D ExynosCamera3: [CAM_ID(0)][]-DEBUG(m_captureThreadFunc[4735]):Wait to start reprocessing stream
06-08 15:20:43.820 17159 17214 D Camera2CameraImpl: CameraDevice.onError(): 0 failed with ERROR_MAX_CAMERAS_IN_USE while in OPENING state. Will attempt recovering from error.
06-08 15:20:43.822 17159 17214 D Camera2CameraImpl: Attempt to reopen camera[0] after error[ERROR_MAX_CAMERAS_IN_USE]
06-08 15:20:43.823  4719 21206 D ExynosCamera3: [CAM_ID(0)][]-DEBUG(m_captureThreadFunc[4735]):Wait to start reprocessing stream
06-08 15:20:43.825 17159 17214 D Camera2CameraImpl: {Camera@c711d06[id=0]} Transitioning camera internal state: OPENING --> REOPENING
06-08 15:20:43.826 17159 17214 D CameraStateMachine: New public camera state CameraState{type=OPENING, error=StateError{code=1, cause=null}} from OPENING and StateError{code=1, cause=null}
06-08 15:20:43.827 17159 17214 D CameraStateMachine: Publishing new public camera state CameraState{type=OPENING, error=StateError{code=1, cause=null}}
06-08 15:20:43.828  4719 21206 D ExynosCamera3: [CAM_ID(0)][]-DEBUG(m_captureThreadFunc[4735]):Wait to start reprocessing stream
06-08 15:20:43.830 17159 17214 D Camera2CameraImpl: {Camera@c711d06[id=0]} Resetting Capture Session
06-08 15:20:43.833 17159 17214 D Camera2CameraImpl: {Camera@c711d06[id=0]} Skipping Capture Session state check due to current camera state: REOPENING and previous session status: false
06-08 15:20:43.834  4719 21206 D ExynosCamera3: [CAM_ID(0)][]-DEBUG(m_captureThreadFunc[4735]):Wait to start reprocessing stream
06-08 15:20:43.835 17159 17214 D Camera2CameraImpl: {Camera@c711d06[id=0]} Releasing session in state REOPENING
06-08 15:20:43.837 17159 17214 D Camera2CameraImpl: {Camera@c711d06[id=0]} Camera reopen required. Checking if the current camera can be closed safely.
06-08 15:20:43.839  4719 21206 D ExynosCamera3: [CAM_ID(0)][]-DEBUG(m_captureThreadFunc[4735]):Wait to start reprocessing stream
06-08 15:20:43.839 17159 17214 D Camera2CameraImpl: {Camera@c711d06[id=0]} closing camera
06-08 15:20:43.842 17159 17214 D Camera2CameraImpl: {Camera@c711d06[id=0]} CameraDevice.onClosed()
06-08 15:20:43.844 17159 17214 D Camera2CameraImpl: {Camera@c711d06[id=0]} Camera closed due to error: ERROR_MAX_CAMERAS_IN_USE
06-08 15:20:43.844  4719 21206 D ExynosCamera3: [CAM_ID(0)][]-DEBUG(m_captureThreadFunc[4735]):Wait to start reprocessing stream
06-08 15:20:43.846 17159 17214 D Camera2CameraImpl: {Camera@c711d06[id=0]} Attempting camera re-open in 1000ms: androidx.camera.camera2.internal.Camera2CameraImpl$StateCallback$ScheduledReopen@6461cf4 activeResuming = true
06-08 15:20:43.849  4719 21206 D ExynosCamera3: [CAM_ID(0)][]-DEBUG(m_captureThreadFunc[4735]):Wait to start reprocessing stream
06-08 15:20:44.129  6142  6142 D io_stats: !@   8,0 r 4365135 221654696 w 1844840 41638664 d 129469 32144156 f 800922 800187 iot 4591710 3613206 th 207892 0 0 pt 0 inp 0 0 244755.889
06-08 15:20:44.842  4719 21206 I chatty  : uid=1047(cameraserver) ExynosCameraQue identical 186 lines
06-08 15:20:44.847  4719 21206 D ExynosCamera3: [CAM_ID(0)][]-DEBUG(m_captureThreadFunc[4735]):Wait to start reprocessing stream
06-08 15:20:44.850 17159 17211 D Camera2CameraImpl: {Camera@c711d06[id=0]} Attempting to force open the camera.
06-08 15:20:44.851 17159 17211 D CameraStateRegistry: tryOpenCamera(Camera@c711d06[id=0]) [Available Cameras: 0, Already Open: true (Previous state: OPENING)] --> SUCCESS
06-08 15:20:44.853  4719 21206 D ExynosCamera3: [CAM_ID(0)][]-DEBUG(m_captureThreadFunc[4735]):Wait to start reprocessing stream
06-08 15:20:44.854 17159 17211 D CameraStateRegistry: Recalculating open cameras:
06-08 15:20:44.854 17159 17211 D CameraStateRegistry: Camera                                       State
06-08 15:20:44.854 17159 17211 D CameraStateRegistry: -------------------------------------------------------------------
06-08 15:20:44.854 17159 17211 D CameraStateRegistry: Camera@c711d06[id=0]                         OPENING
06-08 15:20:44.854 17159 17211 D CameraStateRegistry: Camera@296160[id=1]                          UNKNOWN
06-08 15:20:44.854 17159 17211 D CameraStateRegistry: -------------------------------------------------------------------
06-08 15:20:44.854 17159 17211 D CameraStateRegistry: Open count: 1 (Max allowed: 1)
06-08 15:20:44.856 17159 17211 D Camera2CameraImpl: {Camera@c711d06[id=0]} Cancelling scheduled re-open: androidx.camera.camera2.internal.Camera2CameraImpl$StateCallback$ScheduledReopen@6461cf4
06-08 15:20:44.857 17159 17211 D Camera2CameraImpl: {Camera@c711d06[id=0]} Opening camera.
06-08 15:20:44.858  4719 21206 D ExynosCamera3: [CAM_ID(0)][]-DEBUG(m_captureThreadFunc[4735]):Wait to start reprocessing stream
06-08 15:20:44.859 17159 17211 D Camera2CameraImpl: {Camera@c711d06[id=0]} Transitioning camera internal state: REOPENING --> OPENING
06-08 15:20:44.859 17159 17211 D CameraStateMachine: New public camera state CameraState{type=OPENING, error=null} from OPENING and null
06-08 15:20:44.860 17159 17211 D CameraStateMachine: Publishing new public camera state CameraState{type=OPENING, error=null}
06-08 15:20:44.863 17159 17211 D UseCaseAttachState: All use case: [androidx.camera.core.ImageCapture-eff2bfd4-64b3-484a-86f1-f303bf11d34143587288, androidx.camera.core.Preview-6860416e-4641-421f-9a1b-e88d4ff8cd6a224505418, androidx.camera.core.ImageAnalysis-c22b99ce-7b66-4747-921b-413837a590c26932589] for camera: 0
06-08 15:20:44.863  4719 21206 D ExynosCamera3: [CAM_ID(0)][]-DEBUG(m_captureThreadFunc[4735]):Wait to start reprocessing stream
06-08 15:20:44.864 17159 17211 I CameraManager: getCameraCharacteristics : cameraId = 0
06-08 15:20:44.868  4719 11410 I CameraService: CameraService::connect call (PID -1 "com.amaia23.hydracam", camera ID 0) for HAL version default and Camera API version 2
06-08 15:20:44.868  4719 21206 D ExynosCamera3: [CAM_ID(0)][]-DEBUG(m_captureThreadFunc[4735]):Wait to start reprocessing stream
06-08 15:20:44.984  4719 21206 I chatty  : uid=1047(cameraserver) ExynosCameraQue identical 22 lines
06-08 15:20:44.989  4719 21206 D ExynosCamera3: [CAM_ID(0)][]-DEBUG(m_captureThreadFunc[4735]):Wait to start reprocessing stream
06-08 15:20:44.990  4719 21207 W ExynosCamera3: [CAM_ID(0)][]-WARN(m_captureStreamThreadFunc):wait timeout
06-08 15:20:44.995  4719 21206 D ExynosCamera3: [CAM_ID(0)][]-DEBUG(m_captureThreadFunc[4735]):Wait to start reprocessing stream
06-08 15:20:45.037  4857  7905 D SSRM:t  : SIOP:: AP = 410, PST = 448 (W:6), BAT = 314, CHG = 400, CP = 332
06-08 15:20:45.921  4719 21206 I chatty  : uid=1047(cameraserver) ExynosCameraQue identical 174 lines
06-08 15:20:45.924  4857  4876 D BatteryService: !@BatteryListener : batteryPropertiesChanged!
06-08 15:20:45.924  4857  4876 D BatteryService: level:100, scale:100, status:5, health:2, present:true, voltage: 4215, temperature: 314, technology: Li-ion, AC powered:false, USB powered:true, POGO powered:false, Wireless powered:false, icon:17303851, invalid charger:0, maxChargingCurrent:0, maxChargingVoltage:0, chargeCounter:0
06-08 15:20:45.925  4857  4876 D BatteryService: online:6, current avg:-127, charge type:2, power sharing:false, high voltage charger:false, capacity:280000, batterySWSelfDischarging:false, misc_event:65536, current_event:0, current_now:-104
06-08 15:20:45.925  4857  4857 D BatteryService: Sending ACTION_BATTERY_CHANGED.
06-08 15:20:45.926  4719 21206 D ExynosCamera3: [CAM_ID(0)][]-DEBUG(m_captureThreadFunc[4735]):Wait to start reprocessing stream
06-08 15:20:45.927  4857  4857 I MotionRecognitionService: Plugged
06-08 15:20:45.927  4857  4857 D MotionRecognitionService:   mCableConnection= 1
06-08 15:20:45.927  4857  4857 D MotionRecognitionService: setPowerConnected : mGripEnabled = false
06-08 15:20:45.928  4857  4857 D SamsungPhoneWindowManager: ACTION_BATTERY_CHANGED - Level :: 100, battStatus :: 5
06-08 15:20:45.928  4857  4912 D UsbDeviceManager: handleMessage -> MSG_UPDATE_CHARGING_STATE = 1
06-08 15:20:45.929  5429  5429 D KeyguardUpdateMonitor: received broadcast android.intent.action.BATTERY_CHANGED
06-08 15:20:45.931  4719 21206 D ExynosCamera3: [CAM_ID(0)][]-DEBUG(m_captureThreadFunc[4735]):Wait to start reprocessing stream
06-08 15:20:45.932  5429  5429 D BatteryController: onReceive-ACTION_BATTERY_CHANGED : mLevel=100, mBatteryStatus=5
06-08 15:20:45.937  4719 21206 D ExynosCamera3: [CAM_ID(0)][]-DEBUG(m_captureThreadFunc[4735]):Wait to start reprocessing stream
06-08 15:20:45.941  5429  5429 D PowerUI : priorPlugType = 2 mPlugType =  2
06-08 15:20:45.942  4719 21206 D ExynosCamera3: [CAM_ID(0)][]-DEBUG(m_captureThreadFunc[4735]):Wait to start reprocessing stream
06-08 15:20:46.982  4719 21206 I chatty  : uid=1047(cameraserver) ExynosCameraQue identical 195 lines
06-08 15:20:46.988  4719 21206 D ExynosCamera3: [CAM_ID(0)][]-DEBUG(m_captureThreadFunc[4735]):Wait to start reprocessing stream
06-08 15:20:46.990  4719 21207 W ExynosCamera3: [CAM_ID(0)][]-WARN(m_captureStreamThreadFunc):wait timeout
06-08 15:20:46.993  4719 21206 D ExynosCamera3: [CAM_ID(0)][]-DEBUG(m_captureThreadFunc[4735]):Wait to start reprocessing stream
06-08 15:20:47.862  4719 21206 I chatty  : uid=1047(cameraserver) ExynosCameraQue identical 163 lines
06-08 15:20:47.867  4719 21206 D ExynosCamera3: [CAM_ID(0)][]-DEBUG(m_captureThreadFunc[4735]):Wait to start reprocessing stream
06-08 15:20:47.868  4719 11410 E CameraService: CameraService::connect (PID -1) rejected (too many other clients connecting).
06-08 15:20:47.872 17159 17214 D Camera2CameraImpl: {Camera@c711d06[id=0]} Camera receive onErrorCallback
06-08 15:20:47.873  4719 21206 D ExynosCamera3: [CAM_ID(0)][]-DEBUG(m_captureThreadFunc[4735]):Wait to start reprocessing stream
06-08 15:20:47.873 17159 17214 D Camera2CameraImpl: CameraDevice.onError(): 0 failed with ERROR_MAX_CAMERAS_IN_USE while in OPENING state. Will attempt recovering from error.
06-08 15:20:47.874 17159 17214 D Camera2CameraImpl: Attempt to reopen camera[0] after error[ERROR_MAX_CAMERAS_IN_USE]
06-08 15:20:47.876 17159 17214 D Camera2CameraImpl: {Camera@c711d06[id=0]} Transitioning camera internal state: OPENING --> REOPENING
06-08 15:20:47.877 17159 17214 D CameraStateMachine: New public camera state CameraState{type=OPENING, error=StateError{code=1, cause=null}} from OPENING and StateError{code=1, cause=null}
06-08 15:20:47.877 17159 17214 D CameraStateMachine: Publishing new public camera state CameraState{type=OPENING, error=StateError{code=1, cause=null}}
06-08 15:20:47.878  4719 21206 D ExynosCamera3: [CAM_ID(0)][]-DEBUG(m_captureThreadFunc[4735]):Wait to start reprocessing stream
06-08 15:20:47.879 17159 17214 D Camera2CameraImpl: {Camera@c711d06[id=0]} Resetting Capture Session
06-08 15:20:47.881 17159 17214 D Camera2CameraImpl: {Camera@c711d06[id=0]} Skipping Capture Session state check due to current camera state: REOPENING and previous session status: false
06-08 15:20:47.883 17159 17214 D Camera2CameraImpl: {Camera@c711d06[id=0]} Releasing session in state REOPENING
06-08 15:20:47.883  4719 21206 D ExynosCamera3: [CAM_ID(0)][]-DEBUG(m_captureThreadFunc[4735]):Wait to start reprocessing stream
06-08 15:20:47.885 17159 17214 D Camera2CameraImpl: {Camera@c711d06[id=0]} Camera reopen required. Checking if the current camera can be closed safely.
06-08 15:20:47.887 17159 17214 D Camera2CameraImpl: {Camera@c711d06[id=0]} closing camera
06-08 15:20:47.889  4719 21206 D ExynosCamera3: [CAM_ID(0)][]-DEBUG(m_captureThreadFunc[4735]):Wait to start reprocessing stream
06-08 15:20:47.891 17159 17211 D Camera2CameraImpl: {Camera@c711d06[id=0]} CameraDevice.onClosed()
06-08 15:20:47.892 17159 17211 D Camera2CameraImpl: {Camera@c711d06[id=0]} Camera closed due to error: ERROR_MAX_CAMERAS_IN_USE
06-08 15:20:47.894 17159 17211 D Camera2CameraImpl: {Camera@c711d06[id=0]} Attempting camera re-open in 1000ms: androidx.camera.camera2.internal.Camera2CameraImpl$StateCallback$ScheduledReopen@9075651 activeResuming = true
06-08 15:20:47.894  4719 21206 D ExynosCamera3: [CAM_ID(0)][]-DEBUG(m_captureThreadFunc[4735]):Wait to start reprocessing stream
06-08 15:20:48.889  4719 21206 I chatty  : uid=1047(cameraserver) ExynosCameraQue identical 187 lines
06-08 15:20:48.895  4719 21206 D ExynosCamera3: [CAM_ID(0)][]-DEBUG(m_captureThreadFunc[4735]):Wait to start reprocessing stream
06-08 15:20:48.900 17159 17214 D Camera2CameraImpl: {Camera@c711d06[id=0]} Attempting to force open the camera.
06-08 15:20:48.900  4719 21206 D ExynosCamera3: [CAM_ID(0)][]-DEBUG(m_captureThreadFunc[4735]):Wait to start reprocessing stream
06-08 15:20:48.903 17159 17214 D CameraStateRegistry: tryOpenCamera(Camera@c711d06[id=0]) [Available Cameras: 0, Already Open: true (Previous state: OPENING)] --> SUCCESS
06-08 15:20:48.906  4719 21206 D ExynosCamera3: [CAM_ID(0)][]-DEBUG(m_captureThreadFunc[4735]):Wait to start reprocessing stream
06-08 15:20:48.911  4719 21206 D ExynosCamera3: [CAM_ID(0)][]-DEBUG(m_captureThreadFunc[4735]):Wait to start reprocessing stream
06-08 15:20:48.911 17159 17214 D CameraStateRegistry: Recalculating open cameras:
06-08 15:20:48.911 17159 17214 D CameraStateRegistry: Camera                                       State
06-08 15:20:48.911 17159 17214 D CameraStateRegistry: -------------------------------------------------------------------
06-08 15:20:48.911 17159 17214 D CameraStateRegistry: Camera@c711d06[id=0]                         OPENING
06-08 15:20:48.911 17159 17214 D CameraStateRegistry: Camera@296160[id=1]                          UNKNOWN
06-08 15:20:48.911 17159 17214 D CameraStateRegistry: -------------------------------------------------------------------
06-08 15:20:48.911 17159 17214 D CameraStateRegistry: Open count: 1 (Max allowed: 1)
06-08 15:20:48.915 17159 17214 D Camera2CameraImpl: {Camera@c711d06[id=0]} Cancelling scheduled re-open: androidx.camera.camera2.internal.Camera2CameraImpl$StateCallback$ScheduledReopen@9075651
06-08 15:20:48.916  4719 21206 D ExynosCamera3: [CAM_ID(0)][]-DEBUG(m_captureThreadFunc[4735]):Wait to start reprocessing stream
06-08 15:20:48.918 17159 17214 D Camera2CameraImpl: {Camera@c711d06[id=0]} Opening camera.
06-08 15:20:48.921 17159 17214 D Camera2CameraImpl: {Camera@c711d06[id=0]} Transitioning camera internal state: REOPENING --> OPENING
06-08 15:20:48.921 17159 17214 D CameraStateMachine: New public camera state CameraState{type=OPENING, error=null} from OPENING and null
06-08 15:20:48.922  4719 21206 D ExynosCamera3: [CAM_ID(0)][]-DEBUG(m_captureThreadFunc[4735]):Wait to start reprocessing stream
06-08 15:20:48.922 17159 17214 D CameraStateMachine: Publishing new public camera state CameraState{type=OPENING, error=null}
06-08 15:20:48.926 17159 17214 D UseCaseAttachState: All use case: [androidx.camera.core.ImageCapture-eff2bfd4-64b3-484a-86f1-f303bf11d34143587288, androidx.camera.core.Preview-6860416e-4641-421f-9a1b-e88d4ff8cd6a224505418, androidx.camera.core.ImageAnalysis-c22b99ce-7b66-4747-921b-413837a590c26932589] for camera: 0
06-08 15:20:48.927  4719 21206 D ExynosCamera3: [CAM_ID(0)][]-DEBUG(m_captureThreadFunc[4735]):Wait to start reprocessing stream
06-08 15:20:48.927 17159 17214 I CameraManager: getCameraCharacteristics : cameraId = 0
06-08 15:20:48.932  4719 11410 I CameraService: CameraService::connect call (PID -1 "com.amaia23.hydracam", camera ID 0) for HAL version default and Camera API version 2
06-08 15:20:48.932  4719 21206 D ExynosCamera3: [CAM_ID(0)][]-DEBUG(m_captureThreadFunc[4735]):Wait to start reprocessing stream
06-08 15:20:48.985  4719 21206 I chatty  : uid=1047(cameraserver) ExynosCameraQue identical 10 lines
06-08 15:20:48.990  4719 21206 D ExynosCamera3: [CAM_ID(0)][]-DEBUG(m_captureThreadFunc[4735]):Wait to start reprocessing stream
06-08 15:20:48.991  4719 21207 W ExynosCamera3: [CAM_ID(0)][]-WARN(m_captureStreamThreadFunc):wait timeout
06-08 15:20:48.995  4719 21206 D ExynosCamera3: [CAM_ID(0)][]-DEBUG(m_captureThreadFunc[4735]):Wait to start reprocessing stream
06-08 15:20:49.131  6142  6142 D io_stats: !@   8,0 r 4365135 221654696 w 1844854 41638800 d 129470 32144160 f 800924 800189 iot 4591720 3613219 th 206788 0 0 pt 0 inp 0 0 244760.891
06-08 15:20:49.917  4857  5599 E Watchdog: !@Sync 8151 [2026-06-08 15:20:49.917]
06-08 15:20:50.985  4719 21206 I chatty  : uid=1047(cameraserver) ExynosCameraQue identical 374 lines
06-08 15:20:50.990  4719 21206 D ExynosCamera3: [CAM_ID(0)][]-DEBUG(m_captureThreadFunc[4735]):Wait to start reprocessing stream
06-08 15:20:50.991  4719 21207 W ExynosCamera3: [CAM_ID(0)][]-WARN(m_captureStreamThreadFunc):wait timeout
06-08 15:20:50.996  4719 21206 D ExynosCamera3: [CAM_ID(0)][]-DEBUG(m_captureThreadFunc[4735]):Wait to start reprocessing stream
06-08 15:20:51.925  4719 21206 I chatty  : uid=1047(cameraserver) ExynosCameraQue identical 174 lines
06-08 15:20:51.930  4719 21206 D ExynosCamera3: [CAM_ID(0)][]-DEBUG(m_captureThreadFunc[4735]):Wait to start reprocessing stream
06-08 15:20:51.932  4719 11410 E CameraService: CameraService::connect (PID -1) rejected (too many other clients connecting).
06-08 15:20:51.936  4719 21206 D ExynosCamera3: [CAM_ID(0)][]-DEBUG(m_captureThreadFunc[4735]):Wait to start reprocessing stream
06-08 15:20:51.939 17159 17211 D Camera2CameraImpl: {Camera@c711d06[id=0]} Camera receive onErrorCallback
06-08 15:20:51.941  4719 21206 D ExynosCamera3: [CAM_ID(0)][]-DEBUG(m_captureThreadFunc[4735]):Wait to start reprocessing stream
06-08 15:20:51.942 17159 17211 D Camera2CameraImpl: CameraDevice.onError(): 0 failed with ERROR_MAX_CAMERAS_IN_USE while in OPENING state. Will attempt recovering from error.
06-08 15:20:51.944 17159 17211 D Camera2CameraImpl: Attempt to reopen camera[0] after error[ERROR_MAX_CAMERAS_IN_USE]
06-08 15:20:51.946  4719 21206 D ExynosCamera3: [CAM_ID(0)][]-DEBUG(m_captureThreadFunc[4735]):Wait to start reprocessing stream
06-08 15:20:51.947 17159 17211 D Camera2CameraImpl: {Camera@c711d06[id=0]} Transitioning camera internal state: OPENING --> REOPENING
06-08 15:20:51.948 17159 17211 D CameraStateMachine: New public camera state CameraState{type=OPENING, error=StateError{code=1, cause=null}} from OPENING and StateError{code=1, cause=null}
06-08 15:20:51.948 17159 17211 D CameraStateMachine: Publishing new public camera state CameraState{type=OPENING, error=StateError{code=1, cause=null}}
06-08 15:20:51.951 17159 17211 D Camera2CameraImpl: {Camera@c711d06[id=0]} Resetting Capture Session
06-08 15:20:51.952  4719 21206 D ExynosCamera3: [CAM_ID(0)][]-DEBUG(m_captureThreadFunc[4735]):Wait to start reprocessing stream
06-08 15:20:51.956 17159 17211 D Camera2CameraImpl: {Camera@c711d06[id=0]} Skipping Capture Session state check due to current camera state: REOPENING and previous session status: false
06-08 15:20:51.957  4719 21206 D ExynosCamera3: [CAM_ID(0)][]-DEBUG(m_captureThreadFunc[4735]):Wait to start reprocessing stream
06-08 15:20:51.959 17159 17211 D Camera2CameraImpl: {Camera@c711d06[id=0]} Releasing session in state REOPENING
06-08 15:20:51.963  4719 21206 D ExynosCamera3: [CAM_ID(0)][]-DEBUG(m_captureThreadFunc[4735]):Wait to start reprocessing stream
06-08 15:20:51.964 17159 17211 D Camera2CameraImpl: {Camera@c711d06[id=0]} Camera reopen required. Checking if the current camera can be closed safely.
06-08 15:20:51.966 17159 17211 D Camera2CameraImpl: {Camera@c711d06[id=0]} closing camera
06-08 15:20:51.968  4719 21206 D ExynosCamera3: [CAM_ID(0)][]-DEBUG(m_captureThreadFunc[4735]):Wait to start reprocessing stream
06-08 15:20:51.969 17159 17211 D Camera2CameraImpl: {Camera@c711d06[id=0]} CameraDevice.onClosed()
06-08 15:20:51.971 17159 17211 D Camera2CameraImpl: {Camera@c711d06[id=0]} Camera closed due to error: ERROR_MAX_CAMERAS_IN_USE
06-08 15:20:51.973 17159 17211 D Camera2CameraImpl: {Camera@c711d06[id=0]} Attempting camera re-open in 1000ms: androidx.camera.camera2.internal.Camera2CameraImpl$StateCallback$ScheduledReopen@141459a activeResuming = true
06-08 15:20:51.973  4719 21206 D ExynosCamera3: [CAM_ID(0)][]-DEBUG(m_captureThreadFunc[4735]):Wait to start reprocessing stream
06-08 15:20:52.976  4719 21206 I chatty  : uid=1047(cameraserver) ExynosCameraQue identical 188 lines
06-08 15:20:52.981  4719 21206 D ExynosCamera3: [CAM_ID(0)][]-DEBUG(m_captureThreadFunc[4735]):Wait to start reprocessing stream
06-08 15:20:52.983 17159 17214 D Camera2CameraImpl: {Camera@c711d06[id=0]} Attempting to force open the camera.
06-08 15:20:52.985 17159 17214 D CameraStateRegistry: tryOpenCamera(Camera@c711d06[id=0]) [Available Cameras: 0, Already Open: true (Previous state: OPENING)] --> SUCCESS
06-08 15:20:52.986  4719 21206 D ExynosCamera3: [CAM_ID(0)][]-DEBUG(m_captureThreadFunc[4735]):Wait to start reprocessing stream
06-08 15:20:52.991 17159 17214 D CameraStateRegistry: Recalculating open cameras:
06-08 15:20:52.991 17159 17214 D CameraStateRegistry: Camera                                       State
06-08 15:20:52.991 17159 17214 D CameraStateRegistry: -------------------------------------------------------------------
06-08 15:20:52.991 17159 17214 D CameraStateRegistry: Camera@c711d06[id=0]                         OPENING
06-08 15:20:52.991 17159 17214 D CameraStateRegistry: Camera@296160[id=1]                          UNKNOWN
06-08 15:20:52.991 17159 17214 D CameraStateRegistry: -------------------------------------------------------------------
06-08 15:20:52.991 17159 17214 D CameraStateRegistry: Open count: 1 (Max allowed: 1)
06-08 15:20:52.991  4719 21207 W ExynosCamera3: [CAM_ID(0)][]-WARN(m_captureStreamThreadFunc):wait timeout
06-08 15:20:52.992  4719 21206 D ExynosCamera3: [CAM_ID(0)][]-DEBUG(m_captureThreadFunc[4735]):Wait to start reprocessing stream
06-08 15:20:52.994 17159 17214 D Camera2CameraImpl: {Camera@c711d06[id=0]} Cancelling scheduled re-open: androidx.camera.camera2.internal.Camera2CameraImpl$StateCallback$ScheduledReopen@141459a
06-08 15:20:52.997 17159 17214 D Camera2CameraImpl: {Camera@c711d06[id=0]} Opening camera.
06-08 15:20:52.997  4719 21206 D ExynosCamera3: [CAM_ID(0)][]-DEBUG(m_captureThreadFunc[4735]):Wait to start reprocessing stream
06-08 15:20:53.000 17159 17214 D Camera2CameraImpl: {Camera@c711d06[id=0]} Transitioning camera internal state: REOPENING --> OPENING
06-08 15:20:53.000 17159 17214 D CameraStateMachine: New public camera state CameraState{type=OPENING, error=null} from OPENING and null
06-08 15:20:53.001 17159 17214 D CameraStateMachine: Publishing new public camera state CameraState{type=OPENING, error=null}
06-08 15:20:53.002  4719 21206 D ExynosCamera3: [CAM_ID(0)][]-DEBUG(m_captureThreadFunc[4735]):Wait to start reprocessing stream
06-08 15:20:53.005 17159 17214 D UseCaseAttachState: All use case: [androidx.camera.core.ImageCapture-eff2bfd4-64b3-484a-86f1-f303bf11d34143587288, androidx.camera.core.Preview-6860416e-4641-421f-9a1b-e88d4ff8cd6a224505418, androidx.camera.core.ImageAnalysis-c22b99ce-7b66-4747-921b-413837a590c26932589] for camera: 0
06-08 15:20:53.006 17159 17214 I CameraManager: getCameraCharacteristics : cameraId = 0
06-08 15:20:53.009  4719 21206 D ExynosCamera3: [CAM_ID(0)][]-DEBUG(m_captureThreadFunc[4735]):Wait to start reprocessing stream
06-08 15:20:53.011  4719 11410 I CameraService: CameraService::connect call (PID -1 "com.amaia23.hydracam", camera ID 0) for HAL version default and Camera API version 2
06-08 15:20:53.014  4719 21206 D ExynosCamera3: [CAM_ID(0)][]-DEBUG(m_captureThreadFunc[4735]):Wait to start reprocessing stream
06-08 15:20:54.135  6142  6142 D io_stats: !@   8,0 r 4365138 221654744 w 1844867 41638872 d 129470 32144160 f 800925 800190 iot 4591720 3613230 th 208420 0 0 pt 0 inp 8 0 244765.895
06-08 15:20:54.985  4719 21206 I chatty  : uid=1047(cameraserver) ExynosCameraQue identical 370 lines
06-08 15:20:54.990  4719 21206 D ExynosCamera3: [CAM_ID(0)][]-DEBUG(m_captureThreadFunc[4735]):Wait to start reprocessing stream
06-08 15:20:54.991  4719 21207 W ExynosCamera3: [CAM_ID(0)][]-WARN(m_captureStreamThreadFunc):wait timeout
06-08 15:20:54.996  4719 21206 D ExynosCamera3: [CAM_ID(0)][]-DEBUG(m_captureThreadFunc[4735]):Wait to start reprocessing stream
06-08 15:20:55.052  4857  7905 D SSRM:t  : SIOP:: AP = 400, PST = 433 (W:6), BAT = 314, CHG = 396, CP = 329
06-08 15:20:55.977  4719 21206 I chatty  : uid=1047(cameraserver) ExynosCameraQue identical 184 lines
06-08 15:20:55.982  4719 21206 D ExynosCamera3: [CAM_ID(0)][]-DEBUG(m_captureThreadFunc[4735]):Wait to start reprocessing stream
06-08 15:20:55.982  4857  5809 D BatteryService: !@BatteryListener : batteryPropertiesChanged!
06-08 15:20:55.982  4857  5809 D BatteryService: level:100, scale:100, status:5, health:2, present:true, voltage: 4221, temperature: 315, technology: Li-ion, AC powered:false, USB powered:true, POGO powered:false, Wireless powered:false, icon:17303851, invalid charger:0, maxChargingCurrent:0, maxChargingVoltage:0, chargeCounter:0
06-08 15:20:55.983  4857  5809 D BatteryService: online:6, current avg:-90, charge type:2, power sharing:false, high voltage charger:false, capacity:280000, batterySWSelfDischarging:false, misc_event:65536, current_event:0, current_now:-51
06-08 15:20:55.983  4857  4857 D BatteryService: Sending ACTION_BATTERY_CHANGED.
06-08 15:20:55.985  4857  4857 I MotionRecognitionService: Plugged
06-08 15:20:55.985  4857  4857 D MotionRecognitionService:   mCableConnection= 1
06-08 15:20:55.985  4857  4857 D MotionRecognitionService: setPowerConnected : mGripEnabled = false
06-08 15:20:55.985  4857  4857 D SamsungPhoneWindowManager: ACTION_BATTERY_CHANGED - Level :: 100, battStatus :: 5
06-08 15:20:55.986  4857  4912 D UsbDeviceManager: handleMessage -> MSG_UPDATE_CHARGING_STATE = 1
06-08 15:20:55.987  4719 21206 D ExynosCamera3: [CAM_ID(0)][]-DEBUG(m_captureThreadFunc[4735]):Wait to start reprocessing stream
06-08 15:20:55.988  5429  5429 D KeyguardUpdateMonitor: received broadcast android.intent.action.BATTERY_CHANGED
06-08 15:20:55.989  5429  5429 D BatteryController: onReceive-ACTION_BATTERY_CHANGED : mLevel=100, mBatteryStatus=5
06-08 15:20:55.993  4719 21206 D ExynosCamera3: [CAM_ID(0)][]-DEBUG(m_captureThreadFunc[4735]):Wait to start reprocessing stream
06-08 15:20:55.996  5429  5429 D PowerUI : priorPlugType = 2 mPlugType =  2
06-08 15:20:55.998  4719 21206 D ExynosCamera3: [CAM_ID(0)][]-DEBUG(m_captureThreadFunc[4735]):Wait to start reprocessing stream
06-08 15:20:56.003  4719 21206 I chatty  : uid=1047(cameraserver) ExynosCameraQue identical 1 line
06-08 15:20:56.008  4719 21206 D ExynosCamera3: [CAM_ID(0)][]-DEBUG(m_captureThreadFunc[4735]):Wait to start reprocessing stream
06-08 15:20:56.011  4719 11410 E CameraService: CameraService::connect (PID -1) rejected (too many other clients connecting).
06-08 15:20:56.014  4719 21206 D ExynosCamera3: [CAM_ID(0)][]-DEBUG(m_captureThreadFunc[4735]):Wait to start reprocessing stream
06-08 15:20:56.014 17159 17211 D Camera2CameraImpl: {Camera@c711d06[id=0]} Camera receive onErrorCallback
06-08 15:20:56.015 17159 17211 D Camera2CameraImpl: CameraDevice.onError(): 0 failed with ERROR_MAX_CAMERAS_IN_USE while in OPENING state. Will attempt recovering from error.
06-08 15:20:56.016 17159 17211 D Camera2CameraImpl: Attempt to reopen camera[0] after error[ERROR_MAX_CAMERAS_IN_USE]
06-08 15:20:56.017 17159 17211 D Camera2CameraImpl: {Camera@c711d06[id=0]} Transitioning camera internal state: OPENING --> REOPENING
06-08 15:20:56.018 17159 17211 D CameraStateMachine: New public camera state CameraState{type=OPENING, error=StateError{code=1, cause=null}} from OPENING and StateError{code=1, cause=null}
06-08 15:20:56.018 17159 17211 D CameraStateMachine: Publishing new public camera state CameraState{type=OPENING, error=StateError{code=1, cause=null}}
06-08 15:20:56.019  4719 21206 D ExynosCamera3: [CAM_ID(0)][]-DEBUG(m_captureThreadFunc[4735]):Wait to start reprocessing stream
06-08 15:20:56.020 17159 17211 D Camera2CameraImpl: {Camera@c711d06[id=0]} Resetting Capture Session
06-08 15:20:56.022 17159 17211 D Camera2CameraImpl: {Camera@c711d06[id=0]} Skipping Capture Session state check due to current camera state: REOPENING and previous session status: false
06-08 15:20:56.024 17159 17211 D Camera2CameraImpl: {Camera@c711d06[id=0]} Releasing session in state REOPENING
06-08 15:20:56.024  4719 21206 D ExynosCamera3: [CAM_ID(0)][]-DEBUG(m_captureThreadFunc[4735]):Wait to start reprocessing stream
06-08 15:20:56.025 17159 17211 D Camera2CameraImpl: {Camera@c711d06[id=0]} Camera reopen required. Checking if the current camera can be closed safely.
06-08 15:20:56.027 17159 17211 D Camera2CameraImpl: {Camera@c711d06[id=0]} closing camera
06-08 15:20:56.029  4719 21206 D ExynosCamera3: [CAM_ID(0)][]-DEBUG(m_captureThreadFunc[4735]):Wait to start reprocessing stream
06-08 15:20:56.031 17159 17214 D Camera2CameraImpl: {Camera@c711d06[id=0]} CameraDevice.onClosed()
06-08 15:20:56.032 17159 17214 D Camera2CameraImpl: {Camera@c711d06[id=0]} Camera closed due to error: ERROR_MAX_CAMERAS_IN_USE
06-08 15:20:56.034 17159 17214 D Camera2CameraImpl: {Camera@c711d06[id=0]} Attempting camera re-open in 1000ms: androidx.camera.camera2.internal.Camera2CameraImpl$StateCallback$ScheduledReopen@833599f activeResuming = true
06-08 15:20:56.035  4719 21206 D ExynosCamera3: [CAM_ID(0)][]-DEBUG(m_captureThreadFunc[4735]):Wait to start reprocessing stream
06-08 15:20:56.981  4719 21206 I chatty  : uid=1047(cameraserver) ExynosCameraQue identical 178 lines
06-08 15:20:56.987  4719 21206 D ExynosCamera3: [CAM_ID(0)][]-DEBUG(m_captureThreadFunc[4735]):Wait to start reprocessing stream
06-08 15:20:56.992  4719 21207 W ExynosCamera3: [CAM_ID(0)][]-WARN(m_captureStreamThreadFunc):wait timeout
06-08 15:20:56.992  4719 21206 D ExynosCamera3: [CAM_ID(0)][]-DEBUG(m_captureThreadFunc[4735]):Wait to start reprocessing stream
06-08 15:20:57.035  4719 21206 I chatty  : uid=1047(cameraserver) ExynosCameraQue identical 8 lines
06-08 15:20:57.040  4719 21206 D ExynosCamera3: [CAM_ID(0)][]-DEBUG(m_captureThreadFunc[4735]):Wait to start reprocessing stream
06-08 15:20:57.043 17159 17211 D Camera2CameraImpl: {Camera@c711d06[id=0]} Attempting to force open the camera.
06-08 15:20:57.046  4719 21206 D ExynosCamera3: [CAM_ID(0)][]-DEBUG(m_captureThreadFunc[4735]):Wait to start reprocessing stream
06-08 15:20:57.046 17159 17211 D CameraStateRegistry: tryOpenCamera(Camera@c711d06[id=0]) [Available Cameras: 0, Already Open: true (Previous state: OPENING)] --> SUCCESS
06-08 15:20:57.051  4719 21206 D ExynosCamera3: [CAM_ID(0)][]-DEBUG(m_captureThreadFunc[4735]):Wait to start reprocessing stream
06-08 15:20:57.051 17159 17211 D CameraStateRegistry: Recalculating open cameras:
06-08 15:20:57.051 17159 17211 D CameraStateRegistry: Camera                                       State
06-08 15:20:57.051 17159 17211 D CameraStateRegistry: -------------------------------------------------------------------
06-08 15:20:57.051 17159 17211 D CameraStateRegistry: Camera@c711d06[id=0]                         OPENING
06-08 15:20:57.051 17159 17211 D CameraStateRegistry: Camera@296160[id=1]                          UNKNOWN
06-08 15:20:57.051 17159 17211 D CameraStateRegistry: -------------------------------------------------------------------
06-08 15:20:57.051 17159 17211 D CameraStateRegistry: Open count: 1 (Max allowed: 1)
06-08 15:20:57.053 17159 17211 D Camera2CameraImpl: {Camera@c711d06[id=0]} Cancelling scheduled re-open: androidx.camera.camera2.internal.Camera2CameraImpl$StateCallback$ScheduledReopen@833599f
06-08 15:20:57.055 17159 17211 D Camera2CameraImpl: {Camera@c711d06[id=0]} Opening camera.
06-08 15:20:57.056  4719 21206 D ExynosCamera3: [CAM_ID(0)][]-DEBUG(m_captureThreadFunc[4735]):Wait to start reprocessing stream
06-08 15:20:57.057 17159 17211 D Camera2CameraImpl: {Camera@c711d06[id=0]} Transitioning camera internal state: REOPENING --> OPENING
06-08 15:20:57.058 17159 17211 D CameraStateMachine: New public camera state CameraState{type=OPENING, error=null} from OPENING and null
06-08 15:20:57.058 17159 17211 D CameraStateMachine: Publishing new public camera state CameraState{type=OPENING, error=null}
06-08 15:20:57.062  4719 21206 D ExynosCamera3: [CAM_ID(0)][]-DEBUG(m_captureThreadFunc[4735]):Wait to start reprocessing stream
06-08 15:20:57.062 17159 17211 D UseCaseAttachState: All use case: [androidx.camera.core.ImageCapture-eff2bfd4-64b3-484a-86f1-f303bf11d34143587288, androidx.camera.core.Preview-6860416e-4641-421f-9a1b-e88d4ff8cd6a224505418, androidx.camera.core.ImageAnalysis-c22b99ce-7b66-4747-921b-413837a590c26932589] for camera: 0
06-08 15:20:57.063 17159 17211 I CameraManager: getCameraCharacteristics : cameraId = 0
06-08 15:20:57.067  4719 21206 D ExynosCamera3: [CAM_ID(0)][]-DEBUG(m_captureThreadFunc[4735]):Wait to start reprocessing stream
06-08 15:20:57.069  4719 11410 I CameraService: CameraService::connect call (PID -1 "com.amaia23.hydracam", camera ID 0) for HAL version default and Camera API version 2
06-08 15:20:57.072  4719 21206 D ExynosCamera3: [CAM_ID(0)][]-DEBUG(m_captureThreadFunc[4735]):Wait to start reprocessing stream
06-08 15:20:58.984  4719 21206 I chatty  : uid=1047(cameraserver) ExynosCameraQue identical 359 lines
06-08 15:20:58.989  4719 21206 D ExynosCamera3: [CAM_ID(0)][]-DEBUG(m_captureThreadFunc[4735]):Wait to start reprocessing stream
06-08 15:20:58.992  4719 21207 W ExynosCamera3: [CAM_ID(0)][]-WARN(m_captureStreamThreadFunc):wait timeout
06-08 15:20:58.995  4719 21206 D ExynosCamera3: [CAM_ID(0)][]-DEBUG(m_captureThreadFunc[4735]):Wait to start reprocessing stream
06-08 15:20:59.140  6142  6142 D io_stats: !@   8,0 r 4365204 221655764 w 1844873 41638916 d 129471 32144164 f 800926 800191 iot 4591740 3613248 th 207492 0 0 pt 0 inp 0 0 244770.900
06-08 15:20:59.996  4719 21206 I chatty  : uid=1047(cameraserver) ExynosCameraQue identical 188 lines
06-08 15:21:00.000  4857  5114 D SamsungAlarmManager: Expired : 8
06-08 15:21:00.000  4857  5114 I SamsungAlarmManager: setLocked to kernel - T:3 / 20260608T152334, SetElapsed=3525849735, nowELAPSED=3525695653
06-08 15:21:00.000  4857  5114 V SamsungAlarmManager: Sending to uid : 1000 action=android.intent.action.TIME_TICK alarm=Alarm{88db458 type 3 when 3525695653 android}
06-08 15:21:00.002  4719 21206 D ExynosCamera3: [CAM_ID(0)][]-DEBUG(m_captureThreadFunc[4735]):Wait to start reprocessing stream
06-08 15:21:00.002  4857  5114 V SamsungAlarmManager: Sending to uid : 10010 action=com.samsung.action.EVERY_MINUTE_CLOCK_UPDATE alarm=Alarm{427fe96 type 1 when 1780924860000 com.sec.android.app.launcher}
06-08 15:21:00.004  4857  4857 D SamsungAlarmManager: setExact Intent (T:3/F:1/AC:false) 20260608T152200 - CU:1000/CP:4857
06-08 15:21:00.004  4857  4857 I SamsungAlarmManager: setLocked to kernel - T:3 / 20260608T152200, SetElapsed=3525755653, nowELAPSED=3525695657
06-08 15:21:00.005  6388  6388 I Launcher: onReceive: com.samsung.action.EVERY_MINUTE_CLOCK_UPDATE
06-08 15:21:00.006  5429  5429 D KeyguardUpdateMonitor: received broadcast android.intent.action.TIME_TICK
06-08 15:21:00.006  5429  5429 D KeyguardServiceBoxContainer: refreshTime() 1
06-08 15:21:00.007  4719 21206 D ExynosCamera3: [CAM_ID(0)][]-DEBUG(m_captureThreadFunc[4735]):Wait to start reprocessing stream
06-08 15:21:00.012  4719 21206 D ExynosCamera3: [CAM_ID(0)][]-DEBUG(m_captureThreadFunc[4735]):Wait to start reprocessing stream
06-08 15:21:00.013  4857  4876 D SamsungAlarmManager: setInexact Intent (T:1/F:0/AC:false) 20260608T152200 - CU:10010/CP:6388
06-08 15:21:00.015  6388  6388 I IconView: applyFromShortcutInfo - start GetLive : com.samsung.android.calendar
06-08 15:21:00.015  6388  6388 I IconView: applyFromShortcutInfo - end GetLive : com.samsung.android.calendar
06-08 15:21:00.016  6388  6388 I IconView: applyFromApplicationInfo - start GetLive : com.sec.android.app.clockpackage
06-08 15:21:00.017  4719 21206 D ExynosCamera3: [CAM_ID(0)][]-DEBUG(m_captureThreadFunc[4735]):Wait to start reprocessing stream
06-08 15:21:00.020  6388  6388 D ApplicationPackageManager: we has com.sec.android.app.clockpackage class. reuse it
06-08 15:21:00.021  6388  6388 D LiveIconLoader: getLiveIcon was called in ClockPackage
06-08 15:21:00.022  6388  6388 D LiveIconLoader: getLiveIcon res = com.sec.android.app.clockpackage
06-08 15:21:00.023  4719 21206 D ExynosCamera3: [CAM_ID(0)][]-DEBUG(m_captureThreadFunc[4735]):Wait to start reprocessing stream
06-08 15:21:00.024  6388  6388 D LiveIconLoader: stdIconSize : 144 , targetIconSize : 162
06-08 15:21:00.024  6388  6388 D LiveIconLoader: mIconDpi : 640 , mTargetIconDpi : 480
06-08 15:21:00.028  4719 21206 D ExynosCamera3: [CAM_ID(0)][]-DEBUG(m_captureThreadFunc[4735]):Wait to start reprocessing stream
06-08 15:21:00.033  4719 21206 D ExynosCamera3: [CAM_ID(0)][]-DEBUG(m_captureThreadFunc[4735]):Wait to start reprocessing stream
06-08 15:21:00.034  6388  6388 I ApplicationPackageManager: load= live icon for com.sec.android.app.clockpackage, from overlay = false
06-08 15:21:00.036  6388  6388 I LiveIconManager: getLiveIcon: complete(sync_created)
06-08 15:21:00.037  6388  6388 I IconView: applyFromApplicationInfo - end GetLive : com.sec.android.app.clockpackage
06-08 15:21:00.037  6388  6388 I IconView: applyFromApplicationInfo - start GetLive : com.samsung.android.calendar
06-08 15:21:00.037  6388  6388 I IconView: applyFromApplicationInfo - end GetLive : com.samsung.android.calendar
06-08 15:21:00.038  4719 21206 D ExynosCamera3: [CAM_ID(0)][]-DEBUG(m_captureThreadFunc[4735]):Wait to start reprocessing stream
06-08 15:21:00.059  4719 21206 I chatty  : uid=1047(cameraserver) ExynosCameraQue identical 4 lines
06-08 15:21:00.065  4719 21206 D ExynosCamera3: [CAM_ID(0)][]-DEBUG(m_captureThreadFunc[4735]):Wait to start reprocessing stream
06-08 15:21:00.069  4719 11410 E CameraService: CameraService::connect (PID -1) rejected (too many other clients connecting).
06-08 15:21:00.070  4719 21206 D ExynosCamera3: [CAM_ID(0)][]-DEBUG(m_captureThreadFunc[4735]):Wait to start reprocessing stream
06-08 15:21:00.072 17159 17214 D Camera2CameraImpl: {Camera@c711d06[id=0]} Camera receive onErrorCallback
06-08 15:21:00.073 17159 17214 D Camera2CameraImpl: CameraDevice.onError(): 0 failed with ERROR_MAX_CAMERAS_IN_USE while in OPENING state. Will attempt recovering from error.
06-08 15:21:00.074 17159 17214 D Camera2CameraImpl: Attempt to reopen camera[0] after error[ERROR_MAX_CAMERAS_IN_USE]
06-08 15:21:00.075  4719 21206 D ExynosCamera3: [CAM_ID(0)][]-DEBUG(m_captureThreadFunc[4735]):Wait to start reprocessing stream
06-08 15:21:00.076 17159 17214 D Camera2CameraImpl: {Camera@c711d06[id=0]} Transitioning camera internal state: OPENING --> REOPENING
06-08 15:21:00.076 17159 17214 D CameraStateMachine: New public camera state CameraState{type=OPENING, error=StateError{code=1, cause=null}} from OPENING and StateError{code=1, cause=null}
06-08 15:21:00.077 17159 17214 D CameraStateMachine: Publishing new public camera state CameraState{type=OPENING, error=StateError{code=1, cause=null}}
06-08 15:21:00.078 17159 17214 D Camera2CameraImpl: {Camera@c711d06[id=0]} Resetting Capture Session
06-08 15:21:00.080 17159 17214 D Camera2CameraImpl: {Camera@c711d06[id=0]} Skipping Capture Session state check due to current camera state: REOPENING and previous session status: false
06-08 15:21:00.080  4719 21206 D ExynosCamera3: [CAM_ID(0)][]-DEBUG(m_captureThreadFunc[4735]):Wait to start reprocessing stream
06-08 15:21:00.082 17159 17214 D Camera2CameraImpl: {Camera@c711d06[id=0]} Releasing session in state REOPENING
06-08 15:21:00.085 17159 17214 D Camera2CameraImpl: {Camera@c711d06[id=0]} Camera reopen required. Checking if the current camera can be closed safely.
06-08 15:21:00.086  4719 21206 D ExynosCamera3: [CAM_ID(0)][]-DEBUG(m_captureThreadFunc[4735]):Wait to start reprocessing stream
06-08 15:21:00.087 17159 17214 D Camera2CameraImpl: {Camera@c711d06[id=0]} closing camera
06-08 15:21:00.089 17159 17214 D Camera2CameraImpl: {Camera@c711d06[id=0]} CameraDevice.onClosed()
06-08 15:21:00.091 17159 17214 D Camera2CameraImpl: {Camera@c711d06[id=0]} Camera closed due to error: ERROR_MAX_CAMERAS_IN_USE
06-08 15:21:00.091  4719 21206 D ExynosCamera3: [CAM_ID(0)][]-DEBUG(m_captureThreadFunc[4735]):Wait to start reprocessing stream
06-08 15:21:00.093 17159 17214 D Camera2CameraImpl: {Camera@c711d06[id=0]} Attempting camera re-open in 1000ms: androidx.camera.camera2.internal.Camera2CameraImpl$StateCallback$ScheduledReopen@610dd97 activeResuming = true
06-08 15:21:00.096  4719 21206 D ExynosCamera3: [CAM_ID(0)][]-DEBUG(m_captureThreadFunc[4735]):Wait to start reprocessing stream
06-08 15:21:00.112  4719 21206 I chatty  : uid=1047(cameraserver) ExynosCameraQue identical 3 lines
06-08 15:21:00.117  4719 21206 D ExynosCamera3: [CAM_ID(0)][]-DEBUG(m_captureThreadFunc[4735]):Wait to start reprocessing stream
06-08 15:21:00.122 12709 12709 E adbd    : recv: OPEN 00004edd 00000000 004b:73 68 65 6C 6C 2C 76 32 2C 54 45 52 4D 3D 64 75 6D 62 3A 65 78 70 6F 72 74 20 41 4E 44 52 4F 49 44 5F 4C 4F 47 5F 54 41 47 53 3D 27 27 3B 20 65 78 65 63 20 6C 6F 67 63 61 74 20 27 2D 64 27 20 27 2D 74 27 20 27 35 30 30 27 00
06-08 15:21:00.122 12709 12709 E adbd    : service_to_fd: shell,v2,TERM=dumb:export ANDROID_LOG_TAGS=''; exec logcat '-d' '-t' '500'
06-08 15:21:00.123  4719 21206 D ExynosCamera3: [CAM_ID(0)][]-DEBUG(m_captureThreadFunc[4735]):Wait to start reprocessing stream
[exit-code] 0

$ xcrun devicectl device process launch --device 0A947DBD-A462-5BAA-AB84-17F143D41619 --terminate-existing com.vectorblanco.hydracam.dev
15:22:23  Acquired tunnel connection to device.
15:22:23  Enabling developer disk image services.
15:22:23  Acquired usage assertion.
Launched application with com.vectorblanco.hydracam.dev bundle identifier.
[exit-code] 0

$ xcrun devicectl device info lockState --device AB1E2F45-61B1-5FBD-972A-940EA7EC8B0A

[stderr]
ERROR: CoreDeviceService was unable to locate a device matching the requested device identifier. (DeviceIdentifier: ecid_2929653534883870) (com.apple.dt.CoreDeviceError error 1011 (0x3F3))
       DeviceIdentifier = ecid_2929653534883870
[exit-code] 1

$ xcrun xctrace list devices
== Devices ==
jose-mbp (E10DDBBD-CE0A-5212-B382-17714EF12A6B)
iPad (5) (17.7.11) (8b406aa5c597eab4c4dfd9908f4a09b10a89ec63)

== Devices Offline ==
José Ramón’s iPhone (26.5) (00008101-000A68811E43001E)

== Simulators ==
Apple TV Simulator (18.4) (D43C6B59-90A5-45B2-B036-E82888CD3396)
Apple TV 4K (3rd generation) Simulator (18.4) (0B98182D-7F16-4881-9075-15CB539C6916)
Apple TV 4K (3rd generation) (at 1080p) Simulator (18.4) (7865E8CA-E4B9-4710-9ACD-3D6808A7AC05)
Apple Vision Pro (2.4) (CAE1E201-EE58-4BAF-86A6-ADD79EAE7D6E)
Apple Watch SE (40mm) (2nd generation) Simulator (11.4) (46A5F0BA-FDC2-4580-9666-32460B4668B4)
Apple Watch SE (44mm) (2nd generation) Simulator (11.4) (5C3B67F3-AAC3-4DAE-981E-4C56151CB758)
Apple Watch Series 10 (42mm) Simulator (11.4) (834DA641-E4E1-4017-920C-F24C6190B6BB)
Apple Watch Series 10 (46mm) Simulator (11.4) (BB392236-84F5-4DFE-8C31-E8258FDF8B39)
Apple Watch Ultra 2 (49mm) Simulator (11.4) (37E68BED-6456-4102-85BF-BA64F7F4F936)
iPad (A16) Simulator (18.4) (65B81095-034E-43BD-B725-25D20F633515)
iPad (A16) Simulator (26.5) (87CD6158-316A-47D7-8CF7-771A8784C5FB)
iPad Air 11-inch (M3) Simulator (18.4) (3138C415-02AD-4FBE-8325-337E0B1D85A4)
iPad Air 11-inch (M4) Simulator (26.5) (CDDCC03E-021A-4F65-96A0-F2659D1D77AD)
iPad Air 13-inch (M3) Simulator (18.4) (F1653079-F410-49D2-A063-1AF6509CA7DF)
iPad Air 13-inch (M4) Simulator (26.5) (57C9ED10-064A-4596-92B8-94A582FBDE79)
iPad Pro 11-inch (M4) Simulator (18.4) (D1B0CC6E-6F4C-4948-A9C3-073E5932CF45)
iPad Pro 11-inch (M5) Simulator (26.5) (F1AD956F-F029-4ED1-8153-C4D325402AF5)
iPad Pro 13-inch (M4) Simulator (18.4) (BF1EC7ED-01F1-437A-9CD5-6647DFEC2C8E)
iPad Pro 13-inch (M5) Simulator (26.5) (1620C6D6-0BFB-4857-B75D-ECE4BA0B1190)
iPad mini (A17 Pro) Simulator (18.4) (57AF3A1E-667B-4C93-93F4-273BF71F610D)
iPad mini (A17 Pro) Simulator (26.5) (2105C891-0F6B-4A05-B471-3F589F3319C1)
iPhone 16 Simulator (18.4) (8803DD22-4646-4C0C-95BD-249D898CF513)
iPhone 16 Plus Simulator (18.4) (5CF4A12E-A8B5-4285-AE86-407B9067CB5F)
iPhone 16 Pro Simulator (18.4) (6A2E7E6A-05F8-47D6-88AE-85E3434AC6D3)
iPhone 16 Pro Max Simulator (18.4) (CB509746-6183-4AEC-9FA5-725378C563BF)
iPhone 16e Simulator (18.4) (E6EC1822-E63D-4034-A308-8B918FE35465)
iPhone 17 Simulator (26.5) (74BEC426-E51A-460B-8AA3-E8E615CF7444)
iPhone 17 Pro Simulator (26.5) (45768BC9-71B5-4BBA-9372-EAD4A0234650)
iPhone 17 Pro Max Simulator (26.5) (D8D3076F-9A3B-431E-9040-444592B8714D)
iPhone 17e Simulator (26.5) (E9295FDD-2A32-40D9-81CC-DEA8042F3F78)
iPhone Air Simulator (26.5) (AD4C96F1-9085-4422-993A-1CA9C8458240)
[exit-code] 0
