# HydraCam evidence run command log

$ ssh -o BatchMode=yes -o ConnectTimeout=5 mba13 adb devices -l
List of devices attached
29d816ac550b7ece       unauthorized usb:1-1.3.2 transport_id:3
9885e6503930304946     device usb:1-1.3.3 product:hero2ltexx model:SM_G935F device:hero2lte transport_id:4
RF8M90QE7LX            device usb:1-1.1.2 product:beyond0lteeea model:SM_G970F device:beyond0 transport_id:2

[exit-code] 0

$ ssh -o BatchMode=yes -o ConnectTimeout=5 mba13 flutter devices --device-timeout 10
Found 6 connected devices:
  SM G935F (mobile)            • 9885e6503930304946        • android-arm64  • Android 8.0.0 (API 26)
  SM G970F (mobile)            • RF8M90QE7LX               • android-arm64  • Android 12 (API 31)
  iPhone (mobile)              • 00008030-000D05302190402E • ios            • iOS 26.2 23C55
  José Ramón’s iPhone (mobile) • 00008101-000A68811E43001E • ios            • iOS 26.5 23F77
  macOS (desktop)              • macos                     • darwin-arm64   • macOS 26.4.1 25E253 darwin-arm64
  Chrome (web)                 • chrome                    • web-javascript • Google Chrome 149.0.7827.201

Found 1 wirelessly connected device:
  iPad (5) (wireless) (mobile) • 8b406aa5c597eab4c4dfd9908f4a09b10a89ec63 • ios • iOS 17.7.11 21H461

Device 29d816ac550b7ece is not authorized.
You might need to check your device for an authorization dialog.

Device RF8M2125DAJ is not authorized.
You might need to check your device for an authorization dialog.

Run "flutter emulators" to list and start any available device emulators.

If you expected another device to be detected, please run "flutter doctor" to diagnose potential issues. Visit https://flutter.dev/setup/ for troubleshooting tips.
[exit-code] 0

$ ssh -o BatchMode=yes -o ConnectTimeout=5 mba13 xcrun devicectl list devices
Install Started
Install Failed: Authorisation is required to install the packages.
Name                  Hostname                              Identifier                             State                Model                                        
-------------------   -----------------------------------   ------------------------------------   ------------------   ---------------------------------------------
José Ramón’s iPhone   Jose-Ramons-iPhone.coredevice.local   AB1E2F45-61B1-5FBD-972A-940EA7EC8B0A   available (paired)   iPhone 12 Pro (iPhone13,3)                   
iPad (5)              iPad-5.coredevice.local               0A947DBD-A462-5BAA-AB84-17F143D41619   available (paired)   iPad (6th generation) (Model A1893) (iPad7,5)
iPhone                iPhone.coredevice.local               7931E735-717E-5B88-A283-11343FEB0795   available (paired)   iPhone 11 (iPhone12,1)                       
[exit-code] 0

$ ssh -o BatchMode=yes -o ConnectTimeout=5 mba13 ioreg -p IOUSB
+-o Root  <class IORegistryEntry, id 0x100000100, retain 28>
  +-o AppleT8103USBXHCI@00000000  <class AppleT8103USBXHCI, id 0x1000003a2, registered, matched, active, busy 0 (175628 ms), retain 361>
  +-o AppleT8103USBXHCI@01000000  <class AppleT8103USBXHCI, id 0x10000033d, registered, matched, active, busy 0 (43874 ms), retain 468>
    +-o USB2.0 Hub@01100000  <class IOUSBHostDevice, id 0x10023da09, registered, matched, active, busy 0 (5331 ms), retain 38>
    | +-o USB2.0 HUB@01130000  <class IOUSBHostDevice, id 0x10023da2f, registered, matched, active, busy 0 (3882 ms), retain 37>
    | | +-o SAMSUNG_Android@01133000  <class IOUSBHostDevice, id 0x10023db0f, registered, matched, active, busy 0 (280 ms), retain 38>
    | | +-o SAMSUNG_Android@01132000  <class IOUSBHostDevice, id 0x10023e1c4, registered, matched, active, busy 0 (323 ms), retain 40>
    | | +-o iPhone@01131000  <class IOUSBHostDevice, id 0x10023e626, registered, matched, active, busy 0 (241 ms), retain 62>
    | +-o USB2.0 Hub@01110000  <class IOUSBHostDevice, id 0x10023e4a0, registered, matched, active, busy 0 (821 ms), retain 37>
    | | +-o SAMSUNG_Android@01112000  <class IOUSBHostDevice, id 0x10023e4b4, registered, matched, active, busy 0 (241 ms), retain 41>
    | | +-o iPhone@01113000  <class IOUSBHostDevice, id 0x10023e657, registered, matched, active, busy 0 (281 ms), retain 62>
    | | +-o SAMSUNG_Android@01114000  <class IOUSBHostDevice, id 0x10023e6aa, registered, matched, active, busy 0 (273 ms), retain 39>
    | +-o SAMSUNG_Android@01140000  <class IOUSBHostDevice, id 0x10023e700, registered, matched, active, busy 0 (247 ms), retain 39>
    +-o USB3.0 Hub@01200000  <class IOUSBHostDevice, id 0x10023da0b, registered, matched, active, busy 0 (29 ms), retain 35>
[exit-code] 0

$ ssh -o BatchMode=yes -o ConnectTimeout=5 mba13 adb devices -l
List of devices attached
29d816ac550b7ece       device usb:1-1.3.2 product:starltexx model:SM_G960F device:starlte transport_id:3
9885e6503930304946     device usb:1-1.3.3 product:hero2ltexx model:SM_G935F device:hero2lte transport_id:4
RF8M2125DAJ            unauthorized usb:1-1.4 transport_id:5
RF8M90QE7LX            device usb:1-1.1.2 product:beyond0lteeea model:SM_G970F device:beyond0 transport_id:2

[exit-code] 0

$ ssh -o BatchMode=yes -o ConnectTimeout=5 mba13 flutter devices --device-timeout 10
Found 7 connected devices:
  SM G960F (mobile)            • 29d816ac550b7ece          • android-arm64  • Android 10 (API 29)
  SM G935F (mobile)            • 9885e6503930304946        • android-arm64  • Android 8.0.0 (API 26)
  SM G970F (mobile)            • RF8M90QE7LX               • android-arm64  • Android 12 (API 31)
  iPhone (mobile)              • 00008030-000D05302190402E • ios            • iOS 26.2 23C55
  José Ramón’s iPhone (mobile) • 00008101-000A68811E43001E • ios            • iOS 26.5 23F77
  macOS (desktop)              • macos                     • darwin-arm64   • macOS 26.4.1 25E253 darwin-arm64
  Chrome (web)                 • chrome                    • web-javascript • Google Chrome 149.0.7827.201

Found 1 wirelessly connected device:
  iPad (5) (wireless) (mobile) • 8b406aa5c597eab4c4dfd9908f4a09b10a89ec63 • ios • iOS 17.7.11 21H461

Run "flutter emulators" to list and start any available device emulators.

If you expected another device to be detected, please run "flutter doctor" to diagnose potential issues. Visit https://flutter.dev/setup/ for troubleshooting tips.
[exit-code] 0

$ ssh -o BatchMode=yes -o ConnectTimeout=5 mba13 ioreg -p IOUSB -l -w 0 | egrep 'SAMSUNG_Android|USB Serial Number|kUSBSerialNumberString|UsbExclusiveOwner|locationID'
  |     "locationID" = 0
    |   "locationID" = 16777216
    | |   "locationID" = 17825792
    | |   "UsbExclusiveOwner" = "AppleUSB20Hub"
    | | |   "locationID" = 18022400
    | | |   "UsbExclusiveOwner" = "AppleUSB20Hub"
    | | +-o SAMSUNG_Android@01133000  <class IOUSBHostDevice, id 0x10023db0f, registered, matched, active, busy 0 (280 ms), retain 38>
    | | |     "USB Product Name" = "SAMSUNG_Android"
    | | |     "locationID" = 18034688
    | | |     "kUSBSerialNumberString" = "9885e6503930304946"
    | | |     "UsbExclusiveOwner" = "pid 75949, adb"
    | | |     "kUSBProductString" = "SAMSUNG_Android"
    | | |     "USB Serial Number" = "9885e6503930304946"
    | | +-o SAMSUNG_Android@01132000  <class IOUSBHostDevice, id 0x10023e1c4, registered, matched, active, busy 0 (323 ms), retain 40>
    | | |     "USB Product Name" = "SAMSUNG_Android"
    | | |     "locationID" = 18030592
    | | |     "kUSBSerialNumberString" = "29d816ac550b7ece"
    | | |     "UsbExclusiveOwner" = "pid 75949, adb"
    | | |     "kUSBProductString" = "SAMSUNG_Android"
    | | |     "USB Serial Number" = "29d816ac550b7ece"
    | |       "kUSBSerialNumberString" = "00008030000D05302190402E"
    | |       "USB Serial Number" = "00008030000D05302190402E"
    | |       "locationID" = 18026496
    | | |   "locationID" = 17891328
    | | |   "UsbExclusiveOwner" = "AppleUSB20Hub"
    | | +-o SAMSUNG_Android@01112000  <class IOUSBHostDevice, id 0x10023e4b4, registered, matched, active, busy 0 (241 ms), retain 41>
    | | |     "kUSBSerialNumberString" = "RF8M90QE7LX"
    | | |     "USB Serial Number" = "RF8M90QE7LX"
    | | |     "kUSBProductString" = "SAMSUNG_Android"
    | | |     "USB Product Name" = "SAMSUNG_Android"
    | | |     "UsbExclusiveOwner" = "pid 75949, adb"
    | | |     "locationID" = 17899520
    | | |     "kUSBSerialNumberString" = "00008101000A68811E43001E"
    | | |     "USB Serial Number" = "00008101000A68811E43001E"
    | | |     "locationID" = 17903616
    | | +-o SAMSUNG_Android@01114000  <class IOUSBHostDevice, id 0x10023e6aa, registered, matched, active, busy 0 (273 ms), retain 39>
    | |       "USB Product Name" = "SAMSUNG_Android"
    | |       "locationID" = 17907712
    | |       "kUSBSerialNumberString" = "RF8M40MT6AW"
    | |       "kUSBProductString" = "SAMSUNG_Android"
    | |       "USB Serial Number" = "RF8M40MT6AW"
    | +-o SAMSUNG_Android@01140000  <class IOUSBHostDevice, id 0x10023e781, registered, matched, active, busy 0 (249 ms), retain 39>
    |       "USB Product Name" = "SAMSUNG_Android"
    |       "locationID" = 18087936
    |       "kUSBSerialNumberString" = "RF8M2125DAJ"
    |       "kUSBProductString" = "SAMSUNG_Android"
    |       "USB Serial Number" = "RF8M2125DAJ"
          "locationID" = 18874368
          "UsbExclusiveOwner" = "AppleUSB30Hub"
[exit-code] 0

$ ssh -o BatchMode=yes -o ConnectTimeout=5 mba13 adb devices -l
List of devices attached
29d816ac550b7ece       device usb:1-1.3.2 product:starltexx model:SM_G960F device:starlte transport_id:3
9885e6503930304946     device usb:1-1.3.3 product:hero2ltexx model:SM_G935F device:hero2lte transport_id:4
RF8M2125DAJ            device usb:1-1.4 product:beyond0lteeea model:SM_G970F device:beyond0 transport_id:7
RF8M40MT6AW            device usb:1-1.1.4 product:beyond0lteeea model:SM_G970F device:beyond0 transport_id:8
RF8M90QE7LX            device usb:1-1.1.2 product:beyond0lteeea model:SM_G970F device:beyond0 transport_id:2

[exit-code] 0

$ ssh -o BatchMode=yes -o ConnectTimeout=5 mba13 adb devices -l
List of devices attached
29d816ac550b7ece       device usb:1-1.3.2 product:starltexx model:SM_G960F device:starlte transport_id:3
575ecf2cbd24           device usb:1-1.1.1 product:veux_p_eea model:2201116PG device:veux transport_id:10
9885e6503930304946     device usb:1-1.3.3 product:hero2ltexx model:SM_G935F device:hero2lte transport_id:4
RF8M2125DAJ            device usb:1-1.4 product:beyond0lteeea model:SM_G970F device:beyond0 transport_id:32
RF8M40MT6AW            device usb:1-1.1.4 product:beyond0lteeea model:SM_G970F device:beyond0 transport_id:11
RF8M90QE7LX            device usb:1-1.1.2 product:beyond0lteeea model:SM_G970F device:beyond0 transport_id:15

[exit-code] 0

$ ssh -o BatchMode=yes -o ConnectTimeout=5 mba13 flutter devices --device-timeout 10
Found 11 connected devices:
  SM G960F (mobile)            • 29d816ac550b7ece                         • android-arm64  • Android 10 (API 29)
  2201116PG (mobile)           • 575ecf2cbd24                             • android-arm64  • Android 13 (API 33)
  SM G935F (mobile)            • 9885e6503930304946                       • android-arm64  • Android 8.0.0 (API 26)
  SM G970F (mobile)            • RF8M2125DAJ                              • android-arm64  • Android 12 (API 31)
  SM G970F (mobile)            • RF8M40MT6AW                              • android-arm64  • Android 12 (API 31)
  SM G970F (mobile)            • RF8M90QE7LX                              • android-arm64  • Android 12 (API 31)
  iPad (5) (mobile)            • 8b406aa5c597eab4c4dfd9908f4a09b10a89ec63 • ios            • iOS 17.7.11 21H461
  iPhone (mobile)              • 00008030-000D05302190402E                • ios            • iOS 26.2 23C55
  José Ramón’s iPhone (mobile) • 00008101-000A68811E43001E                • ios            • iOS 26.5 23F77
  macOS (desktop)              • macos                                    • darwin-arm64   • macOS 26.4.1 25E253 darwin-arm64
  Chrome (web)                 • chrome                                   • web-javascript • Google Chrome 149.0.7827.201

Run "flutter emulators" to list and start any available device emulators.

If you expected another device to be detected, please run "flutter doctor" to diagnose potential issues. Visit https://flutter.dev/setup/ for troubleshooting tips.
[exit-code] 0

$ ssh -o BatchMode=yes -o ConnectTimeout=5 mba13 xcrun devicectl device info details --device 0A947DBD-A462-5BAA-AB84-17F143D41619
Install Started
Install Failed: Authorisation is required to install the packages.
Gathering device information…
Current device information:
• identifier: 0A947DBD-A462-5BAA-AB84-17F143D41619
• tags: 
▿ hardwareProperties:
    • cpuType: arm64 (type: 16777228, subtype: 0)
    • deviceType: iPad
    • ecid: 4003463842304166
    • hardwareModel: J71bAP
    • internalStorageCapacity: 32000000000
    • isProductionFused: true
    • marketingName: iPad (6th generation) (Model A1893)
    • platform: iOS
    • productType: iPad7,5
    • reality: physical
    • serialNumber: DMPW528HJF8K
    ▿ supportedCPUTypes:
        • arm64 (type: 16777228, subtype: 0)
        • unknown-12-13 (type: 12, subtype: 13)
    • supportedDeviceFamilies: [1, 2]
    • thinningProductType: iPad7,5
    • udid: 8b406aa5c597eab4c4dfd9908f4a09b10a89ec63
▿ deviceProperties:
    • bootState: booted
    • ddiServicesAvailable: true
    • developerModeStatus: enabled
    • hasInternalOSBuild: false
    • name: iPad (5)
    • osBuildUpdate: 21H461
    • osVersionNumber: 17.7.11
    ▿ providerSpecificValues:
        • hasAMRestorableDeviceRef: true
    • rootFileSystemIsWritable: false
    • bootedFromSnapshot: true
    • bootedSnapshotName: com.apple.os.update-87253FEA1A5E1C6202739DA5112B7F7F03A085FE06EEA031E7CF9B829F4E11AE
    • supportsCheckedAllocations: false
▿ connectionProperties:
    • authenticationType: manualPairing
    • isMobileDeviceOnly: false
    • lastConnectionDate: 2026-07-08 20:14:00 +0000
    ▿ localHostnames:
        • iPad-5.coredevice.local
        • 0A947DBD-A462-5BAA-AB84-17F143D41619.coredevice.local
        • 8b406aa5c597eab4c4dfd9908f4a09b10a89ec63.coredevice.local
    ▿ potentialHostnames:
        • iPad-5.coredevice.local
        • 0A947DBD-A462-5BAA-AB84-17F143D41619.coredevice.local
        • 8b406aa5c597eab4c4dfd9908f4a09b10a89ec63.coredevice.local
    • pairingState: paired
    • transportType: wired
    • tunnelTransportProtocol: tcp
    • tunnelIPAddress: fdab:66be:8352::1
    • tunnelState: connected
▿ capabilities:
    • Acquire Usage Assertion (com.apple.coredevice.feature.acquireusageassertion)
    • Application Control (com.apple.coredevice.feature.applicationcontrol)
    • Capture Sysdiagnose (com.apple.coredevice.feature.capturesysdiagnose)
    • Create Service Connection (com.apple.dt.serviceconnection.create)
    • Create Service Socket (com.apple.dt.servicesocket.create)
    • Disable Developer Disk Image Services (com.apple.coredevice.feature.disableddiservices)
    • Disconnect from Device (com.apple.coredevice.feature.disconnectdevice)
    • Fetch Application Icons (com.apple.coredevice.feature.fetchappicons)
    • Fetch AuthListing Identifiers (com.apple.coredevice.feature.getauthlistingidentifiers)
    • Fetch Developer Disk Image Services Metadata (com.apple.coredevice.feature.fetchddimetadata)
    • Fetch Extended Device Info (com.apple.coredevice.feature.getdeviceinfo)
    • Get Display Information (com.apple.coredevice.feature.getdisplayinfo)
    • Get Lock State (com.apple.coredevice.feature.getlockstate)
    • Install Application (com.apple.coredevice.feature.installapp)
    • Install Root (com.apple.coredevice.feature.installroot)
    • Launch Application (com.apple.coredevice.feature.launchapplication)
    • List Files (com.apple.coredevice.feature.listFiles)
    • List Roots (com.apple.coredevice.feature.listroots)
    • Modify Tags (com.apple.coredevice.feature.tags)
    • Modify credentials for default users for a device (com.apple.coredevice.feature.default.user.credentials)
    • Monitor Process for Termination (com.apple.coredevice.feature.monitorprocesstermination)
    • Post Darwin Notification (com.apple.dt.customer.postdarwinnotification)
    • Process Control (com.apple.coredevice.feature.processcontrol)
    • Query MobileGestalt (com.apple.coredevice.feature.querymobilegestalt)
    • Reboot Device (com.apple.coredevice.feature.rebootdevice)
    • Send Memory Warning to Process (com.apple.coredevice.feature.sendmemorywarningtoprocess)
    • Send Signal to Process (com.apple.coredevice.feature.sendsignaltoprocess)
    • Service Hub Profile (com.apple.dt.profile)
    • Spawn Executable (com.apple.coredevice.feature.spawnexecutable)
    • Stream Application List (com.apple.coredevice.feature.streamapplist)
    • Stream Process List (com.apple.coredevice.feature.streamprocesslist)
    • Transfer Files (com.apple.coredevice.feature.transferFiles)
    • Uninstall Application (com.apple.coredevice.feature.uninstallapp)
    • Uninstall Root (com.apple.coredevice.feature.uninstallroot)
    • Unpair Device (com.apple.coredevice.feature.unpairdevice)
• visibilityClass: default
[exit-code] 0

$ ssh -o BatchMode=yes -o ConnectTimeout=5 mba13 adb devices -l
List of devices attached
29d816ac550b7ece       device usb:1-1.3.2 product:starltexx model:SM_G960F device:starlte transport_id:3
575ecf2cbd24           device usb:1-1.1.1 product:veux_p_eea model:2201116PG device:veux transport_id:10
9885e6503930304946     device usb:1-1.3.3 product:hero2ltexx model:SM_G935F device:hero2lte transport_id:4
RF8M2125DAJ            device usb:1-1.4 product:beyond0lteeea model:SM_G970F device:beyond0 transport_id:33
RF8M40MT6AW            device usb:1-1.1.4 product:beyond0lteeea model:SM_G970F device:beyond0 transport_id:11
RF8M90QE7LX            device usb:1-1.1.2 product:beyond0lteeea model:SM_G970F device:beyond0 transport_id:15

[exit-code] 0

$ ssh -o BatchMode=yes -o ConnectTimeout=5 mba13 xcrun devicectl device info lockState --device 0A947DBD-A462-5BAA-AB84-17F143D41619
Install Started
Install Failed: Authorisation is required to install the packages.
22:16:45  Acquired tunnel connection to device.
22:16:45  Acquired usage assertion.
Current device lock state:
• deviceIdentifier: 0A947DBD-A462-5BAA-AB84-17F143D41619
• passcodeRequired: false
• unlockedSinceBoot: true
[exit-code] 0
