# HydraCam evidence run command log

$ flutter test test/slave/slave_screen_fast_connect_test.dart --plain-name identify command acknowledgement shows visible slave frame
00:00 +0: loading /Users/jose/src/work/hydracamv2/test/slave/slave_screen_fast_connect_test.dart
00:00 +0: identify command acknowledgement shows visible slave frame
Log registered: {message: Skipping slave network readiness for forced preferred master 192.168.178.153., timestamp: 2026-06-09 04:45:47.093882, function: null, file: null}
Log registered: {message: Connecting to master at IP: 192.168.178.153, timestamp: 2026-06-09 04:45:47.095977, function: null, file: null}
00:00 +1: All tests passed!

[stderr]
The following plugins do not support Swift Package Manager for ios:
  - photo_manager
  - permission_handler_apple
  - disk_space_plus
This will become an error in a future version of Flutter. Please contact the plugin maintainers to request Swift Package Manager adoption.
The following plugins do not support Swift Package Manager for macos:
  - photo_manager
This will become an error in a future version of Flutter. Please contact the plugin maintainers to request Swift Package Manager adoption.
[exit-code] 0

$ flutter test test/slave/slave_screen_fast_connect_test.dart
00:00 +0: loading /Users/jose/src/work/hydracamv2/test/slave/slave_screen_fast_connect_test.dart
00:00 +0: forced preferred master connects without network readiness probe
Log registered: {message: Skipping slave network readiness for forced preferred master 192.168.178.153., timestamp: 2026-06-09 04:45:50.498671, function: null, file: null}
Log registered: {message: Connecting to master at IP: 192.168.178.153, timestamp: 2026-06-09 04:45:50.500719, function: null, file: null}
00:00 +1: slave app bar opens uploader info directly
Log registered: {message: Skipping slave network readiness for forced preferred master 192.168.178.153., timestamp: 2026-06-09 04:45:50.708939, function: null, file: null}
Log registered: {message: Connecting to master at IP: 192.168.178.153, timestamp: 2026-06-09 04:45:50.709680, function: null, file: null}
00:00 +2: connectivity stream errors are logged without uncaught exception
Log registered: {message: Skipping slave network readiness for forced preferred master 192.168.178.153., timestamp: 2026-06-09 04:45:50.870788, function: null, file: null}
Log registered: {message: Connecting to master at IP: 192.168.178.153, timestamp: 2026-06-09 04:45:50.871074, function: null, file: null}
Log registered: {message: Connectivity change listener failed: SocketException: dbus unavailable
#0      main.<anonymous closure> (file:///Users/jose/src/work/hydracamv2/test/slave/slave_screen_fast_connect_test.dart:218:18)
<asynchronous suspension>
#1      testWidgets.<anonymous closure>.<anonymous closure> (package:flutter_test/src/widget_tester.dart:192:15)
<asynchronous suspension>
#2      TestWidgetsFlutterBinding._runTestBody (package:flutter_test/src/binding.dart:1952:5)
<asynchronous suspension>
#3      StackZoneSpecification._registerCallback.<anonymous closure> (package:stack_trace/src/stack_zone_specification.dart:114:42)
<asynchronous suspension>
, timestamp: 2026-06-09 04:45:50.889479, function: null, file: null}
00:00 +3: linux skips default connectivity stream subscription
Log registered: {message: Skipping connectivity change listener on linux; network readiness will be checked on demand., timestamp: 2026-06-09 04:45:50.907343, function: null, file: null}
Log registered: {message: Skipping slave network readiness for forced preferred master 192.168.178.153., timestamp: 2026-06-09 04:45:50.907571, function: null, file: null}
Log registered: {message: Connecting to master at IP: 192.168.178.153, timestamp: 2026-06-09 04:45:50.907675, function: null, file: null}
00:00 +4: recording slave surface exposes safe stop control
Log registered: {message: Skipping slave network readiness for forced preferred master 192.168.178.153., timestamp: 2026-06-09 04:45:50.947995, function: null, file: null}
Log registered: {message: Connecting to master at IP: 192.168.178.153, timestamp: 2026-06-09 04:45:50.948231, function: null, file: null}
00:00 +5: recording slave screen auto-off dims and tap wakes
Log registered: {message: Skipping slave network readiness for forced preferred master 192.168.178.153., timestamp: 2026-06-09 04:45:51.009752, function: null, file: null}
Log registered: {message: Connecting to master at IP: 192.168.178.153, timestamp: 2026-06-09 04:45:51.009973, function: null, file: null}
00:00 +6: identify command acknowledgement shows visible slave frame
Log registered: {message: Skipping slave network readiness for forced preferred master 192.168.178.153., timestamp: 2026-06-09 04:45:51.068154, function: null, file: null}
Log registered: {message: Connecting to master at IP: 192.168.178.153, timestamp: 2026-06-09 04:45:51.068358, function: null, file: null}
00:00 +7: All tests passed!

[stderr]
The following plugins do not support Swift Package Manager for ios:
  - photo_manager
  - permission_handler_apple
  - disk_space_plus
This will become an error in a future version of Flutter. Please contact the plugin maintainers to request Swift Package Manager adoption.
The following plugins do not support Swift Package Manager for macos:
  - photo_manager
This will become an error in a future version of Flutter. Please contact the plugin maintainers to request Swift Package Manager adoption.
[exit-code] 0
