# HydraCam evidence run command log

$ flutter test test/services/scheduled_task_service_test.dart
00:00 +0: loading /Users/jose/src/work/hydracamv2/test/services/scheduled_task_service_test.dart
00:00 +0: computes delay from corrected local time
00:00 +1: runs scheduled tasks immediately when corrected time has passed
00:00 +2: past-due async scheduled tasks can be awaited
00:00 +3: keeps future corrected-time tasks cancellable
00:00 +4: cancelled scheduled tasks settle the returned future
00:00 +5: past-due replacement cancels same-id pending task
00:00 +6: All tests passed!

[stderr]
The following plugins do not support Swift Package Manager for ios:
  - photo_manager
  - permission_handler_apple
  - disk_space_plus
This will become an error in a future version of Flutter. Please contact the plugin maintainers to request Swift Package Manager adoption.
The following plugins do not support Swift Package Manager for macos:
  - photo_manager
This will become an error in a future version of Flutter. Please contact the plugin maintainers to request Swift Package Manager adoption.
[exit-code] 0
