# HydraCam evidence run command log

$ rg -n Upload file is empty|rejects empty files|fileLength == 0 lib/services/hydracam_api_service.dart test/services/hydracam_api_service_test.dart
test/services/hydracam_api_service_test.dart:308:  test("uploadMedia rejects empty files before HTTP send", () async {
test/services/hydracam_api_service_test.dart:338:      contains("Upload file is empty: ${emptyFile.path}"),
lib/services/hydracam_api_service.dart:425:      if (fileLength == 0) {
lib/services/hydracam_api_service.dart:426:        LogService.instance.registerLog("Upload file is empty: ${file.path}");
[exit-code] 0

$ dart format lib/services/hydracam_api_service.dart test/services/hydracam_api_service_test.dart
Formatted 2 files (0 changed) in 0.01 seconds.
[exit-code] 0

$ flutter test --no-pub test/services/hydracam_api_service_test.dart
00:00 +0: loading /Users/jose/src/work/hydracamv2/test/services/hydracam_api_service_test.dart
00:00 +0: uploadMedia includes app version fields in multipart metadata
Log registered: {message: Get token, timestamp: 2026-06-09 04:29:00.443387, function: null, file: null}
Log registered: {message: Media uploaded successfully, timestamp: 2026-06-09 04:29:00.467243, function: null, file: null}
00:00 +1: uploadMedia includes video recording end and duration metadata
00:00 +1: uploadMedia includes app version fields in multipart metadata
Trace file unavailable: MissingPluginException(No implementation found for method getApplicationDocumentsDirectory on channel plugins.flutter.io/path_provider)
00:00 +1: uploadMedia includes video recording end and duration metadata
Log registered: {message: Get token, timestamp: 2026-06-09 04:29:00.471691, function: null, file: null}
Log registered: {message: Media uploaded successfully, timestamp: 2026-06-09 04:29:00.474285, function: null, file: null}
00:00 +2: uploadMedia uses centralized upload-media contract fields
Log registered: {message: Get token, timestamp: 2026-06-09 04:29:00.476211, function: null, file: null}
Log registered: {message: Media uploaded successfully, timestamp: 2026-06-09 04:29:00.477465, function: null, file: null}
00:00 +3: uploadMedia omits video duration metadata for photo uploads
Log registered: {message: Get token, timestamp: 2026-06-09 04:29:00.479412, function: null, file: null}
Log registered: {message: Media uploaded successfully, timestamp: 2026-06-09 04:29:00.480381, function: null, file: null}
00:00 +4: createSession returns typed backend session from API response
Log registered: {message: Get token, timestamp: 2026-06-09 04:29:00.482521, function: null, file: null}
Log registered: {message: Session created successfully: HydraCamBackendSession(guid: backend-guid, sessionId: friendly-session, numericId: 42), timestamp: 2026-06-09 04:29:00.486277, function: null, file: null}
00:00 +5: uploadMedia rejects missing files before HTTP send
Log registered: {message: Upload file does not exist: /var/folders/6s/dp27g8gn26j9mp36sjfxb9tw0000gn/T/hydracam_api_testZtBdfS/missing-video.mp4, timestamp: 2026-06-09 04:29:00.488377, function: null, file: null}
00:00 +6: uploadMedia rejects empty files before HTTP send
Log registered: {message: Upload file is empty: /var/folders/6s/dp27g8gn26j9mp36sjfxb9tw0000gn/T/hydracam_api_testVJfJzO/empty-video.mp4, timestamp: 2026-06-09 04:29:00.490454, function: null, file: null}
00:00 +7: fetchCourts preserves encoded sports center query values
Log registered: {message: Get token, timestamp: 2026-06-09 04:29:00.492456, function: null, file: null}
Log registered: {message: Parsed list (courts): [], timestamp: 2026-06-09 04:29:00.493455, function: null, file: null}
00:00 +8: endSession preserves encoded session guid query values
Log registered: {message: Get token, timestamp: 2026-06-09 04:29:00.494947, function: null, file: null}
Log registered: {message: Session ended successfully, timestamp: 2026-06-09 04:29:00.495526, function: null, file: null}
00:00 +9: user lookups use centralized user contract endpoints
Log registered: {message: Get token, timestamp: 2026-06-09 04:29:00.496984, function: null, file: null}
Log registered: {message: Get token, timestamp: 2026-06-09 04:29:00.497755, function: null, file: null}
00:00 +10: All tests passed!
[exit-code] 0
