# HydraCam evidence run command log

$ git status -sb
## master-jose-2025...github/master-jose-2025
 M AGENTS.md
 M docs/control/README.md
 M docs/control/backlog-import.md
 M docs/control/win11-dev-host.md
 M lib/main.dart
 M lib/master/connected_client_automation_payload.dart
 M lib/master/master_screen.dart
 M lib/master/master_server.dart
 M lib/screens/media_selection_screen.dart
 M lib/screens/settings_screen.dart
 M lib/screens/uploader_info_screen.dart
 M lib/services/auth0_service.dart
 M lib/services/battery_service.dart
 M lib/services/camera_service.dart
 M lib/services/hydracam_api_service.dart
 M lib/services/scheduled_task_service.dart
 M lib/services/session_manager.dart
 M lib/services/settings_service.dart
 M lib/services/uploader_service.dart
 M lib/services/user_service.dart
 M lib/slave/slave_client.dart
 M lib/slave/slave_screen.dart
 M lib/widgets/add_gallery_media_button.dart
 M lib/widgets/media_filter_dialog.dart
 M lib/widgets/media_list_widget.dart
 M lib/widgets/session_info_widget.dart
 M lib/widgets/settings_option.dart
 M linux/flutter/generated_plugin_registrant.cc
 M linux/flutter/generated_plugins.cmake
 M macos/Flutter/GeneratedPluginRegistrant.swift
 M pubspec.lock
 M pubspec.yaml
 M test/master/connected_client_automation_payload_test.dart
 M test/master/master_network_snapshot_cache_test.dart
 M test/screens/capture_settings_screen_test.dart
 M test/services/battery_service_test.dart
 M test/services/camera_service_failure_test.dart
 M test/services/session_manager_test.dart
 M test/services/settings_service_test.dart
 M test/slave/slave_client_registration_test.dart
 M test/slave/slave_screen_fast_connect_test.dart
 M test/widgets/session_info_widget_test.dart
 M windows/flutter/generated_plugin_registrant.cc
 M windows/flutter/generated_plugins.cmake
?? docs/control/hydracam-mobo-media-timeline-merge-plan.md
?? lib/services/gallery_session_candidate_source.dart
?? lib/services/gallery_session_matcher.dart
?? logs/verification-runs/20260608-1745-critical-battery-autostop/
?? logs/verification-runs/20260608-1751-device-identity-diagnostics/
?? logs/verification-runs/20260608-1756-uploader-reset-progress-hygiene/
?? logs/verification-runs/20260608-1759-failed-upload-visible-state/
?? logs/verification-runs/20260608-1804-upload-byte-progress-visible/
?? logs/verification-runs/20260608-1807-explicit-upload-requeue-actions/
?? logs/verification-runs/20260608-1809-autograbado-setting-toggle/
?? logs/verification-runs/20260608-1816-gallery-session-window-matcher/
?? logs/verification-runs/20260608-1826-scheduled-task-clock-offset/
?? logs/verification-runs/20260608-1830-upload-time-estimate-visible/
?? logs/verification-runs/20260608-1834-same-session-rejoin-preserves-media/
?? logs/verification-runs/20260608-1838-gallery-browse-all-filter-action/
?? logs/verification-runs/20260608-1843-pending-upload-cancel-control/
?? logs/verification-runs/20260608-1848-autograbado-session-autostart/
?? logs/verification-runs/20260608-1855-start-upload-all-slave-command/
?? logs/verification-runs/20260608-1901-upload-app-version-metadata/
?? logs/verification-runs/20260608-1910-disconnected-device-state-master-list/
?? logs/verification-runs/20260608-1918-stale-inflight-upload-reset-guard/
?? logs/verification-runs/20260608-1922-slave-upload-info-action/
?? logs/verification-runs/20260608-1933-inflight-upload-cancel-control/
?? logs/verification-runs/20260608-1938-auth0-refresh-scope/
?? logs/verification-runs/20260608-1944-gallery-scan-active-session-preserved/
?? logs/verification-runs/20260608-1948-gallery-candidate-session-labels/
?? logs/verification-runs/20260608-1953-gallery-historical-session-candidate-source/
?? logs/verification-runs/20260608-2000-auth0-secure-credential-store/
?? logs/verification-runs/20260608-2006-auth0-startup-restore-valid-credentials/
?? logs/verification-runs/20260608-2011-20260608-2012-auth0-refresh-expired-credentials/
?? logs/verification-runs/20260608-2017-auth0-logout-clears-credentials/
?? logs/verification-runs/20260608-2022-user-guid-restore-after-auth0-restore/
?? logs/verification-runs/20260608-2030-master-device-list-summary-sort/
?? logs/verification-runs/20260608-win11-android-studio-ide-repair/
?? test/screens/media_selection_screen_test.dart
?? test/screens/uploader_info_screen_test.dart
?? test/services/auth0_service_test.dart
?? test/services/gallery_session_candidate_source_test.dart
?? test/services/gallery_session_matcher_test.dart
?? test/services/hydracam_api_service_test.dart
?? test/services/scheduled_task_service_test.dart
?? test/services/uploader_service_test.dart
?? test/services/user_service_test.dart
?? test/widgets/media_filter_dialog_test.dart
?? test/widgets/media_list_widget_test.dart
[exit-code] 0

$ flutter test --no-pub test/master/connected_client_automation_payload_test.dart test/master/master_network_snapshot_cache_test.dart
00:00 +0: loading /Users/jose/src/work/hydracamv2/test/master/connected_client_automation_payload_test.dart
00:00 +0: /Users/jose/src/work/hydracamv2/test/master/connected_client_automation_payload_test.dart: connected client automation payload exposes client readiness
00:00 +1: /Users/jose/src/work/hydracamv2/test/master/connected_client_automation_payload_test.dart: connected client automation payload includes disconnected diagnostics
00:00 +2: /Users/jose/src/work/hydracamv2/test/master/connected_client_automation_payload_test.dart: connected client automation payload summarizes and orders known clients
00:00 +2 -1: /Users/jose/src/work/hydracamv2/test/master/connected_client_automation_payload_test.dart: connected client automation payload summarizes and orders known clients [E]
  Expected: <2>
    Actual: <null>

  package:matcher                                                  expect
  package:flutter_test/src/widget_tester.dart 473:18               expect
  test/master/connected_client_automation_payload_test.dart 108:5  main.<fn>

00:00 +2 -1: /Users/jose/src/work/hydracamv2/test/master/master_network_snapshot_cache_test.dart: master socket binding supports rapid shared rebind
00:00 +3 -1: /Users/jose/src/work/hydracamv2/test/master/master_network_snapshot_cache_test.dart: master network snapshot cache reuses snapshots inside ttl
00:00 +4 -1: /Users/jose/src/work/hydracamv2/test/master/master_network_snapshot_cache_test.dart: master server exposes connected client before network refresh completes
00:00 +5 -1: /Users/jose/src/work/hydracamv2/test/master/master_network_snapshot_cache_test.dart: master server preserves optional camera setup status
00:00 +6 -1: /Users/jose/src/work/hydracamv2/test/master/master_network_snapshot_cache_test.dart: stale socket close does not remove current client registration
Log registered: {message: Client slave-a disconnected. Total clients: 0, timestamp: 2026-06-08 20:28:39.269880, function: null, file: null}
Trace file unavailable: Binding has not yet been initialized.
The "instance" getter on the ServicesBinding binding mixin is only available once that binding has been initialized.
Typically, this is done by calling "WidgetsFlutterBinding.ensureInitialized()" or "runApp()" (the latter calls the former). Typically this call is done in the "void main()" method. The "ensureInitialized" method is idempotent; calling it multiple times is not harmful. After calling that method, the "instance" getter will return the binding.
In a test, one can call "TestWidgetsFlutterBinding.ensureInitialized()" as the first line in the test's "main()" method to initialize the binding.
If ServicesBinding is a custom binding mixin, there must also be a custom binding class, like WidgetsFlutterBinding, but that mixes in the selected binding, and that is the class that must be constructed before using the "instance" getter.
00:00 +7 -1: /Users/jose/src/work/hydracamv2/test/master/master_network_snapshot_cache_test.dart: master server retains disconnected device status after socket removal
Log registered: {message: Client slave-a disconnected. Total clients: 0, timestamp: 2026-06-08 20:28:39.282201, function: null, file: null}
00:00 +8 -1: /Users/jose/src/work/hydracamv2/test/master/master_network_snapshot_cache_test.dart: master server orders connected devices before disconnected history
Log registered: {message: Client a-stale-slave disconnected. Total clients: 0, timestamp: 2026-06-08 20:28:39.283440, function: null, file: null}
00:00 +8 -2: /Users/jose/src/work/hydracamv2/test/master/master_network_snapshot_cache_test.dart: master server orders connected devices before disconnected history [E]
  Expected: ['z-live-slave', 'a-stale-slave']
    Actual: MappedListIterable<ConnectedDeviceInfo, String>:[
              'a-stale-slave',
              'z-live-slave'
            ]
     Which: at location [0] is 'a-stale-slave' instead of 'z-live-slave'

  package:matcher                                            expect
  package:flutter_test/src/widget_tester.dart 473:18         expect
  test/master/master_network_snapshot_cache_test.dart 275:5  main.<fn>

00:00 +8 -2: Some tests failed.

Failing tests:
  /Users/jose/src/work/hydracamv2/test/master/connected_client_automation_payload_test.dart: connected client automation payload summarizes and orders known clients
  /Users/jose/src/work/hydracamv2/test/master/master_network_snapshot_cache_test.dart: master server orders connected devices before disconnected history
[exit-code] 1

$ flutter test --no-pub test/master/connected_client_automation_payload_test.dart test/master/master_network_snapshot_cache_test.dart
00:00 +0: loading /Users/jose/src/work/hydracamv2/test/master/connected_client_automation_payload_test.dart
00:00 +0: /Users/jose/src/work/hydracamv2/test/master/connected_client_automation_payload_test.dart: connected client automation payload exposes client readiness
00:00 +1: /Users/jose/src/work/hydracamv2/test/master/connected_client_automation_payload_test.dart: connected client automation payload includes disconnected diagnostics
00:00 +2: /Users/jose/src/work/hydracamv2/test/master/connected_client_automation_payload_test.dart: connected client automation payload summarizes and orders known clients
00:00 +3: /Users/jose/src/work/hydracamv2/test/master/master_network_snapshot_cache_test.dart: master socket binding supports rapid shared rebind
00:00 +4: /Users/jose/src/work/hydracamv2/test/master/master_network_snapshot_cache_test.dart: master network snapshot cache reuses snapshots inside ttl
00:00 +5: /Users/jose/src/work/hydracamv2/test/master/master_network_snapshot_cache_test.dart: master server exposes connected client before network refresh completes
00:00 +6: /Users/jose/src/work/hydracamv2/test/master/master_network_snapshot_cache_test.dart: master server preserves optional camera setup status
00:00 +7: /Users/jose/src/work/hydracamv2/test/master/master_network_snapshot_cache_test.dart: stale socket close does not remove current client registration
Log registered: {message: Client slave-a disconnected. Total clients: 0, timestamp: 2026-06-08 20:29:56.027775, function: null, file: null}
00:00 +8: /Users/jose/src/work/hydracamv2/test/master/master_network_snapshot_cache_test.dart: master server retains disconnected device status after socket removal
00:00 +8: /Users/jose/src/work/hydracamv2/test/master/master_network_snapshot_cache_test.dart: stale socket close does not remove current client registration
Trace file unavailable: MissingPluginException(No implementation found for method getApplicationDocumentsDirectory on channel plugins.flutter.io/path_provider)
00:00 +8: /Users/jose/src/work/hydracamv2/test/master/master_network_snapshot_cache_test.dart: master server retains disconnected device status after socket removal
Log registered: {message: Client slave-a disconnected. Total clients: 0, timestamp: 2026-06-08 20:29:56.032952, function: null, file: null}
00:00 +9: /Users/jose/src/work/hydracamv2/test/master/master_network_snapshot_cache_test.dart: master server orders connected devices before disconnected history
Log registered: {message: Client a-stale-slave disconnected. Total clients: 0, timestamp: 2026-06-08 20:29:56.034545, function: null, file: null}
00:00 +10: All tests passed!
[exit-code] 0

$ git status -sb
## master-jose-2025...github/master-jose-2025
 M AGENTS.md
 M docs/control/README.md
 M docs/control/backlog-import.md
 M docs/control/win11-dev-host.md
 M lib/main.dart
 M lib/master/connected_client_automation_payload.dart
 M lib/master/master_screen.dart
 M lib/master/master_server.dart
 M lib/screens/media_selection_screen.dart
 M lib/screens/settings_screen.dart
 M lib/screens/uploader_info_screen.dart
 M lib/services/auth0_service.dart
 M lib/services/battery_service.dart
 M lib/services/camera_service.dart
 M lib/services/hydracam_api_service.dart
 M lib/services/scheduled_task_service.dart
 M lib/services/session_manager.dart
 M lib/services/settings_service.dart
 M lib/services/uploader_service.dart
 M lib/services/user_service.dart
 M lib/slave/slave_client.dart
 M lib/slave/slave_screen.dart
 M lib/widgets/add_gallery_media_button.dart
 M lib/widgets/media_filter_dialog.dart
 M lib/widgets/media_list_widget.dart
 M lib/widgets/session_info_widget.dart
 M lib/widgets/settings_option.dart
 M linux/flutter/generated_plugin_registrant.cc
 M linux/flutter/generated_plugins.cmake
 M macos/Flutter/GeneratedPluginRegistrant.swift
 M pubspec.lock
 M pubspec.yaml
 M test/master/connected_client_automation_payload_test.dart
 M test/master/master_network_snapshot_cache_test.dart
 M test/screens/capture_settings_screen_test.dart
 M test/services/battery_service_test.dart
 M test/services/camera_service_failure_test.dart
 M test/services/session_manager_test.dart
 M test/services/settings_service_test.dart
 M test/slave/slave_client_registration_test.dart
 M test/slave/slave_screen_fast_connect_test.dart
 M test/widgets/session_info_widget_test.dart
 M windows/flutter/generated_plugin_registrant.cc
 M windows/flutter/generated_plugins.cmake
?? docs/control/hydracam-mobo-media-timeline-merge-plan.md
?? lib/services/gallery_session_candidate_source.dart
?? lib/services/gallery_session_matcher.dart
?? logs/verification-runs/20260608-1745-critical-battery-autostop/
?? logs/verification-runs/20260608-1751-device-identity-diagnostics/
?? logs/verification-runs/20260608-1756-uploader-reset-progress-hygiene/
?? logs/verification-runs/20260608-1759-failed-upload-visible-state/
?? logs/verification-runs/20260608-1804-upload-byte-progress-visible/
?? logs/verification-runs/20260608-1807-explicit-upload-requeue-actions/
?? logs/verification-runs/20260608-1809-autograbado-setting-toggle/
?? logs/verification-runs/20260608-1816-gallery-session-window-matcher/
?? logs/verification-runs/20260608-1826-scheduled-task-clock-offset/
?? logs/verification-runs/20260608-1830-upload-time-estimate-visible/
?? logs/verification-runs/20260608-1834-same-session-rejoin-preserves-media/
?? logs/verification-runs/20260608-1838-gallery-browse-all-filter-action/
?? logs/verification-runs/20260608-1843-pending-upload-cancel-control/
?? logs/verification-runs/20260608-1848-autograbado-session-autostart/
?? logs/verification-runs/20260608-1855-start-upload-all-slave-command/
?? logs/verification-runs/20260608-1901-upload-app-version-metadata/
?? logs/verification-runs/20260608-1910-disconnected-device-state-master-list/
?? logs/verification-runs/20260608-1918-stale-inflight-upload-reset-guard/
?? logs/verification-runs/20260608-1922-slave-upload-info-action/
?? logs/verification-runs/20260608-1933-inflight-upload-cancel-control/
?? logs/verification-runs/20260608-1938-auth0-refresh-scope/
?? logs/verification-runs/20260608-1944-gallery-scan-active-session-preserved/
?? logs/verification-runs/20260608-1948-gallery-candidate-session-labels/
?? logs/verification-runs/20260608-1953-gallery-historical-session-candidate-source/
?? logs/verification-runs/20260608-2000-auth0-secure-credential-store/
?? logs/verification-runs/20260608-2006-auth0-startup-restore-valid-credentials/
?? logs/verification-runs/20260608-2011-20260608-2012-auth0-refresh-expired-credentials/
?? logs/verification-runs/20260608-2017-auth0-logout-clears-credentials/
?? logs/verification-runs/20260608-2022-user-guid-restore-after-auth0-restore/
?? logs/verification-runs/20260608-2030-master-device-list-summary-sort/
?? logs/verification-runs/20260608-win11-android-studio-ide-repair/
?? test/screens/media_selection_screen_test.dart
?? test/screens/uploader_info_screen_test.dart
?? test/services/auth0_service_test.dart
?? test/services/gallery_session_candidate_source_test.dart
?? test/services/gallery_session_matcher_test.dart
?? test/services/hydracam_api_service_test.dart
?? test/services/scheduled_task_service_test.dart
?? test/services/uploader_service_test.dart
?? test/services/user_service_test.dart
?? test/widgets/media_filter_dialog_test.dart
?? test/widgets/media_list_widget_test.dart
[exit-code] 0
