# HydraCam evidence run command log

$ python3 scripts/test_run_rotating_master_slave_matrix.py
{
  "captureTargetCount": 1,
  "repeatRoleSwitchCycles": 1,
  "roleSwitchOnly": true,
  "rotationCount": 1,
  "rotations": [
    {
      "clientCount": 0,
      "clientDeviceIds": [],
      "knownBlocker": null,
      "master": {
        "bridgeUrl": "http://127.0.0.1:4762",
        "captureEnabled": true,
        "deviceId": "macos",
        "expectedResult": "capture",
        "knownBlocker": null,
        "label": "macOS",
        "lens": "autoBack",
        "platform": "macos",
        "profile": "standard1080p30",
        "runtime": "macOS"
      },
      "masterDeviceId": "macos"
    }
  ],
  "runtimeRoleSwitch": true,
  "sharedBarrierPerRotation": true,
  "status": "dry_run",
  "targetCount": 1,
  "targets": [
    {
      "bridgeUrl": "http://127.0.0.1:4762",
      "captureEnabled": true,
      "deviceId": "macos",
      "expectedResult": "capture",
      "knownBlocker": null,
      "label": "macOS",
      "lens": "autoBack",
      "platform": "macos",
      "profile": "standard1080p30",
      "runtime": "macOS"
    }
  ]
}
{
  "captureTargetCount": 1,
  "repeatRoleSwitchCycles": 1,
  "roleSwitchOnly": true,
  "rotationCount": 1,
  "rotations": [
    {
      "clientCount": 0,
      "clientDeviceIds": [],
      "knownBlocker": null,
      "master": {
        "bridgeUrl": "http://127.0.0.1:4762",
        "captureEnabled": true,
        "deviceId": "macos",
        "expectedResult": "capture",
        "knownBlocker": null,
        "label": "macos",
        "lens": "autoBack",
        "platform": "macos",
        "profile": "standard1080p30",
        "runtime": "macos"
      },
      "masterDeviceId": "macos"
    }
  ],
  "runtimeRoleSwitch": true,
  "sharedBarrierPerRotation": true,
  "status": "dry_run",
  "targetCount": 1,
  "targets": [
    {
      "bridgeUrl": "http://127.0.0.1:4762",
      "captureEnabled": true,
      "deviceId": "macos",
      "expectedResult": "capture",
      "knownBlocker": null,
      "label": "macos",
      "lens": "autoBack",
      "platform": "macos",
      "profile": "standard1080p30",
      "runtime": "macos"
    }
  ]
}
=== Rotation master iphone ===
/var/folders/6s/dp27g8gn26j9mp36sjfxb9tw0000gn/T/hydracam_ios_profile_install_n0w_gjm0/run
warning: timed out granting android.permission.CAMERA on android-a; continuing
=== Rotation master android-a ===
/var/folders/6s/dp27g8gn26j9mp36sjfxb9tw0000gn/T/hydracam_skew_limit_jxzds1sy/run
=== Rotation master android-a ===
=== Rotation master ipad ===
/var/folders/6s/dp27g8gn26j9mp36sjfxb9tw0000gn/T/hydracam_prime_then_5nsx9pk5/run
/var/folders/6s/dp27g8gn26j9mp36sjfxb9tw0000gn/T/hydracam_prime_then_fail_o9qlas80/run
{
  "captureTargetCount": 1,
  "repeatRoleSwitchCycles": 1,
  "roleSwitchOnly": true,
  "rotationCount": 1,
  "rotations": [
    {
      "clientCount": 0,
      "clientDeviceIds": [],
      "knownBlocker": null,
      "master": {
        "bridgeUrl": "http://127.0.0.1:6400",
        "captureEnabled": true,
        "deviceId": "android-a",
        "expectedResult": "capture",
        "knownBlocker": null,
        "label": "Android A",
        "lens": "autoBack",
        "platform": "android",
        "profile": "standard1080p30",
        "runtime": "Android 12"
      },
      "masterDeviceId": "android-a"
    }
  ],
  "runtimeRoleSwitch": true,
  "sharedBarrierPerRotation": true,
  "status": "dry_run",
  "targetCount": 1,
  "targets": [
    {
      "bridgeUrl": "http://127.0.0.1:6400",
      "captureEnabled": true,
      "deviceId": "android-a",
      "expectedResult": "capture",
      "knownBlocker": null,
      "label": "Android A",
      "lens": "autoBack",
      "platform": "android",
      "profile": "standard1080p30",
      "runtime": "Android 12"
    }
  ]
}
=== Cycle 1/3 ===
=== Rotation master android-a ===
=== Rotation master macos ===
=== Cycle 2/3 ===
=== Rotation master android-a ===
=== Rotation master macos ===
=== Cycle 3/3 ===
=== Rotation master android-a ===
=== Rotation master macos ===
/var/folders/6s/dp27g8gn26j9mp36sjfxb9tw0000gn/T/hydracam_repeat_role_5vm2rcb2/run
=== Rotation master android-a ===
/var/folders/6s/dp27g8gn26j9mp36sjfxb9tw0000gn/T/hydracam_fast_role_verify_8yc1cfuw/run
=== Rotation master android-a ===
/var/folders/6s/dp27g8gn26j9mp36sjfxb9tw0000gn/T/hydracam_fast_standby_duwznqk2/run
=== Rotation master android-a ===
/var/folders/6s/dp27g8gn26j9mp36sjfxb9tw0000gn/T/hydracam_warm_run_aecloxmo/run
/var/folders/6s/dp27g8gn26j9mp36sjfxb9tw0000gn/T/hydracam_warm_prime_d0e2clvc/run
/var/folders/6s/dp27g8gn26j9mp36sjfxb9tw0000gn/T/hydracam_warm_prime_error_xr81x5zo/run
=== Rotation master android-a ===
/var/folders/6s/dp27g8gn26j9mp36sjfxb9tw0000gn/T/hydracam_staged_skip_wait_cfhdbanv/run
warning: timed out force-stopping com.amaia23.hydracam on android-a; continuing
=== Rotation master macos ===
/var/folders/6s/dp27g8gn26j9mp36sjfxb9tw0000gn/T/hydracam_latest_cache_update_1s3d7dj1/run
/var/folders/6s/dp27g8gn26j9mp36sjfxb9tw0000gn/T/hydracam_warm_prime_install_eb0_57o9/run

[stderr]
...................................................................................................
----------------------------------------------------------------------
Ran 99 tests in 0.652s

OK
[exit-code] 0

$ python3 scripts/test_run_rotating_master_slave_matrix.py
{
  "captureTargetCount": 1,
  "repeatRoleSwitchCycles": 1,
  "roleSwitchOnly": true,
  "rotationCount": 1,
  "rotations": [
    {
      "clientCount": 0,
      "clientDeviceIds": [],
      "knownBlocker": null,
      "master": {
        "bridgeUrl": "http://127.0.0.1:4762",
        "captureEnabled": true,
        "deviceId": "macos",
        "expectedResult": "capture",
        "knownBlocker": null,
        "label": "macOS",
        "lens": "autoBack",
        "platform": "macos",
        "profile": "standard1080p30",
        "runtime": "macOS"
      },
      "masterDeviceId": "macos"
    }
  ],
  "runtimeRoleSwitch": true,
  "sharedBarrierPerRotation": true,
  "status": "dry_run",
  "targetCount": 1,
  "targets": [
    {
      "bridgeUrl": "http://127.0.0.1:4762",
      "captureEnabled": true,
      "deviceId": "macos",
      "expectedResult": "capture",
      "knownBlocker": null,
      "label": "macOS",
      "lens": "autoBack",
      "platform": "macos",
      "profile": "standard1080p30",
      "runtime": "macOS"
    }
  ]
}
{
  "captureTargetCount": 1,
  "repeatRoleSwitchCycles": 1,
  "roleSwitchOnly": true,
  "rotationCount": 1,
  "rotations": [
    {
      "clientCount": 0,
      "clientDeviceIds": [],
      "knownBlocker": null,
      "master": {
        "bridgeUrl": "http://127.0.0.1:4762",
        "captureEnabled": true,
        "deviceId": "macos",
        "expectedResult": "capture",
        "knownBlocker": null,
        "label": "macos",
        "lens": "autoBack",
        "platform": "macos",
        "profile": "standard1080p30",
        "runtime": "macos"
      },
      "masterDeviceId": "macos"
    }
  ],
  "runtimeRoleSwitch": true,
  "sharedBarrierPerRotation": true,
  "status": "dry_run",
  "targetCount": 1,
  "targets": [
    {
      "bridgeUrl": "http://127.0.0.1:4762",
      "captureEnabled": true,
      "deviceId": "macos",
      "expectedResult": "capture",
      "knownBlocker": null,
      "label": "macos",
      "lens": "autoBack",
      "platform": "macos",
      "profile": "standard1080p30",
      "runtime": "macos"
    }
  ]
}
=== Rotation master iphone ===
/var/folders/6s/dp27g8gn26j9mp36sjfxb9tw0000gn/T/hydracam_ios_profile_install_nwrd9yuz/run
warning: timed out granting android.permission.CAMERA on android-a; continuing
=== Rotation master android-a ===
/var/folders/6s/dp27g8gn26j9mp36sjfxb9tw0000gn/T/hydracam_skew_limit_qqyaodw_/run
=== Rotation master android-a ===
=== Rotation master ipad ===
/var/folders/6s/dp27g8gn26j9mp36sjfxb9tw0000gn/T/hydracam_prime_then_vy9h7nby/run
/var/folders/6s/dp27g8gn26j9mp36sjfxb9tw0000gn/T/hydracam_prime_then_fail_bsxgagqw/run
{
  "captureTargetCount": 1,
  "repeatRoleSwitchCycles": 1,
  "roleSwitchOnly": true,
  "rotationCount": 1,
  "rotations": [
    {
      "clientCount": 0,
      "clientDeviceIds": [],
      "knownBlocker": null,
      "master": {
        "bridgeUrl": "http://127.0.0.1:6400",
        "captureEnabled": true,
        "deviceId": "android-a",
        "expectedResult": "capture",
        "knownBlocker": null,
        "label": "Android A",
        "lens": "autoBack",
        "platform": "android",
        "profile": "standard1080p30",
        "runtime": "Android 12"
      },
      "masterDeviceId": "android-a"
    }
  ],
  "runtimeRoleSwitch": true,
  "sharedBarrierPerRotation": true,
  "status": "dry_run",
  "targetCount": 1,
  "targets": [
    {
      "bridgeUrl": "http://127.0.0.1:6400",
      "captureEnabled": true,
      "deviceId": "android-a",
      "expectedResult": "capture",
      "knownBlocker": null,
      "label": "Android A",
      "lens": "autoBack",
      "platform": "android",
      "profile": "standard1080p30",
      "runtime": "Android 12"
    }
  ]
}
=== Cycle 1/3 ===
=== Rotation master android-a ===
=== Rotation master macos ===
=== Cycle 2/3 ===
=== Rotation master android-a ===
=== Rotation master macos ===
=== Cycle 3/3 ===
=== Rotation master android-a ===
=== Rotation master macos ===
/var/folders/6s/dp27g8gn26j9mp36sjfxb9tw0000gn/T/hydracam_repeat_role_b3elohaa/run
=== Rotation master android-a ===
/var/folders/6s/dp27g8gn26j9mp36sjfxb9tw0000gn/T/hydracam_fast_role_verify_wxj06jtp/run
=== Rotation master android-a ===
/var/folders/6s/dp27g8gn26j9mp36sjfxb9tw0000gn/T/hydracam_fast_standby_tqpqmktr/run
=== Rotation master android-a ===
/var/folders/6s/dp27g8gn26j9mp36sjfxb9tw0000gn/T/hydracam_warm_run_2qhgm2w0/run
/var/folders/6s/dp27g8gn26j9mp36sjfxb9tw0000gn/T/hydracam_warm_prime_tten7g9b/run
/var/folders/6s/dp27g8gn26j9mp36sjfxb9tw0000gn/T/hydracam_warm_prime_error_141v_qk0/run
=== Rotation master android-a ===
/var/folders/6s/dp27g8gn26j9mp36sjfxb9tw0000gn/T/hydracam_staged_skip_wait_jmtjl_xw/run
warning: timed out force-stopping com.amaia23.hydracam on android-a; continuing
=== Rotation master macos ===
/var/folders/6s/dp27g8gn26j9mp36sjfxb9tw0000gn/T/hydracam_latest_cache_update_f8v2_2tx/run
/var/folders/6s/dp27g8gn26j9mp36sjfxb9tw0000gn/T/hydracam_warm_prime_install_y6z2dfhr/run

[stderr]
.................................................................EE..................................
======================================================================
ERROR: test_prepare_android_target_reports_forward_timeout (__main__.RotatingMasterSlaveMatrixTests.test_prepare_android_target_reports_forward_timeout)
----------------------------------------------------------------------
Traceback (most recent call last):
  File "/Users/jose/src/work/hydracamv2/scripts/test_run_rotating_master_slave_matrix.py", line 2476, in test_prepare_android_target_reports_forward_timeout
    module.prepare_android_target(
    ~~~~~~~~~~~~~~~~~~~~~~~~~~~~~^
        target,
        ^^^^^^^
    ...<2 lines>...
        reuse_running_bridge=False,
        ^^^^^^^^^^^^^^^^^^^^^^^^^^^
    )
    ^
  File "/Users/jose/src/work/hydracamv2/scripts/run_rotating_master_slave_matrix.py", line 1447, in prepare_android_target
    run_command(
    ~~~~~~~~~~~^
        [
        ^
    ...<6 lines>...
        ]
        ^
    )
    ^
  File "/Users/jose/src/work/hydracamv2/scripts/test_run_rotating_master_slave_matrix.py", line 2467, in fake_run_command
    raise subprocess.TimeoutExpired(command, kwargs.get("timeout"))
subprocess.TimeoutExpired: Command '['adb', '-s', 'android-a', 'forward', 'tcp:6400', 'tcp:4762']' timed out after None seconds

======================================================================
ERROR: test_prepare_android_target_reports_install_timeout (__main__.RotatingMasterSlaveMatrixTests.test_prepare_android_target_reports_install_timeout)
----------------------------------------------------------------------
Traceback (most recent call last):
  File "/Users/jose/src/work/hydracamv2/scripts/test_run_rotating_master_slave_matrix.py", line 2447, in test_prepare_android_target_reports_install_timeout
    module.prepare_android_target(
    ~~~~~~~~~~~~~~~~~~~~~~~~~~~~~^
        target,
        ^^^^^^^
    ...<2 lines>...
        reuse_running_bridge=False,
        ^^^^^^^^^^^^^^^^^^^^^^^^^^^
    )
    ^
  File "/Users/jose/src/work/hydracamv2/scripts/run_rotating_master_slave_matrix.py", line 1444, in prepare_android_target
    run_command(["adb", "-s", target.device_id, "install", "-r", str(apk)])
    ~~~~~~~~~~~^^^^^^^^^^^^^^^^^^^^^^^^^^^^^^^^^^^^^^^^^^^^^^^^^^^^^^^^^^^^
  File "/Users/jose/src/work/hydracamv2/scripts/test_run_rotating_master_slave_matrix.py", line 2438, in fake_run_command
    raise subprocess.TimeoutExpired(command, kwargs.get("timeout"))
subprocess.TimeoutExpired: Command '['adb', '-s', 'android-a', 'install', '-r', '/tmp/app.apk']' timed out after None seconds

----------------------------------------------------------------------
Ran 101 tests in 0.623s

FAILED (errors=2)
[exit-code] 1

$ python3 scripts/test_run_rotating_master_slave_matrix.py
{
  "captureTargetCount": 1,
  "repeatRoleSwitchCycles": 1,
  "roleSwitchOnly": true,
  "rotationCount": 1,
  "rotations": [
    {
      "clientCount": 0,
      "clientDeviceIds": [],
      "knownBlocker": null,
      "master": {
        "bridgeUrl": "http://127.0.0.1:4762",
        "captureEnabled": true,
        "deviceId": "macos",
        "expectedResult": "capture",
        "knownBlocker": null,
        "label": "macOS",
        "lens": "autoBack",
        "platform": "macos",
        "profile": "standard1080p30",
        "runtime": "macOS"
      },
      "masterDeviceId": "macos"
    }
  ],
  "runtimeRoleSwitch": true,
  "sharedBarrierPerRotation": true,
  "status": "dry_run",
  "targetCount": 1,
  "targets": [
    {
      "bridgeUrl": "http://127.0.0.1:4762",
      "captureEnabled": true,
      "deviceId": "macos",
      "expectedResult": "capture",
      "knownBlocker": null,
      "label": "macOS",
      "lens": "autoBack",
      "platform": "macos",
      "profile": "standard1080p30",
      "runtime": "macOS"
    }
  ]
}
{
  "captureTargetCount": 1,
  "repeatRoleSwitchCycles": 1,
  "roleSwitchOnly": true,
  "rotationCount": 1,
  "rotations": [
    {
      "clientCount": 0,
      "clientDeviceIds": [],
      "knownBlocker": null,
      "master": {
        "bridgeUrl": "http://127.0.0.1:4762",
        "captureEnabled": true,
        "deviceId": "macos",
        "expectedResult": "capture",
        "knownBlocker": null,
        "label": "macos",
        "lens": "autoBack",
        "platform": "macos",
        "profile": "standard1080p30",
        "runtime": "macos"
      },
      "masterDeviceId": "macos"
    }
  ],
  "runtimeRoleSwitch": true,
  "sharedBarrierPerRotation": true,
  "status": "dry_run",
  "targetCount": 1,
  "targets": [
    {
      "bridgeUrl": "http://127.0.0.1:4762",
      "captureEnabled": true,
      "deviceId": "macos",
      "expectedResult": "capture",
      "knownBlocker": null,
      "label": "macos",
      "lens": "autoBack",
      "platform": "macos",
      "profile": "standard1080p30",
      "runtime": "macos"
    }
  ]
}
=== Rotation master iphone ===
/var/folders/6s/dp27g8gn26j9mp36sjfxb9tw0000gn/T/hydracam_ios_profile_install_hh40h33e/run
warning: timed out granting android.permission.CAMERA on android-a; continuing
=== Rotation master android-a ===
/var/folders/6s/dp27g8gn26j9mp36sjfxb9tw0000gn/T/hydracam_skew_limit_mnoe4o4a/run
=== Rotation master android-a ===
=== Rotation master ipad ===
/var/folders/6s/dp27g8gn26j9mp36sjfxb9tw0000gn/T/hydracam_prime_then_e9l4agtk/run
/var/folders/6s/dp27g8gn26j9mp36sjfxb9tw0000gn/T/hydracam_prime_then_fail_3otd1yoz/run
{
  "captureTargetCount": 1,
  "repeatRoleSwitchCycles": 1,
  "roleSwitchOnly": true,
  "rotationCount": 1,
  "rotations": [
    {
      "clientCount": 0,
      "clientDeviceIds": [],
      "knownBlocker": null,
      "master": {
        "bridgeUrl": "http://127.0.0.1:6400",
        "captureEnabled": true,
        "deviceId": "android-a",
        "expectedResult": "capture",
        "knownBlocker": null,
        "label": "Android A",
        "lens": "autoBack",
        "platform": "android",
        "profile": "standard1080p30",
        "runtime": "Android 12"
      },
      "masterDeviceId": "android-a"
    }
  ],
  "runtimeRoleSwitch": true,
  "sharedBarrierPerRotation": true,
  "status": "dry_run",
  "targetCount": 1,
  "targets": [
    {
      "bridgeUrl": "http://127.0.0.1:6400",
      "captureEnabled": true,
      "deviceId": "android-a",
      "expectedResult": "capture",
      "knownBlocker": null,
      "label": "Android A",
      "lens": "autoBack",
      "platform": "android",
      "profile": "standard1080p30",
      "runtime": "Android 12"
    }
  ]
}
=== Cycle 1/3 ===
=== Rotation master android-a ===
=== Rotation master macos ===
=== Cycle 2/3 ===
=== Rotation master android-a ===
=== Rotation master macos ===
=== Cycle 3/3 ===
=== Rotation master android-a ===
=== Rotation master macos ===
/var/folders/6s/dp27g8gn26j9mp36sjfxb9tw0000gn/T/hydracam_repeat_role_i16gburm/run
=== Rotation master android-a ===
/var/folders/6s/dp27g8gn26j9mp36sjfxb9tw0000gn/T/hydracam_fast_role_verify_2teklpu5/run
=== Rotation master android-a ===
/var/folders/6s/dp27g8gn26j9mp36sjfxb9tw0000gn/T/hydracam_fast_standby_jpv321l6/run
=== Rotation master android-a ===
/var/folders/6s/dp27g8gn26j9mp36sjfxb9tw0000gn/T/hydracam_warm_run_syuub3m8/run
/var/folders/6s/dp27g8gn26j9mp36sjfxb9tw0000gn/T/hydracam_warm_prime_bef1f2x7/run
/var/folders/6s/dp27g8gn26j9mp36sjfxb9tw0000gn/T/hydracam_warm_prime_error_11z4sd33/run
=== Rotation master android-a ===
/var/folders/6s/dp27g8gn26j9mp36sjfxb9tw0000gn/T/hydracam_staged_skip_wait_frjjt9ui/run
warning: timed out force-stopping com.amaia23.hydracam on android-a; continuing
=== Rotation master macos ===
/var/folders/6s/dp27g8gn26j9mp36sjfxb9tw0000gn/T/hydracam_latest_cache_update__lu8hkam/run
/var/folders/6s/dp27g8gn26j9mp36sjfxb9tw0000gn/T/hydracam_warm_prime_install_yktz1zvg/run

[stderr]
.....................................................................................................
----------------------------------------------------------------------
Ran 101 tests in 0.634s

OK
[exit-code] 0

$ python3 scripts/test_run_rotating_master_slave_matrix.py
{
  "captureTargetCount": 1,
  "repeatRoleSwitchCycles": 1,
  "roleSwitchOnly": true,
  "rotationCount": 1,
  "rotations": [
    {
      "clientCount": 0,
      "clientDeviceIds": [],
      "knownBlocker": null,
      "master": {
        "bridgeUrl": "http://127.0.0.1:4762",
        "captureEnabled": true,
        "deviceId": "macos",
        "expectedResult": "capture",
        "knownBlocker": null,
        "label": "macOS",
        "lens": "autoBack",
        "platform": "macos",
        "profile": "standard1080p30",
        "runtime": "macOS"
      },
      "masterDeviceId": "macos"
    }
  ],
  "runtimeRoleSwitch": true,
  "sharedBarrierPerRotation": true,
  "status": "dry_run",
  "targetCount": 1,
  "targets": [
    {
      "bridgeUrl": "http://127.0.0.1:4762",
      "captureEnabled": true,
      "deviceId": "macos",
      "expectedResult": "capture",
      "knownBlocker": null,
      "label": "macOS",
      "lens": "autoBack",
      "platform": "macos",
      "profile": "standard1080p30",
      "runtime": "macOS"
    }
  ]
}
{
  "captureTargetCount": 1,
  "repeatRoleSwitchCycles": 1,
  "roleSwitchOnly": true,
  "rotationCount": 1,
  "rotations": [
    {
      "clientCount": 0,
      "clientDeviceIds": [],
      "knownBlocker": null,
      "master": {
        "bridgeUrl": "http://127.0.0.1:4762",
        "captureEnabled": true,
        "deviceId": "macos",
        "expectedResult": "capture",
        "knownBlocker": null,
        "label": "macos",
        "lens": "autoBack",
        "platform": "macos",
        "profile": "standard1080p30",
        "runtime": "macos"
      },
      "masterDeviceId": "macos"
    }
  ],
  "runtimeRoleSwitch": true,
  "sharedBarrierPerRotation": true,
  "status": "dry_run",
  "targetCount": 1,
  "targets": [
    {
      "bridgeUrl": "http://127.0.0.1:4762",
      "captureEnabled": true,
      "deviceId": "macos",
      "expectedResult": "capture",
      "knownBlocker": null,
      "label": "macos",
      "lens": "autoBack",
      "platform": "macos",
      "profile": "standard1080p30",
      "runtime": "macos"
    }
  ]
}
=== Rotation master iphone ===
/var/folders/6s/dp27g8gn26j9mp36sjfxb9tw0000gn/T/hydracam_ios_profile_install_zusop4s8/run
warning: timed out granting android.permission.CAMERA on android-a; continuing
=== Rotation master android-a ===
/var/folders/6s/dp27g8gn26j9mp36sjfxb9tw0000gn/T/hydracam_skew_limit_1lpulebu/run
=== Rotation master android-a ===
=== Rotation master ipad ===
/var/folders/6s/dp27g8gn26j9mp36sjfxb9tw0000gn/T/hydracam_prime_then_95b_s0k2/run
/var/folders/6s/dp27g8gn26j9mp36sjfxb9tw0000gn/T/hydracam_prime_then_fail_wswm8iy6/run
{
  "captureTargetCount": 1,
  "repeatRoleSwitchCycles": 1,
  "roleSwitchOnly": true,
  "rotationCount": 1,
  "rotations": [
    {
      "clientCount": 0,
      "clientDeviceIds": [],
      "knownBlocker": null,
      "master": {
        "bridgeUrl": "http://127.0.0.1:6400",
        "captureEnabled": true,
        "deviceId": "android-a",
        "expectedResult": "capture",
        "knownBlocker": null,
        "label": "Android A",
        "lens": "autoBack",
        "platform": "android",
        "profile": "standard1080p30",
        "runtime": "Android 12"
      },
      "masterDeviceId": "android-a"
    }
  ],
  "runtimeRoleSwitch": true,
  "sharedBarrierPerRotation": true,
  "status": "dry_run",
  "targetCount": 1,
  "targets": [
    {
      "bridgeUrl": "http://127.0.0.1:6400",
      "captureEnabled": true,
      "deviceId": "android-a",
      "expectedResult": "capture",
      "knownBlocker": null,
      "label": "Android A",
      "lens": "autoBack",
      "platform": "android",
      "profile": "standard1080p30",
      "runtime": "Android 12"
    }
  ]
}
=== Cycle 1/3 ===
=== Rotation master android-a ===
=== Rotation master macos ===
=== Cycle 2/3 ===
=== Rotation master android-a ===
=== Rotation master macos ===
=== Cycle 3/3 ===
=== Rotation master android-a ===
=== Rotation master macos ===
/var/folders/6s/dp27g8gn26j9mp36sjfxb9tw0000gn/T/hydracam_repeat_role_8fql9y9u/run
=== Rotation master android-a ===
/var/folders/6s/dp27g8gn26j9mp36sjfxb9tw0000gn/T/hydracam_fast_role_verify_kdpa7lpg/run
=== Rotation master android-a ===
/var/folders/6s/dp27g8gn26j9mp36sjfxb9tw0000gn/T/hydracam_fast_standby_1vb5u7ce/run
=== Rotation master android-a ===
/var/folders/6s/dp27g8gn26j9mp36sjfxb9tw0000gn/T/hydracam_warm_run_0k98aapy/run
/var/folders/6s/dp27g8gn26j9mp36sjfxb9tw0000gn/T/hydracam_warm_prime_1qxnslz6/run
/var/folders/6s/dp27g8gn26j9mp36sjfxb9tw0000gn/T/hydracam_warm_prime_error_t6_zt_dx/run
=== Rotation master android-a ===
/var/folders/6s/dp27g8gn26j9mp36sjfxb9tw0000gn/T/hydracam_staged_skip_wait_1k43cxbl/run
warning: timed out force-stopping com.amaia23.hydracam on android-a; continuing
=== Rotation master macos ===
/var/folders/6s/dp27g8gn26j9mp36sjfxb9tw0000gn/T/hydracam_latest_cache_update_p8_rxqdu/run
/var/folders/6s/dp27g8gn26j9mp36sjfxb9tw0000gn/T/hydracam_warm_prime_install_lv0czeh2/run

[stderr]
.....................................................................................................
----------------------------------------------------------------------
Ran 101 tests in 0.615s

OK
[exit-code] 0

$ git diff --check
[exit-code] 0
