# HydraCam evidence run command log

$ git status --short
?? logs/verification-runs/20260611-0237-eight-target-random-master-role-switch/
?? logs/verification-runs/20260611-s7-s10e-hardware-ui-overflow-e2e/
?? logs/verification-runs/20260611-s7-two-s10e-hardware-ui-oriented-scroll-e2e/
?? logs/verification-runs/20260611-s7-two-s10e-hardware-ui-scroll-e2e/
?? logs/verification-runs/20260612-0649-visual-makeover-cross-platform-smoke/
?? logs/verification-runs/20260612-0657-regular-evaluation-tier-b-simulator-baseline/
?? logs/verification-runs/20260612-0703-regular-evaluation-tier-a-ipad-hardware-baseline/
?? logs/verification-runs/20260612-0706-local-ide-emulator-deploy-setup/
?? logs/verification-runs/20260612-1723-cleanup-attached-phone-validation/
?? logs/verification-runs/20260614-0941-hydracam-multicamera-legacy-mediatimeline-flow/
?? logs/verification-runs/20260615-1935-store-distribution-readiness/
?? logs/verification-runs/20260617-1033-test-android-apps-hardware-ui-smoke/
?? logs/verification-runs/20260617-1212-test-android-apps-hardware-ui-smoke-unlocked/
?? logs/verification-runs/20260617-1232-test-android-apps-s9-hardware-ui-smoke-unlocked/
?? logs/verification-runs/20260617-1435-auth0-cross-platform-evaluation/
?? logs/verification-runs/20260617-1929-uploader-reset-cancels-transport/
?? logs/verification-runs/20260617-1933-auth0-malformed-id-token-restore-cleanup/
?? logs/verification-runs/20260617-1938-user-restore-blank-email-guard/
?? logs/verification-runs/20260617-1941-user-login-blank-email-guard/
?? logs/verification-runs/20260617-1944-auth0-email-claim-normalization/
?? logs/verification-runs/20260617-1947-auth0-login-failure-clears-stale-session/
?? logs/verification-runs/20260617-1948-ipad-prepare-camera-stuck/
?? logs/verification-runs/20260617-1949-auth0-blank-stored-token-guards/
?? logs/verification-runs/20260617-2019-ipad-legacy-upload-success-response/
?? logs/verification-runs/20260618-all-connected-redeploy/
?? logs/verification-runs/20260619-camera2-hls-emulator-smoke/camera2-hls-fixed/
?? logs/verification-runs/20260619-camera2-hls-emulator-smoke/camera2-hls/
?? logs/verification-runs/20260619-camera2-hls-emulator-smoke/synthetic-local/
?? logs/verification-runs/20260619-fixed-camera-local-hls-channel-emulator-smoke/
?? logs/verification-runs/20260619-hls-native-result-queue-raw-metadata-upload/
?? logs/verification-runs/20260619-live-hls-idempotency-proof/
?? logs/verification-runs/20260619-live-hls-playback-proof/
?? logs/verification-runs/20260619-local-fixed-camera-hls-timing-metadata/
?? logs/verification-runs/20260619-local-fixed-camera-hls-upload/
?? logs/verification-runs/20260619-native-hls-playlist-writer-emulator-smoke/
?? logs/verification-runs/20260619-native-mp4-fragment-writer-emulator-smoke/
?? logs/verification-runs/20260619-native-mp4-init-writer-emulator-smoke/
?? logs/verification-runs/20260621-1553-mba13-tailscale-phone-updates/
?? logs/verification-runs/20260622-1426-master-session-controls-compact-layout/
?? logs/verification-runs/20260622-1813-wearable-replay-non-hardware-proof/
?? logs/verification-runs/20260622-1818-wearable-replay-non-hardware-proof/
?? logs/verification-runs/20260622-1820-wearable-replay-non-hardware-proof/
?? logs/verification-runs/20260622-1825-wearable-replay-non-hardware-proof/
?? logs/verification-runs/20260622-1830-mba13-all-connected-devices-redeploy/
?? logs/verification-runs/20260622-1831-wearable-replay-non-hardware-proof/
?? logs/verification-runs/20260622-1843-mba13-rf8m21-and-ipad-continuation/
?? logs/verification-runs/20260622-1859-20260622-1902-mba13-published-source-all-connected-redeploy/
?? logs/verification-runs/20260622-1923-ui-flow-layout-sync-emulator-standby-landscape/
?? logs/verification-runs/20260622-1926-ui-flow-layout-sync-emulator-standby-landscape-rerun/
?? logs/verification-runs/20260622-1928-ui-flow-layout-sync-emulator-slave-screen-landscape/
?? logs/verification-runs/20260622-1932-ui-flow-layout-sync-emulator-standby-landscape-after-trim/
?? logs/verification-runs/20260622-1942-mba13-remote-device-dashboard-inventory/
?? logs/verification-runs/20260623-0318-s10e-physical-ui-proof/
?? logs/verification-runs/20260623-0330-s10e-physical-standby-proof/
?? logs/verification-runs/20260623-0333-s10e-physical-slave-landscape/
?? logs/verification-runs/20260623-0335-wearable-replay-real-device-rerun/
?? logs/verification-runs/browser-proof-smoke-2/
?? logs/verification-runs/browser-proof-smoke/
[exit-code] 0

$ flutter devices --device-timeout 10
Found 6 connected devices:
  SM G960F (mobile)      • 29d816ac550b7ece                     • android-arm64  • Android 10 (API 29)
  SM G970F (mobile)      • RF8M21J8XRT                          • android-arm64  • Android 12 (API 31)
  SM G970F (mobile)      • RF8M90QE7LX                          • android-arm64  • Android 12 (API 31)
  iPhone 16 Pro (mobile) • 6A2E7E6A-05F8-47D6-88AE-85E3434AC6D3 • ios            • com.apple.CoreSimulator.SimRuntime.iOS-18-4 (simulator)
  macOS (desktop)        • macos                                • darwin-arm64   • macOS 26.4.1 25E253 darwin-arm64
  Chrome (web)           • chrome                               • web-javascript • Google Chrome 149.0.7827.115

Found 2 wirelessly connected devices:
  iPad (5) (wireless) (mobile)            • 8b406aa5c597eab4c4dfd9908f4a09b10a89ec63 • ios • iOS 17.7.11 21H461
  José Ramón’s iPhone (wireless) (mobile) • 00008101-000A68811E43001E                • ios • iOS 26.5 23F77

Run "flutter emulators" to list and start any available device emulators.

If you expected another device to be detected, please run "flutter doctor" to diagnose potential issues. Visit https://flutter.dev/setup/ for troubleshooting tips.
[exit-code] 0

$ adb devices -l
List of devices attached
29d816ac550b7ece       device usb:0-1.2 product:starltexx model:SM_G960F device:starlte transport_id:3
RF8M21J8XRT            device usb:0-1.4.1 product:beyond0lteeea model:SM_G970F device:beyond0 transport_id:4
RF8M90QE7LX            device usb:0-1.4.2 product:beyond0lteeea model:SM_G970F device:beyond0 transport_id:1

[exit-code] 0

$ adb mdns services
List of discovered mdns services

[exit-code] 0

$ xcrun devicectl list devices
Name                  Hostname                              Identifier                             State                Model
-------------------   -----------------------------------   ------------------------------------   ------------------   ---------------------------------------------
José Ramón’s iPhone   Jose-Ramons-iPhone.coredevice.local   AB1E2F45-61B1-5FBD-972A-940EA7EC8B0A   available (paired)   iPhone 12 Pro (iPhone13,3)
iPad (5)              iPad-5.coredevice.local               0A947DBD-A462-5BAA-AB84-17F143D41619   available (paired)   iPad (6th generation) (Model A1893) (iPad7,5)
[exit-code] 0

$ system_profiler SPBluetoothDataType
Bluetooth:

      Bluetooth Controller:
          Address: <bt-address>
          State: On
          Chipset: BCM_4388
          Discoverable: Off
          Firmware Version: 23.5.574.4424
          Product ID: 0x4A2F
          Supported services: 0x392039 < HFP AVRCP A2DP HID Braille LEA AACP GATT SerialPort >
          Transport: PCIe
          Vendor ID: 0x004C (Apple)
      Connected:
          José Ramón’s AirPods Pro #2:
              Address: <bt-address>
              Vendor ID: 0x004C
              Product ID: 0x200E
              Left Battery Level: 56%
              Right Battery Level: 59%
              Case Version: 1.4.1
              Firmware Version: 6F21
              Minor Type: Headphones
              RSSI: -53
              Serial Number: GXCZJAJFLKKT
              Serial Number (Left): GN2D9CLEJQH4
              Serial Number (Right): GX9D9X7LJQH3
              Services: 0x980019 < HFP AVRCP A2DP AACP GATT ACL >
      Not Connected:
          AirPods Pro de Jose:
              Address: <bt-address>
              Vendor ID: 0x004C
              Product ID: 0x200E
              Case Version: 1.9.9
              Firmware Version: 6F21
              Minor Type: Headphones
              Serial Number: H79DVD3ULKKT
              Serial Number (Left): GX1ZHXD1JQH4
              Serial Number (Right): GX9ZHEZCJQH3
          Galaxy S10e:
              Address: <bt-address>
              Vendor ID: 0x0075
              Product ID: 0x0100
              Firmware Version: 2.0.1
              Minor Type: Mobile Phone
          iPad (5):
              Address: <bt-address>
              RSSI: -52
          José Ramón’s AirPods Pro:
              Address: <bt-address>
              Vendor ID: 0x004C
              Product ID: 0x200E
              Case Version: 1.9.9
              Firmware Version: 6F21
              Minor Type: Headphones
              Serial Number: H79DVD3ULKKT
              Serial Number (Left): H19JFUFN0C6K
              Serial Number (Right): H19JFQYN0C6J
          José Ramón’s iPhone:
              Address: <bt-address>
              RSSI: -50
          José’s MacBook Air:
              Address: <bt-address>
              RSSI: -56
          MacBook Air de Maria:
              Address: <bt-address>
          MAJOR V:
              Address: <bt-address>
              Vendor ID: 0x0094
              Product ID: 0x0004
              Firmware Version: 1.0.0
              Minor Type: Headset

[exit-code] 0

$ python3 scripts/check_wearable_replay_readiness.py mock
PASS: lib/models/wearable_replay.dart exists
PASS: lib/services/wearable_replay_bridge_service.dart exists
PASS: lib/services/wearable_replay_service.dart exists
PASS: lib/services/wearable_replay_simulation_service.dart exists
PASS: lib/services/wearable_replay_upload_service.dart exists
PASS: integration_test/wearable_replay_channel_test.dart exists
PASS: test/models/wearable_replay_test.dart exists
PASS: test/services/wearable_replay_bridge_service_test.dart exists
PASS: test/services/wearable_replay_service_test.dart exists
PASS: test/services/wearable_replay_simulation_service_test.dart exists
PASS: test/services/wearable_replay_upload_service_test.dart exists
PASS: test/services/wearable_replay_live_upload_test.dart exists
PASS: docs/control/wearable-replay-integration-plan.md exists
PASS: Android declares BLUETOOTH_CONNECT for DAT
PASS: Android declares DAT application id metadata
PASS: Android declares DAT analytics opt-out metadata
PASS: Android declares DAT callback scheme intent filter
PASS: Android Gradle defines DAT redirect scheme placeholder
PASS: Android Gradle defaults DAT application id to developer mode
PASS: iOS declares DAT callback scheme
PASS: iOS MWDAT developer MetaAppID is configured
PASS: iOS MWDAT callback URL is configured
PASS: iOS MWDAT analytics opt-out is configured
PASS: iOS allows Meta AI callback query scheme
PASS: iOS declares Meta wearable external accessory protocol
PASS: iOS declares Bluetooth/external accessory background modes
PASS: iOS declares Bluetooth usage description
PASS: Wear module depends on Wear OS Health Services
PASS: Wear module declares BODY_SENSORS
PASS: Wear telemetry registers MeasureClient heart-rate callback
PASS: Wear telemetry merges Android motion sensors
PASS: Dart bridge exposes rolling POV fallback capability
PASS: Simulation falls back to rollingHighlight when DAT is unavailable
PASS: Simulation records fallback reason
PASS: Android native bridge advertises rolling fallback
PASS: iOS native bridge advertises rolling fallback
PASS: Native integration test asserts rollingHighlight
PASS: Upload service depends on http_parser for multipart MIME types
PASS: Upload service imports MediaType
PASS: Upload service parses POV media count
PASS: Upload service attaches multipart content types
PASS: Upload service includes calibration sidecars
PASS: Upload service maps JSONL sidecars to NDJSON MIME
PASS: Upload service maps MP4 POV media to video/mp4
PASS: Upload unit test asserts POV media MIME
PASS: Live upload proof is gated by HYDRACAM_WEARABLE_LIVE_UPLOAD
PASS: Live upload proof writes a generated wearable manifest
PASS: Live upload proof records clap-flash calibration sidecar
PASS: Live upload proof verifies <=50 ms calibration target
PASS: Live upload proof posts generated manifest to media-timeline
PASS: Live upload proof verifies media-timeline POV media count
PASS: Live upload proof verifies rolling-highlight replay metadata
PASS: Simulation proof sends watch haptic feedback
PASS: Simulation proof sends glasses audio feedback
PASS: Live upload proof persists both feedback channels
PASS: Control doc records live upload proof command
wearable replay readiness passed: 56 check(s)
[exit-code] 0

$ python3 scripts/check_wearable_replay_readiness.py dat
PASS: lib/models/wearable_replay.dart exists
PASS: lib/services/wearable_replay_bridge_service.dart exists
PASS: lib/services/wearable_replay_service.dart exists
PASS: lib/services/wearable_replay_simulation_service.dart exists
PASS: lib/services/wearable_replay_upload_service.dart exists
PASS: integration_test/wearable_replay_channel_test.dart exists
PASS: test/models/wearable_replay_test.dart exists
PASS: test/services/wearable_replay_bridge_service_test.dart exists
PASS: test/services/wearable_replay_service_test.dart exists
PASS: test/services/wearable_replay_simulation_service_test.dart exists
PASS: test/services/wearable_replay_upload_service_test.dart exists
PASS: test/services/wearable_replay_live_upload_test.dart exists
PASS: docs/control/wearable-replay-integration-plan.md exists
PASS: Android declares BLUETOOTH_CONNECT for DAT
PASS: Android declares DAT application id metadata
PASS: Android declares DAT analytics opt-out metadata
PASS: Android declares DAT callback scheme intent filter
PASS: Android Gradle defines DAT redirect scheme placeholder
PASS: Android Gradle defaults DAT application id to developer mode
PASS: iOS declares DAT callback scheme
PASS: iOS MWDAT developer MetaAppID is configured
PASS: iOS MWDAT callback URL is configured
PASS: iOS MWDAT analytics opt-out is configured
PASS: iOS allows Meta AI callback query scheme
PASS: iOS declares Meta wearable external accessory protocol
PASS: iOS declares Bluetooth/external accessory background modes
PASS: iOS declares Bluetooth usage description
PASS: Wear module depends on Wear OS Health Services
PASS: Wear module declares BODY_SENSORS
PASS: Wear telemetry registers MeasureClient heart-rate callback
PASS: Wear telemetry merges Android motion sensors
PASS: Dart bridge exposes rolling POV fallback capability
PASS: Simulation falls back to rollingHighlight when DAT is unavailable
PASS: Simulation records fallback reason
PASS: Android native bridge advertises rolling fallback
PASS: iOS native bridge advertises rolling fallback
PASS: Native integration test asserts rollingHighlight
PASS: Upload service depends on http_parser for multipart MIME types
PASS: Upload service imports MediaType
PASS: Upload service parses POV media count
PASS: Upload service attaches multipart content types
PASS: Upload service includes calibration sidecars
PASS: Upload service maps JSONL sidecars to NDJSON MIME
PASS: Upload service maps MP4 POV media to video/mp4
PASS: Upload unit test asserts POV media MIME
PASS: Live upload proof is gated by HYDRACAM_WEARABLE_LIVE_UPLOAD
PASS: Live upload proof writes a generated wearable manifest
PASS: Live upload proof records clap-flash calibration sidecar
PASS: Live upload proof verifies <=50 ms calibration target
PASS: Live upload proof posts generated manifest to media-timeline
PASS: Live upload proof verifies media-timeline POV media count
PASS: Live upload proof verifies rolling-highlight replay metadata
PASS: Simulation proof sends watch haptic feedback
PASS: Simulation proof sends glasses audio feedback
PASS: Live upload proof persists both feedback channels
PASS: Control doc records live upload proof command
PASS: Default Android build keeps private Meta DAT SDK artifacts gated
PASS: Default iOS build keeps private Meta DAT SDK artifacts gated
PASS: Control doc records DAT dependencies as hardware-lane gated
wearable replay readiness passed: 59 check(s)
[exit-code] 0

$ zsh -lc GH_TOKEN="$(gh auth token)" python3 scripts/check_wearable_replay_readiness.py dat --check-network --timeout-seconds 15
PASS: lib/models/wearable_replay.dart exists
PASS: lib/services/wearable_replay_bridge_service.dart exists
PASS: lib/services/wearable_replay_service.dart exists
PASS: lib/services/wearable_replay_simulation_service.dart exists
PASS: lib/services/wearable_replay_upload_service.dart exists
PASS: integration_test/wearable_replay_channel_test.dart exists
PASS: test/models/wearable_replay_test.dart exists
PASS: test/services/wearable_replay_bridge_service_test.dart exists
PASS: test/services/wearable_replay_service_test.dart exists
PASS: test/services/wearable_replay_simulation_service_test.dart exists
PASS: test/services/wearable_replay_upload_service_test.dart exists
PASS: test/services/wearable_replay_live_upload_test.dart exists
PASS: docs/control/wearable-replay-integration-plan.md exists
PASS: Android declares BLUETOOTH_CONNECT for DAT
PASS: Android declares DAT application id metadata
PASS: Android declares DAT analytics opt-out metadata
PASS: Android declares DAT callback scheme intent filter
PASS: Android Gradle defines DAT redirect scheme placeholder
PASS: Android Gradle defaults DAT application id to developer mode
PASS: iOS declares DAT callback scheme
PASS: iOS MWDAT developer MetaAppID is configured
PASS: iOS MWDAT callback URL is configured
PASS: iOS MWDAT analytics opt-out is configured
PASS: iOS allows Meta AI callback query scheme
PASS: iOS declares Meta wearable external accessory protocol
PASS: iOS declares Bluetooth/external accessory background modes
PASS: iOS declares Bluetooth usage description
PASS: Wear module depends on Wear OS Health Services
PASS: Wear module declares BODY_SENSORS
PASS: Wear telemetry registers MeasureClient heart-rate callback
PASS: Wear telemetry merges Android motion sensors
PASS: Dart bridge exposes rolling POV fallback capability
PASS: Simulation falls back to rollingHighlight when DAT is unavailable
PASS: Simulation records fallback reason
PASS: Android native bridge advertises rolling fallback
PASS: iOS native bridge advertises rolling fallback
PASS: Native integration test asserts rollingHighlight
PASS: Upload service depends on http_parser for multipart MIME types
PASS: Upload service imports MediaType
PASS: Upload service parses POV media count
PASS: Upload service attaches multipart content types
PASS: Upload service includes calibration sidecars
PASS: Upload service maps JSONL sidecars to NDJSON MIME
PASS: Upload service maps MP4 POV media to video/mp4
PASS: Upload unit test asserts POV media MIME
PASS: Live upload proof is gated by HYDRACAM_WEARABLE_LIVE_UPLOAD
PASS: Live upload proof writes a generated wearable manifest
PASS: Live upload proof records clap-flash calibration sidecar
PASS: Live upload proof verifies <=50 ms calibration target
PASS: Live upload proof posts generated manifest to media-timeline
PASS: Live upload proof verifies media-timeline POV media count
PASS: Live upload proof verifies rolling-highlight replay metadata
PASS: Simulation proof sends watch haptic feedback
PASS: Simulation proof sends glasses audio feedback
PASS: Live upload proof persists both feedback channels
PASS: Control doc records live upload proof command
PASS: Default Android build keeps private Meta DAT SDK artifacts gated
PASS: Default iOS build keeps private Meta DAT SDK artifacts gated
PASS: Control doc records DAT dependencies as hardware-lane gated
PASS: Android DAT GitHub Package access - HTTP 200
wearable replay readiness passed: 60 check(s)
[exit-code] 0

$ ./gradlew -p android :wearable:assembleDebug

$ ./android/gradlew -p android :wearable:assembleDebug
Starting a Gradle Daemon, 1 incompatible Daemon could not be reused, use --status for details

[stderr]
WARNING: A restricted method in java.lang.System has been called
WARNING: java.lang.System::load has been called by net.rubygrapefruit.platform.internal.NativeLibraryLoader in an unnamed module (file:/Users/jose/.gradle/wrapper/dists/gradle-8.14.5-all/35nx8qz1bzp5iljybogx6e5b9/gradle-8.14.5/lib/native-platform-0.22-milestone-28.jar)
WARNING: Use --enable-native-access=ALL-UNNAMED to avoid a warning for callers in this module
WARNING: Restricted methods will be blocked in a future release unless native access is enabled


FAILURE: Build failed with an exception.

* Where:
Settings file '/Users/jose/src/work/hydracamv2/android/settings.gradle' line: 20

* What went wrong:
Error resolving plugin [id: 'dev.flutter.flutter-plugin-loader', version: '1.0.0']
> 26.0.1

* Try:
> Run with --stacktrace option to get the stack trace.
> Run with --info or --debug option to get more log output.
> Run with --scan to get full insights.
> Get more help at https://help.gradle.org.

BUILD FAILED in 2s
[exit-code] 1

$ zsh -lc JAVA_HOME=/opt/homebrew/Cellar/openjdk@17/17.0.19/libexec/openjdk.jdk/Contents/Home ./android/gradlew -p android :wearable:assembleDebug

> Configure project :gradle
WARNING: Unsupported Kotlin plugin version.
The `embedded-kotlin` and `kotlin-dsl` plugins rely on features of Kotlin `2.0.21` that might work differently than in the requested version `2.2.20`.

> Task :gradle:checkKotlinGradlePluginConfigurationErrors SKIPPED
> Task :gradle:compileKotlin UP-TO-DATE
> Task :gradle:compileJava NO-SOURCE
> Task :gradle:compileGroovy NO-SOURCE
> Task :gradle:pluginDescriptors UP-TO-DATE
> Task :gradle:processResources UP-TO-DATE
> Task :gradle:classes UP-TO-DATE
> Task :gradle:jar UP-TO-DATE
> Task :wearable:preBuild UP-TO-DATE
> Task :wearable:preDebugBuild UP-TO-DATE
> Task :wearable:mergeDebugNativeDebugMetadata NO-SOURCE
> Task :wearable:checkKotlinGradlePluginConfigurationErrors SKIPPED
> Task :wearable:checkDebugAarMetadata UP-TO-DATE
> Task :wearable:generateDebugResValues UP-TO-DATE
> Task :wearable:mapDebugSourceSetPaths UP-TO-DATE
> Task :wearable:generateDebugResources UP-TO-DATE
> Task :wearable:mergeDebugResources UP-TO-DATE
> Task :wearable:packageDebugResources UP-TO-DATE
> Task :wearable:parseDebugLocalResources UP-TO-DATE
> Task :wearable:createDebugCompatibleScreenManifests UP-TO-DATE
> Task :wearable:extractDeepLinksDebug UP-TO-DATE
> Task :wearable:processDebugMainManifest UP-TO-DATE
> Task :wearable:processDebugManifest UP-TO-DATE
> Task :wearable:processDebugManifestForPackage UP-TO-DATE
> Task :wearable:processDebugResources UP-TO-DATE
> Task :wearable:compileDebugKotlin UP-TO-DATE
> Task :wearable:javaPreCompileDebug UP-TO-DATE
> Task :wearable:compileDebugJavaWithJavac NO-SOURCE
> Task :wearable:mergeDebugShaders UP-TO-DATE
> Task :wearable:compileDebugShaders NO-SOURCE
> Task :wearable:generateDebugAssets UP-TO-DATE
> Task :wearable:mergeDebugAssets UP-TO-DATE
> Task :wearable:compressDebugAssets UP-TO-DATE
> Task :wearable:desugarDebugFileDependencies UP-TO-DATE
> Task :wearable:dexBuilderDebug UP-TO-DATE
> Task :wearable:mergeDebugGlobalSynthetics UP-TO-DATE
> Task :wearable:processDebugJavaRes UP-TO-DATE
> Task :wearable:mergeDebugJavaResource UP-TO-DATE
> Task :wearable:checkDebugDuplicateClasses UP-TO-DATE
> Task :wearable:mergeExtDexDebug UP-TO-DATE
> Task :wearable:mergeLibDexDebug UP-TO-DATE
> Task :wearable:mergeProjectDexDebug UP-TO-DATE
> Task :wearable:mergeDebugJniLibFolders UP-TO-DATE
> Task :wearable:mergeDebugNativeLibs NO-SOURCE
> Task :wearable:stripDebugDebugSymbols NO-SOURCE
> Task :wearable:validateSigningDebug UP-TO-DATE
> Task :wearable:writeDebugAppMetadata UP-TO-DATE
> Task :wearable:writeDebugSigningConfigVersions UP-TO-DATE
> Task :wearable:packageDebug UP-TO-DATE
> Task :wearable:createDebugApkListingFileRedirect UP-TO-DATE
> Task :wearable:assembleDebug UP-TO-DATE

[Incubating] Problems report is available at: file:///Users/jose/src/work/hydracamv2/build/reports/problems/problems-report.html

Deprecated Gradle features were used in this build, making it incompatible with Gradle 9.0.

You can use '--warning-mode all' to show the individual deprecation warnings and determine if they come from your own scripts or plugins.

For more on this, please refer to https://docs.gradle.org/8.14.5/userguide/command_line_interface.html#sec:command_line_warnings in the Gradle documentation.

BUILD SUCCESSFUL in 1s
37 actionable tasks: 37 up-to-date

[stderr]
WARNING: Your Android app project: app located at: /Users/jose/src/work/hydracamv2/android/app/build.gradle
applies the Kotlin Gradle Plugin, which will cause build failures in future versions of Flutter.
Please migrate your app to Built-in Kotlin using this guide: https://docs.flutter.dev/release/breaking-changes/migrate-to-built-in-kotlin/for-app-developers

WARNING: Your app uses the following plugins that apply Kotlin Gradle Plugin (KGP): battery_plus, device_info_plus, disk_space_plus, network_info_plus, package_info_plus, photo_manager, sensors_plus, wakelock_plus
Future versions of Flutter will fail to build if your app uses plugins that apply KGP.

Please check the changelogs of these plugins and upgrade to a version that supports Built-in Kotlin.
If no such version exists, report the issue to the plugin. If necessary, here is a guide on filing
an issue against a plugin: https://docs.flutter.dev/release/breaking-changes/migrate-to-built-in-kotlin/for-app-developers#report-incompatible-kotlin-gradle-plugin-usage-to-plugin-authors

If you are a plugin author, please migrate your plugin to Built-in Kotlin using this guide: https://docs.flutter.dev/release/breaking-changes/migrate-to-built-in-kotlin/for-plugin-authors
[exit-code] 0

$ zsh -lc adb -s RF8M21J8XRT shell dumpsys bluetooth_manager | rg -i "watch|ray|meta|wear|galaxy|connected|bond" || true
  ConnectionState: STATE_DISCONNECTED
  MaxConnectedAudioDevices: 2
  Bonded devices:
                <bt-address> [ DUAL ] Watch4 von José Ramón (AudioSource,Handsfree,AvrcpController,HSP_AG,Handsfree_AG,5e8945b0-9525-11e3-a5e2-0800200c9a66,0000ae00-ebae-4526-9511-8357c35d7be2)
                <bt-address> [  LE  ] RB Meta 00D5 (No uuid)
                <bt-address> [BR/EDR] RB Meta 00D5 (Handsfree,AudioSink,AvrcpController,MNS,00000000-deca-fade-deca-deafdecacaff,8b0d2687-42a4-44cb-9436-fba3b9b96de2,9b26d8c0-a8ed-440b-95b0-c4714a518bcc,f7a96061-a1b3-40de-aff0-e78ec45a151e)
  Metadata Changes:
    06-22 19:47:04.184 (uid/pid=1002/1366) <bt-address> Metadata created
    06-22 19:47:07.147 (uid/pid=1002/1366) <bt-address> Metadata created
Metadata:
    <bt-address> {profile connection policy(A2DP=-1|A2DP_SINK=-1|HEADSET=-1|HEADSET_CLIENT=-1|HID_HOST=-1|PAN=-1|PBAP=-1|PBAP_CLIENT=-1|MAP=-1|MAP_CLIENT=-1|SAP=-1|HEARING_AID=-1|LE_AUDIO=-1), optional codec(support=-1|enabled=-1), custom metadata(manufacturer_name=null|model_name=null|software_version=null|hardware_version=null|companion_app=null|main_icon=null|is_untethered_headset=null|untethered_left_icon=null|untethered_right_icon=null|untethered_case_icon=null|untethered_left_battery=null|untethered_right_battery=null|untethered_case_battery=null|untethered_left_charging=null|untethered_right_charging=null|untethered_case_charging=null|enhanced_settings_ui_uri=null|device_type=null|main_battery=null|main_charging=null|main_low_battery_threshold=null|untethered_left_low_battery_threshold=null|untethered_right_low_battery_threshold=null|untethered_case_low_battery_threshold=null)}
    <bt-address> {profile connection policy(A2DP=100|A2DP_SINK=-1|HEADSET=100|HEADSET_CLIENT=-1|HID_HOST=-1|PAN=-1|PBAP=-1|PBAP_CLIENT=-1|MAP=-1|MAP_CLIENT=-1|SAP=-1|HEARING_AID=-1|LE_AUDIO=-1), optional codec(support=1|enabled=1), custom metadata(manufacturer_name=null|model_name=null|software_version=null|hardware_version=null|companion_app=null|main_icon=null|is_untethered_headset=null|untethered_left_icon=null|untethered_right_icon=null|untethered_case_icon=null|untethered_left_battery=null|untethered_right_battery=null|untethered_case_battery=null|untethered_left_charging=null|untethered_right_charging=null|untethered_case_charging=null|enhanced_settings_ui_uri=null|device_type=null|main_battery=null|main_charging=null|main_low_battery_threshold=null|untethered_left_low_battery_threshold=null|untethered_right_low_battery_threshold=null|untethered_case_low_battery_threshold=null)}
    <bt-address> {profile connection policy(A2DP=100|A2DP_SINK=-1|HEADSET=100|HEADSET_CLIENT=-1|HID_HOST=-1|PAN=-1|PBAP=-1|PBAP_CLIENT=-1|MAP=-1|MAP_CLIENT=-1|SAP=-1|HEARING_AID=-1|LE_AUDIO=-1), optional codec(support=1|enabled=1), custom metadata(manufacturer_name=null|model_name=null|software_version=null|hardware_version=null|companion_app=null|main_icon=null|is_untethered_headset=null|untethered_left_icon=null|untethered_right_icon=null|untethered_case_icon=null|untethered_left_battery=null|untethered_right_battery=null|untethered_case_battery=null|untethered_left_charging=null|untethered_right_charging=null|untethered_case_charging=null|enhanced_settings_ui_uri=null|device_type=null|main_battery=null|main_charging=null|main_low_battery_threshold=null|untethered_left_low_battery_threshold=null|untethered_right_low_battery_threshold=null|untethered_case_low_battery_threshold=null)}
    <bt-address> {profile connection policy(A2DP=100|A2DP_SINK=-1|HEADSET=100|HEADSET_CLIENT=-1|HID_HOST=-1|PAN=-1|PBAP=-1|PBAP_CLIENT=-1|MAP=-1|MAP_CLIENT=-1|SAP=-1|HEARING_AID=-1|LE_AUDIO=-1), optional codec(support=1|enabled=1), custom metadata(manufacturer_name=null|model_name=null|software_version=null|hardware_version=null|companion_app=null|main_icon=null|is_untethered_headset=null|untethered_left_icon=null|untethered_right_icon=null|untethered_case_icon=null|untethered_left_battery=null|untethered_right_battery=null|untethered_case_battery=null|untethered_left_charging=null|untethered_right_charging=null|untethered_case_charging=null|enhanced_settings_ui_uri=null|device_type=null|main_battery=null|main_charging=null|main_low_battery_threshold=null|untethered_left_low_battery_threshold=null|untethered_right_low_battery_threshold=null|untethered_case_low_battery_threshold=null)}
    <bt-address> {profile connection policy(A2DP=-1|A2DP_SINK=-1|HEADSET=-1|HEADSET_CLIENT=-1|HID_HOST=100|PAN=-1|PBAP=-1|PBAP_CLIENT=-1|MAP=-1|MAP_CLIENT=-1|SAP=-1|HEARING_AID=-1|LE_AUDIO=-1), optional codec(support=-1|enabled=-1), custom metadata(manufacturer_name=null|model_name=null|software_version=null|hardware_version=null|companion_app=null|main_icon=null|is_untethered_headset=null|untethered_left_icon=null|untethered_right_icon=null|untethered_case_icon=null|untethered_left_battery=null|untethered_right_battery=null|untethered_case_battery=null|untethered_left_charging=null|untethered_right_charging=null|untethered_case_charging=null|enhanced_settings_ui_uri=null|device_type=null|main_battery=null|main_charging=null|main_low_battery_threshold=null|untethered_left_low_battery_threshold=null|untethered_right_low_battery_threshold=null|untethered_case_low_battery_threshold=null)}
    <bt-address> {profile connection policy(A2DP=100|A2DP_SINK=-1|HEADSET=100|HEADSET_CLIENT=-1|HID_HOST=-1|PAN=-1|PBAP=-1|PBAP_CLIENT=-1|MAP=-1|MAP_CLIENT=-1|SAP=-1|HEARING_AID=-1|LE_AUDIO=-1), optional codec(support=1|enabled=1), custom metadata(manufacturer_name=Marshall Group|model_name=MAJOR V|software_version=IoT_SDK_for_BT_Audio_V3.9.0.AB156x|hardware_version=FAST_PAIR_C511D8|companion_app=com.zoundindustries.marshallbt|main_icon=content://com.google.android.gms.fileprovider/nearby_bluetooth_metadata/c511d8main.png|is_untethered_headset=false|untethered_left_icon=null|untethered_right_icon=null|untethered_case_icon=null|untethered_left_battery=null|untethered_right_battery=null|untethered_case_battery=null|untethered_left_charging=null|untethered_right_charging=null|untethered_case_charging=null|enhanced_settings_ui_uri=content://com.google.android.gms.nearby.fastpair/links?address=00%3A25%3AD1%3A42%3A72%3A57|device_type=Default|main_battery=null|main_charging=null|main_low_battery_threshold=20|untethered_left_low_battery_threshold=null|untethered_right_low_battery_threshold=null|untethered_case_low_battery_threshold=null)}
    <bt-address> {profile connection policy(A2DP=100|A2DP_SINK=-1|HEADSET=100|HEADSET_CLIENT=-1|HID_HOST=-1|PAN=-1|PBAP=-1|PBAP_CLIENT=-1|MAP=-1|MAP_CLIENT=-1|SAP=-1|HEARING_AID=-1|LE_AUDIO=-1), optional codec(support=1|enabled=1), custom metadata(manufacturer_name=null|model_name=null|software_version=null|hardware_version=null|companion_app=null|main_icon=null|is_untethered_headset=null|untethered_left_icon=null|untethered_right_icon=null|untethered_case_icon=null|untethered_left_battery=null|untethered_right_battery=null|untethered_case_battery=null|untethered_left_charging=null|untethered_right_charging=null|untethered_case_charging=null|enhanced_settings_ui_uri=null|device_type=null|main_battery=null|main_charging=null|main_low_battery_threshold=null|untethered_left_low_battery_threshold=null|untethered_right_low_battery_threshold=null|untethered_case_low_battery_threshold=null)}
    <bt-address> {profile connection policy(A2DP=-1|A2DP_SINK=-1|HEADSET=100|HEADSET_CLIENT=-1|HID_HOST=-1|PAN=-1|PBAP=-1|PBAP_CLIENT=-1|MAP=-1|MAP_CLIENT=-1|SAP=-1|HEARING_AID=-1|LE_AUDIO=-1), optional codec(support=-1|enabled=-1), custom metadata(manufacturer_name=null|model_name=null|software_version=null|hardware_version=null|companion_app=null|main_icon=null|is_untethered_headset=null|untethered_left_icon=null|untethered_right_icon=null|untethered_case_icon=null|untethered_left_battery=null|untethered_right_battery=null|untethered_case_battery=null|untethered_left_charging=null|untethered_right_charging=null|untethered_case_charging=null|enhanced_settings_ui_uri=null|device_type=Watch|main_battery=null|main_charging=null|main_low_battery_threshold=null|untethered_left_low_battery_threshold=null|untethered_right_low_battery_threshold=null|untethered_case_low_battery_threshold=null)}
    <bt-address> {profile connection policy(A2DP=-1|A2DP_SINK=-1|HEADSET=-1|HEADSET_CLIENT=-1|HID_HOST=-1|PAN=-1|PBAP=-1|PBAP_CLIENT=-1|MAP=-1|MAP_CLIENT=-1|SAP=-1|HEARING_AID=-1|LE_AUDIO=-1), optional codec(support=-1|enabled=-1), custom metadata(manufacturer_name=null|model_name=null|software_version=null|hardware_version=null|companion_app=null|main_icon=null|is_untethered_headset=null|untethered_left_icon=null|untethered_right_icon=null|untethered_case_icon=null|untethered_left_battery=null|untethered_right_battery=null|untethered_case_battery=null|untethered_left_charging=null|untethered_right_charging=null|untethered_case_charging=null|enhanced_settings_ui_uri=null|device_type=null|main_battery=null|main_charging=null|main_low_battery_threshold=null|untethered_left_low_battery_threshold=null|untethered_right_low_battery_threshold=null|untethered_case_low_battery_threshold=null)}
  SemMetadata Changes:
    06-22 19:47:04.187 (uid/pid=1002/1366) <bt-address> SemMetadata created
    06-22 19:47:07.148 (uid/pid=1002/1366) <bt-address> SemMetadata created
SemMetadata:
  06-23 02:55:17.632 DISCONNECTED <bt-address> reason=0
  06-23 02:55:17.632 DISCONNECTED <bt-address> reason=0
  06-23 02:55:17.632 DISCONNECTED <bt-address> reason=0
  06-23 02:55:17.632 DISCONNECTED <bt-address> reason=0
  06-23 02:55:17.632 DISCONNECTED <bt-address> reason=0
  06-23 02:55:17.632 DISCONNECTED <bt-address> reason=0
  06-23 02:55:17.632 DISCONNECTED <bt-address> reason=0
  06-23 02:55:16.760 CONNECTED    <bt-address>
  06-23 02:55:16.731 CONNECTED    <bt-address>
  06-23 02:55:16.726 CONNECTED    <bt-address>
  06-23 02:55:16.627 CONNECTED    <bt-address>
  06-23 02:55:16.211 CONNECTED    <bt-address>
  06-23 02:55:14.584 CONNECTED    <bt-address>
  06-23 02:55:12.366 CONNECTED    <bt-address>
  06-23 02:55:08.952 CONNECTED    <bt-address>
  06-23 02:55:07.485 CONNECTED    <bt-address>
Bond Events:
  19:47:04.133  <bt-address>  bond_state_changed   BOND_STATE_BONDING
  19:47:07.141  <bt-address>  bond_state_changed   BOND_STATE_BONDING
  19:47:07.141  <bt-address>  bond_state_changed   BOND_STATE_BONDED
  19:47:07.703  <bt-address>  bond_state_changed   BOND_STATE_BONDING
  19:47:07.703  <bt-address>  bond_state_changed   BOND_STATE_BONDED
  [1]  06-22 22:53:18  295021ms(39336 pkts)  <bt-short>(RB Meta 00D5)_0
  [2]  06-22 23:38:35  1579ms(210 pkts)  <bt-short>(RB Meta 00D5)_0
  [3]  06-22 23:38:49  56254ms(7500 pkts)  <bt-short>(RB Meta 00D5)_0
binary file matches (found "\0" byte around offset 462273)
[exit-code] 0

$ zsh -lc adb -s RF8M90QE7LX shell dumpsys bluetooth_manager | rg -i "watch|ray|meta|wear|galaxy|connected|bond" || true
  name: Galaxy S10e
  Name: Galaxy S10e
  ConnectionState: STATE_DISCONNECTED
  MaxConnectedAudioDevices: 2
  Bonded devices:
  Metadata Changes:
Metadata:
  SemMetadata Changes:
SemMetadata:
Bond Events:
03-19 11:24:47.090--BluetoothManagerService BLUETOOTH_SERVICE_CONNECTED: 1
03-19 11:24:48.642--BluetoothManagerService BLUETOOTH_SERVICE_CONNECTED: 2
03-19 11:56:51.810--BluetoothManagerService BLUETOOTH_SERVICE_CONNECTED: 1
03-19 11:56:53.606--BluetoothManagerService BLUETOOTH_SERVICE_CONNECTED: 2
06-07 00:02:34.910--BluetoothManagerService BLUETOOTH_SERVICE_CONNECTED: 1
06-07 00:02:36.962--BluetoothManagerService BLUETOOTH_SERVICE_CONNECTED: 2
06-07 00:03:01.427--BluetoothManagerService BLUETOOTH_SERVICE_CONNECTED: 1
06-07 00:03:03.179--BluetoothManagerService BLUETOOTH_SERVICE_CONNECTED: 2
06-12 17:38:12.742--BluetoothManagerService BLUETOOTH_SERVICE_CONNECTED: 1
06-12 17:38:14.260--BluetoothManagerService BLUETOOTH_SERVICE_CONNECTED: 2
[exit-code] 0

$ zsh -lc adb -s RF8M21J8XRT shell pm list packages | rg -i "meta|facebook|galaxy|wear|watch|health|samsung" || true
package:com.samsung.android.provider.filterprovider
package:com.samsung.android.smartswitchassistant
package:com.samsung.android.app.galaxyfinder
package:com.samsung.android.themestore
package:com.samsung.android.app.aodservice
package:com.samsung.android.app.cocktailbarservice
package:com.samsung.android.beyond.p00.wallpapermulti
package:com.samsung.android.app.kfa
package:com.samsung.android.networkstack
package:com.samsung.android.calendar
package:com.samsung.android.timezone.updater
package:com.samsung.android.aremoji
package:com.samsung.clipboardsaveservice
package:com.samsung.android.wallpaper.res
package:com.samsung.android.smartmirroring
package:com.samsung.android.mapsagent
package:com.samsung.android.incallui
package:com.samsung.android.knox.containercore
package:com.samsung.android.service.livedrawing
package:com.samsung.android.kidsinstaller
package:com.samsung.phone.overlay.common
package:com.samsung.android.easysetup
package:com.samsung.android.aware.service
package:com.samsung.android.vtcamerasettings
package:com.samsung.android.rubin.app
package:com.samsung.android.mdx.quickboard
package:com.samsung.faceservice
package:com.samsung.gpuwatchapp
package:com.samsung.android.knox.kpecore
package:com.samsung.android.knox.pushmanager
package:com.sec.android.app.samsungapps
package:com.samsung.android.accessibility.talkback
package:com.samsung.android.app.settings.bixby
package:com.samsung.android.timezone.data_R
package:com.samsung.android.game.gamehome
package:com.samsung.android.wifi.p2paware.resources
package:com.samsung.android.app.smartwidget
package:com.samsung.android.knox.attestation
package:com.samsung.systemui.bixby2
package:com.samsung.android.secsoundpicker
package:com.samsung.android.incall.contentprovider
package:com.samsung.internal.systemui.navbar.sec_gestural
package:com.samsung.android.sume.nn.service
package:com.samsung.android.privateshare
package:com.samsung.android.app.watchmanager
package:com.samsung.android.knox.containeragent
package:com.samsung.SMT
package:com.samsung.cmh
package:com.samsung.mlp
package:com.samsung.rcs
package:com.samsung.android.wcmurlsnetworkstack
package:com.samsung.android.sm.devicesecurity
package:com.samsung.android.peripheral.framework
package:com.samsung.internal.systemui.navbar.sec_gestural_no_hint
package:com.samsung.android.aircommandmanager
package:com.samsung.android.net.wifi.wifiguider
package:com.samsung.android.bixby.service
package:com.samsung.android.service.stplatform
package:com.samsung.android.smartface
package:com.samsung.android.messaging
package:com.samsung.android.camerasdkservice
package:com.samsung.klmsagent
package:com.samsung.android.app.tips
package:com.samsung.android.app.telephonyui
package:com.samsung.android.wifi.softap.resources
package:com.samsung.android.samsungpositioning
package:com.samsung.android.bixby.agent
package:com.samsung.gamedriver.ex9820
package:com.monotype.android.font.samsungone
package:com.samsung.android.privacydashboard
package:com.samsung.android.tadownloader
package:com.samsung.accessibility
package:com.facebook.services
package:com.samsung.android.mobileservice
package:com.samsung.android.hmt.vrsvc
package:com.samsung.android.mdx.kit
package:com.samsung.storyservice
package:com.samsung.android.wifi.resources
package:com.samsung.android.kgclient
package:com.samsung.knox.securefolder
package:com.samsung.android.game.gametools
package:com.samsung.desktopsystemui
package:com.samsung.android.app.simplesharing
package:com.samsung.android.app.contacts
package:com.samsung.android.cmfa.framework
package:com.samsung.android.service.peoplestripe
package:com.samsung.android.da.daagent
package:com.samsung.android.brightnessbackupservice
package:com.samsung.android.app.reminder
package:com.samsung.android.networkstack.tethering.inprocess.overlay
package:com.samsung.android.smartcallprovider
package:com.samsung.android.app.smartcapture
package:com.google.android.modulemetadata
package:com.samsung.android.app.taskedge
package:com.samsung.android.dynamiclock
package:com.samsung.advp.imssettings
package:com.samsung.android.location
package:com.samsung.android.mdecservice
package:com.samsung.crane
package:com.samsung.android.ardrawing
package:com.samsung.android.ipsgeofence
package:com.samsung.android.themecenter
package:com.samsung.android.server.wifi.mobilewips
package:android.autoinstalls.config.samsung
package:com.samsung.android.container
package:com.samsung.android.app.ledbackcover
package:com.samsung.android.biometrics.app.setting
package:com.samsung.android.allshare.service.fileshare
package:com.samsung.android.app.routines
package:com.samsung.android.shealthmonitor
package:com.samsung.sec.android.teegris.tui_service
package:com.samsung.android.setting.multisound
package:com.samsung.android.arzone
package:com.samsung.android.authfw
package:com.samsung.android.ConnectivityUxOverlay
package:com.samsung.safetyinformation
package:com.samsung.android.dialer
package:com.facebook.katana
package:com.samsung.android.dqagent
package:com.samsung.android.game.gos
package:com.samsung.android.forest
package:com.samsung.android.hdmapp
package:com.samsung.android.app.camera.sticker.facearavatar.preload
package:com.samsung.android.beaconmanager
package:com.samsung.internal.systemui.navbar.gestural_no_hint
package:com.samsung.android.ConnectivityOverlay
package:com.samsung.android.stickercenter
package:com.facebook.stella
package:com.facebook.system
package:com.samsung.android.providers.media
package:com.samsung.android.fmm
package:com.samsung.android.gru
package:com.samsung.android.mdm
package:com.samsung.android.mdx
package:com.samsung.android.mtp
package:com.samsung.android.scs
package:com.samsung.android.appseparation
package:com.samsung.android.bixby.wakeup
package:com.samsung.android.app.updatecenter
package:com.samsung.android.honeyboard
package:com.samsung.android.samsungpass
package:com.samsung.android.scloud
package:com.samsung.android.app.soundpicker
package:com.samsung.android.app.sharelive
package:com.samsung.android.spayfw
package:com.samsung.app.newtrim
package:com.samsung.android.dsms
package:com.samsung.android.fast
package:com.samsung.android.lool
package:com.samsung.android.app.spage
package:com.samsung.android.knox.analytics.uploader
package:com.samsung.android.sm.policy
package:com.samsung.android.localeoverlaymanager
package:com.samsung.android.bluelightfilter
package:com.samsung.android.bbc.bbcagent
package:com.samsung.android.visionintelligence
package:com.samsung.android.singletake.service
package:com.samsung.android.callbgprovider
package:com.samsung.android.livestickers
package:com.samsung.android.app.watchmanagerstub
package:com.samsung.android.svcagent
package:com.google.android.overlay.modules.modulemetadata.forframework
package:com.samsung.android.svoiceime
package:com.samsung.android.mateagent
package:com.samsung.android.networkdiagnostic
package:com.samsung.android.shortcutbackupservice
package:com.samsung.android.mcfserver
package:com.samsung.ucs.agent.ese
package:com.samsung.android.networkstack.tethering.overlay
package:com.samsung.android.waterplugin
package:com.samsung.android.providers.contacts
package:com.samsung.cmfa.AuthTouch
package:com.samsung.android.app.omcagent
package:com.samsung.ims.smk
package:com.samsung.android.app.appsedge
package:com.samsung.android.samsungpassautofill
package:com.samsung.android.sdk.handwriting
package:com.facebook.appmanager
package:com.samsung.aasaservice
package:com.samsung.android.smartsuggestions
package:com.samsung.android.allshare.service.mediashare
package:com.samsung.android.providers.factory
package:com.samsung.pregpudriver.ex9820
package:com.samsung.android.cameraxservice
package:com.samsung.android.cidmanager
package:com.samsung.android.app.clipboardedge
package:com.samsung.ipservice
package:com.samsung.sec.android.application.csc
package:com.samsung.android.sdm.config
package:com.samsung.android.app.dressroom
package:com.samsung.android.app.dofviewer
package:com.samsung.android.tapack.authfw
package:com.samsung.android.bio.face.service
package:com.samsung.android.mcfds
package:com.samsung.android.video
[exit-code] 0
