# HydraCam evidence run command log

$ git status -sb
## master-jose-2025...github/master-jose-2025
 M AGENTS.md
 M docs/control/README.md
 M docs/control/backlog-import.md
 M docs/control/win11-dev-host.md
 M lib/main.dart
 M lib/services/battery_service.dart
 M lib/services/camera_service.dart
 M test/services/battery_service_test.dart
 M test/services/camera_service_failure_test.dart
?? docs/control/hydracam-mobo-media-timeline-merge-plan.md
?? logs/verification-runs/20260608-1744-physical-iphone-resumed-recovery/
?? logs/verification-runs/20260608-1745-critical-battery-autostop/
?? logs/verification-runs/20260608-1751-device-identity-diagnostics/
?? logs/verification-runs/20260608-win11-android-studio-ide-repair/
[exit-code] 0

$ flutter test --no-pub test/widgets/session_info_widget_test.dart
00:00 +0: loading /Users/jose/src/work/hydracamv2/test/widgets/session_info_widget_test.dart
00:00 +0: does not reload network info during parent rebuilds
══╡ EXCEPTION CAUGHT BY FLUTTER TEST FRAMEWORK ╞════════════════════════════════════════════════════
The following TestFailure was thrown running a test:
Expected: exactly one matching candidate
  Actual: _TextWidgetFinder:<Found 0 widgets with text "Device: abcdef12 | App: 1.2.3+45": []>
   Which: means none were found but one was expected

When the exception was thrown, this was the stack:
#4      main.<anonymous closure> (file:///Users/jose/src/work/hydracamv2/test/widgets/session_info_widget_test.dart:42:5)
<asynchronous suspension>
#5      testWidgets.<anonymous closure>.<anonymous closure> (package:flutter_test/src/widget_tester.dart:192:15)
<asynchronous suspension>
#6      TestWidgetsFlutterBinding._runTestBody (package:flutter_test/src/binding.dart:1952:5)
<asynchronous suspension>
<asynchronous suspension>
(elided one frame from package:stack_trace)

This was caught by the test expectation on the following line:
  file:///Users/jose/src/work/hydracamv2/test/widgets/session_info_widget_test.dart line 42
The test description was:
  does not reload network info during parent rebuilds
════════════════════════════════════════════════════════════════════════════════════════════════════
00:00 +0 -1: does not reload network info during parent rebuilds [E]
  Test failed. See exception logs above.
  The test description was: does not reload network info during parent rebuilds

00:00 +0 -1: shows clear identity fallback when diagnostics are unavailable
══╡ EXCEPTION CAUGHT BY FLUTTER TEST FRAMEWORK ╞════════════════════════════════════════════════════
The following TestFailure was thrown running a test:
Expected: exactly one matching candidate
  Actual: _TextWidgetFinder:<Found 0 widgets with text "Device: Unknown device | App: App version
unavailable": []>
   Which: means none were found but one was expected

When the exception was thrown, this was the stack:
#4      main.<anonymous closure> (file:///Users/jose/src/work/hydracamv2/test/widgets/session_info_widget_test.dart:79:5)
<asynchronous suspension>
#5      testWidgets.<anonymous closure>.<anonymous closure> (package:flutter_test/src/widget_tester.dart:192:15)
<asynchronous suspension>
#6      TestWidgetsFlutterBinding._runTestBody (package:flutter_test/src/binding.dart:1952:5)
<asynchronous suspension>
<asynchronous suspension>
(elided one frame from package:stack_trace)

This was caught by the test expectation on the following line:
  file:///Users/jose/src/work/hydracamv2/test/widgets/session_info_widget_test.dart line 79
The test description was:
  shows clear identity fallback when diagnostics are unavailable
════════════════════════════════════════════════════════════════════════════════════════════════════
00:00 +0 -2: shows clear identity fallback when diagnostics are unavailable [E]
  Test failed. See exception logs above.
  The test description was: shows clear identity fallback when diagnostics are unavailable

00:00 +0 -2: long session and network labels fit narrow desktop panes
00:00 +1 -2: Some tests failed.

Failing tests:
  /Users/jose/src/work/hydracamv2/test/widgets/session_info_widget_test.dart: does not reload network info during parent rebuilds
  /Users/jose/src/work/hydracamv2/test/widgets/session_info_widget_test.dart: shows clear identity fallback when diagnostics are unavailable
[exit-code] 1

$ flutter test --no-pub test/widgets/session_info_widget_test.dart
00:00 +0: loading /Users/jose/src/work/hydracamv2/test/widgets/session_info_widget_test.dart
00:00 +0: does not reload network info during parent rebuilds
00:00 +1: shows clear identity fallback when diagnostics are unavailable
00:00 +2: long session and network labels fit narrow desktop panes
00:00 +3: All tests passed!
[exit-code] 0

$ flutter analyze --no-pub
Analyzing hydracamv2...

warning • The member 'configureMonitoring' can only be used within 'package:hydracam/services/battery_service.dart' or a test • logs/verification-runs/20260608-1745-critical-battery-autostop/battery_autostop_visual_test.dart:26:20 • invalid_use_of_visible_for_testing_member
warning • The member 'configureMonitoring' can only be used within 'package:hydracam/services/battery_service.dart' or a test • logs/verification-runs/20260608-1745-critical-battery-autostop/battery_autostop_visual_test.dart:35:22 • invalid_use_of_visible_for_testing_member
warning • The member 'simulateBatteryLevel' can only be used within 'package:hydracam/services/battery_service.dart' or a test • logs/verification-runs/20260608-1745-critical-battery-autostop/battery_autostop_visual_test.dart:38:20 • invalid_use_of_visible_for_testing_member


[stderr]
3 issues found. (ran in 4.3s)
[exit-code] 1

$ flutter analyze --no-pub
Analyzing hydracamv2...
No issues found! (ran in 3.7s)
[exit-code] 0

$ flutter test --no-pub --update-goldens logs/verification-runs/20260608-1751-device-identity-diagnostics/device_identity_visual_test.dart
00:00 +0: loading /Users/jose/src/work/hydracamv2/logs/verification-runs/20260608-1751-device-identity-diagnostics/device_identity_visual_test.dart
00:00 +0: session diagnostics visual proof
00:00 +1: All tests passed!
[exit-code] 0

$ ffmpeg -y -loop 1 -t 3 -i logs/verification-runs/20260608-1751-device-identity-diagnostics/screenshots/session_identity_diagnostics.png -vf format=yuv420p -movflags +faststart logs/verification-runs/20260608-1751-device-identity-diagnostics/video/session_identity_diagnostics_proof.mp4

[stderr]
ffmpeg version 8.1 Copyright (c) 2000-2026 the FFmpeg developers
  built with Apple clang version 17.0.0 (clang-1700.6.4.2)
  configuration: --prefix=/opt/homebrew/Cellar/ffmpeg/8.1 --enable-shared --enable-pthreads --enable-version3 --cc=clang --host-cflags= --host-ldflags= --enable-ffplay --enable-gpl --enable-libsvtav1 --enable-libopus --enable-libx264 --enable-libmp3lame --enable-libdav1d --enable-libvpx --enable-libx265 --enable-openssl --enable-videotoolbox --enable-audiotoolbox --enable-neon
  libavutil      60. 26.100 / 60. 26.100
  libavcodec     62. 28.100 / 62. 28.100
  libavformat    62. 12.100 / 62. 12.100
  libavdevice    62.  3.100 / 62.  3.100
  libavfilter    11. 14.100 / 11. 14.100
  libswscale      9.  5.100 /  9.  5.100
  libswresample   6.  3.100 /  6.  3.100
Input #0, png_pipe, from 'logs/verification-runs/20260608-1751-device-identity-diagnostics/screenshots/session_identity_diagnostics.png':
  Duration: N/A, bitrate: N/A
  Stream #0:0: Video: png, rgba(pc, gbr/bt709/iec61966-2-1), 1290x780, 25 fps, 25 tbr, 25 tbn
Stream mapping:
  Stream #0:0 -> #0:0 (png (native) -> h264 (libx264))
Press [q] to stop, [?] for help
[libx264 @ 0x780c28a80] using cpu capabilities: ARMv8 NEON DotProd I8MM
[libx264 @ 0x780c28a80] profile High, level 3.2, 4:2:0, 8-bit
[libx264 @ 0x780c28a80] 264 - core 165 r3222 b35605a - H.264/MPEG-4 AVC codec - Copyleft 2003-2025 - http://www.videolan.org/x264.html - options: cabac=1 ref=3 deblock=1:0:0 analyse=0x3:0x113 me=hex subme=7 psy=1 psy_rd=1.00:0.00 mixed_ref=1 me_range=16 chroma_me=1 trellis=1 8x8dct=1 cqm=0 deadzone=21,11 fast_pskip=1 chroma_qp_offset=-2 threads=24 lookahead_threads=4 sliced_threads=0 nr=0 decimate=1 interlaced=0 bluray_compat=0 constrained_intra=0 bframes=3 b_pyramid=2 b_adapt=1 b_bias=0 direct=1 weightb=1 open_gop=0 weightp=2 keyint=250 keyint_min=25 scenecut=40 intra_refresh=0 rc_lookahead=40 rc=crf mbtree=1 crf=23.0 qcomp=0.60 qpmin=0 qpmax=69 qpstep=4 ip_ratio=1.40 aq=1:1.00
Output #0, mp4, to 'logs/verification-runs/20260608-1751-device-identity-diagnostics/video/session_identity_diagnostics_proof.mp4':
  Metadata:
    encoder         : Lavf62.12.100
  Stream #0:0: Video: h264 (avc1 / 0x31637661), yuv420p(tv, unknown/bt709/iec61966-2-1, progressive), 1290x780, q=2-31, 25 fps, 12800 tbn
    Metadata:
      encoder         : Lavc62.28.100 libx264
    Side data:
      CPB properties: bitrate max/min/avg: 0/0/0 buffer size: 0 vbv_delay: N/A
[mp4 @ 0x780c20280] Starting second pass: moving the moov atom to the beginning of the file
[out#0/mp4 @ 0x781004840] video:8KiB audio:0KiB subtitle:0KiB other streams:0KiB global headers:0KiB muxing overhead: 20.564234%
frame=   75 fps=0.0 q=-1.0 Lsize=      10KiB time=00:00:02.92 bitrate=  28.3kbits/s speed=30.5x elapsed=0:00:00.09
[libx264 @ 0x780c28a80] frame I:1     Avg QP:12.01  size:  4492
[libx264 @ 0x780c28a80] frame P:19    Avg QP:10.58  size:    57
[libx264 @ 0x780c28a80] frame B:55    Avg QP:12.67  size:    42
[libx264 @ 0x780c28a80] consecutive B-frames:  1.3%  2.7%  0.0% 96.0%
[libx264 @ 0x780c28a80] mb I  I16..4: 26.3% 69.6%  4.2%
[libx264 @ 0x780c28a80] mb P  I16..4:  0.0%  0.0%  0.0%  P16..4:  0.0%  0.0%  0.0%  0.0%  0.0%    skip:100.0%
[libx264 @ 0x780c28a80] mb B  I16..4:  0.0%  0.0%  0.0%  B16..8:  0.0%  0.0%  0.0%  direct: 0.0%  skip:100.0%  L0:74.7% L1:25.3% BI: 0.0%
[libx264 @ 0x780c28a80] 8x8 transform intra:69.5% inter:30.0%
[libx264 @ 0x780c28a80] coded y,uvDC,uvAC intra: 3.3% 3.4% 1.2% inter: 0.0% 0.0% 0.0%
[libx264 @ 0x780c28a80] i16 v,h,dc,p: 50% 43%  7%  0%
[libx264 @ 0x780c28a80] i8 v,h,dc,ddl,ddr,vr,hd,vl,hu: 70% 21%  9%  0%  0%  0%  0%  0%  0%
[libx264 @ 0x780c28a80] i4 v,h,dc,ddl,ddr,vr,hd,vl,hu: 45% 34% 13%  1%  6%  0%  0%  0%  0%
[libx264 @ 0x780c28a80] i8c dc,h,v,p: 85% 12%  3%  0%
[libx264 @ 0x780c28a80] Weighted P-Frames: Y:0.0% UV:0.0%
[libx264 @ 0x780c28a80] ref P L0: 96.6%  0.0%  3.4%
[libx264 @ 0x780c28a80] ref B L0: 27.0% 73.0%
[libx264 @ 0x780c28a80] kb/s:21.03
[exit-code] 0

$ flutter test --no-pub test/widgets/session_info_widget_test.dart
00:00 +0: loading /Users/jose/src/work/hydracamv2/test/widgets/session_info_widget_test.dart
00:00 +0: does not reload network info during parent rebuilds
══╡ EXCEPTION CAUGHT BY FLUTTER TEST FRAMEWORK ╞════════════════════════════════════════════════════
The following TestFailure was thrown running a test:
Expected: exactly one matching candidate
  Actual: _TextWidgetFinder:<Found 0 widgets with text "Hardware: iPhone 12 Pro": []>
   Which: means none were found but one was expected

When the exception was thrown, this was the stack:
#4      main.<anonymous closure> (file:///Users/jose/src/work/hydracamv2/test/widgets/session_info_widget_test.dart:44:5)
<asynchronous suspension>
#5      testWidgets.<anonymous closure>.<anonymous closure> (package:flutter_test/src/widget_tester.dart:192:15)
<asynchronous suspension>
#6      TestWidgetsFlutterBinding._runTestBody (package:flutter_test/src/binding.dart:1952:5)
<asynchronous suspension>
<asynchronous suspension>
(elided one frame from package:stack_trace)

This was caught by the test expectation on the following line:
  file:///Users/jose/src/work/hydracamv2/test/widgets/session_info_widget_test.dart line 44
The test description was:
  does not reload network info during parent rebuilds
════════════════════════════════════════════════════════════════════════════════════════════════════
00:00 +0 -1: does not reload network info during parent rebuilds [E]
  Test failed. See exception logs above.
  The test description was: does not reload network info during parent rebuilds

00:00 +0 -1: shows clear identity fallback when diagnostics are unavailable
══╡ EXCEPTION CAUGHT BY FLUTTER TEST FRAMEWORK ╞════════════════════════════════════════════════════
The following TestFailure was thrown running a test:
Expected: exactly one matching candidate
  Actual: _TextWidgetFinder:<Found 0 widgets with text "Hardware: Hardware unavailable": []>
   Which: means none were found but one was expected

When the exception was thrown, this was the stack:
#4      main.<anonymous closure> (file:///Users/jose/src/work/hydracamv2/test/widgets/session_info_widget_test.dart:86:5)
<asynchronous suspension>
#5      testWidgets.<anonymous closure>.<anonymous closure> (package:flutter_test/src/widget_tester.dart:192:15)
<asynchronous suspension>
#6      TestWidgetsFlutterBinding._runTestBody (package:flutter_test/src/binding.dart:1952:5)
<asynchronous suspension>
<asynchronous suspension>
(elided one frame from package:stack_trace)

This was caught by the test expectation on the following line:
  file:///Users/jose/src/work/hydracamv2/test/widgets/session_info_widget_test.dart line 86
The test description was:
  shows clear identity fallback when diagnostics are unavailable
════════════════════════════════════════════════════════════════════════════════════════════════════
00:00 +0 -2: shows clear identity fallback when diagnostics are unavailable [E]
  Test failed. See exception logs above.
  The test description was: shows clear identity fallback when diagnostics are unavailable

00:00 +0 -2: long session and network labels fit narrow desktop panes
00:00 +1 -2: Some tests failed.

Failing tests:
  /Users/jose/src/work/hydracamv2/test/widgets/session_info_widget_test.dart: does not reload network info during parent rebuilds
  /Users/jose/src/work/hydracamv2/test/widgets/session_info_widget_test.dart: shows clear identity fallback when diagnostics are unavailable
[exit-code] 1

$ flutter test --no-pub test/widgets/session_info_widget_test.dart
00:00 +0: loading /Users/jose/src/work/hydracamv2/test/widgets/session_info_widget_test.dart
00:00 +0: does not reload network info during parent rebuilds
00:00 +1: shows clear identity fallback when diagnostics are unavailable
00:00 +2: long session and network labels fit narrow desktop panes
00:00 +3: All tests passed!
[exit-code] 0

$ flutter test --no-pub --update-goldens logs/verification-runs/20260608-1751-device-identity-diagnostics/device_identity_visual_test.dart
00:00 +0: loading /Users/jose/src/work/hydracamv2/logs/verification-runs/20260608-1751-device-identity-diagnostics/device_identity_visual_test.dart
00:00 +0: session diagnostics visual proof
00:00 +1: All tests passed!
[exit-code] 0

$ flutter analyze --no-pub
Analyzing hydracamv2...
No issues found! (ran in 4.1s)
[exit-code] 0

$ ffmpeg -y -loop 1 -t 3 -i logs/verification-runs/20260608-1751-device-identity-diagnostics/screenshots/session_identity_diagnostics.png -vf format=yuv420p -movflags +faststart logs/verification-runs/20260608-1751-device-identity-diagnostics/video/session_identity_diagnostics_proof.mp4

[stderr]
ffmpeg version 8.1 Copyright (c) 2000-2026 the FFmpeg developers
  built with Apple clang version 17.0.0 (clang-1700.6.4.2)
  configuration: --prefix=/opt/homebrew/Cellar/ffmpeg/8.1 --enable-shared --enable-pthreads --enable-version3 --cc=clang --host-cflags= --host-ldflags= --enable-ffplay --enable-gpl --enable-libsvtav1 --enable-libopus --enable-libx264 --enable-libmp3lame --enable-libdav1d --enable-libvpx --enable-libx265 --enable-openssl --enable-videotoolbox --enable-audiotoolbox --enable-neon
  libavutil      60. 26.100 / 60. 26.100
  libavcodec     62. 28.100 / 62. 28.100
  libavformat    62. 12.100 / 62. 12.100
  libavdevice    62.  3.100 / 62.  3.100
  libavfilter    11. 14.100 / 11. 14.100
  libswscale      9.  5.100 /  9.  5.100
  libswresample   6.  3.100 /  6.  3.100
Input #0, png_pipe, from 'logs/verification-runs/20260608-1751-device-identity-diagnostics/screenshots/session_identity_diagnostics.png':
  Duration: N/A, bitrate: N/A
  Stream #0:0: Video: png, rgba(pc, gbr/bt709/iec61966-2-1), 1290x780, 25 fps, 25 tbr, 25 tbn
Stream mapping:
  Stream #0:0 -> #0:0 (png (native) -> h264 (libx264))
Press [q] to stop, [?] for help
[libx264 @ 0x742c28a80] using cpu capabilities: ARMv8 NEON DotProd I8MM
[libx264 @ 0x742c28a80] profile High, level 3.2, 4:2:0, 8-bit
[libx264 @ 0x742c28a80] 264 - core 165 r3222 b35605a - H.264/MPEG-4 AVC codec - Copyleft 2003-2025 - http://www.videolan.org/x264.html - options: cabac=1 ref=3 deblock=1:0:0 analyse=0x3:0x113 me=hex subme=7 psy=1 psy_rd=1.00:0.00 mixed_ref=1 me_range=16 chroma_me=1 trellis=1 8x8dct=1 cqm=0 deadzone=21,11 fast_pskip=1 chroma_qp_offset=-2 threads=24 lookahead_threads=4 sliced_threads=0 nr=0 decimate=1 interlaced=0 bluray_compat=0 constrained_intra=0 bframes=3 b_pyramid=2 b_adapt=1 b_bias=0 direct=1 weightb=1 open_gop=0 weightp=2 keyint=250 keyint_min=25 scenecut=40 intra_refresh=0 rc_lookahead=40 rc=crf mbtree=1 crf=23.0 qcomp=0.60 qpmin=0 qpmax=69 qpstep=4 ip_ratio=1.40 aq=1:1.00
Output #0, mp4, to 'logs/verification-runs/20260608-1751-device-identity-diagnostics/video/session_identity_diagnostics_proof.mp4':
  Metadata:
    encoder         : Lavf62.12.100
  Stream #0:0: Video: h264 (avc1 / 0x31637661), yuv420p(tv, unknown/bt709/iec61966-2-1, progressive), 1290x780, q=2-31, 25 fps, 12800 tbn
    Metadata:
      encoder         : Lavc62.28.100 libx264
    Side data:
      CPB properties: bitrate max/min/avg: 0/0/0 buffer size: 0 vbv_delay: N/A
[mp4 @ 0x742c20280] Starting second pass: moving the moov atom to the beginning of the file
[out#0/mp4 @ 0x743004840] video:10KiB audio:0KiB subtitle:0KiB other streams:0KiB global headers:0KiB muxing overhead: 17.351958%
frame=   75 fps=0.0 q=-1.0 Lsize=      12KiB time=00:00:02.92 bitrate=  32.7kbits/s speed=32.3x elapsed=0:00:00.09
[libx264 @ 0x742c28a80] frame I:1     Avg QP:12.64  size:  5077
[libx264 @ 0x742c28a80] frame P:19    Avg QP:19.97  size:    82
[libx264 @ 0x742c28a80] frame B:55    Avg QP:13.93  size:    52
[libx264 @ 0x742c28a80] consecutive B-frames:  1.3%  2.7%  0.0% 96.0%
[libx264 @ 0x742c28a80] mb I  I16..4: 29.4% 65.3%  5.3%
[libx264 @ 0x742c28a80] mb P  I16..4:  0.2%  0.0%  0.0%  P16..4:  0.1%  0.0%  0.0%  0.0%  0.0%    skip:99.7%
[libx264 @ 0x742c28a80] mb B  I16..4:  0.0%  0.0%  0.0%  B16..8:  0.2%  0.0%  0.0%  direct: 0.0%  skip:99.8%  L0:64.3% L1:35.7% BI: 0.0%
[libx264 @ 0x742c28a80] 8x8 transform intra:62.0% inter:25.0%
[libx264 @ 0x742c28a80] coded y,uvDC,uvAC intra: 3.6% 4.5% 1.2% inter: 0.0% 0.0% 0.0%
[libx264 @ 0x742c28a80] i16 v,h,dc,p: 40% 54%  6%  0%
[libx264 @ 0x742c28a80] i8 v,h,dc,ddl,ddr,vr,hd,vl,hu: 62% 27% 11%  0%  0%  0%  0%  0%  0%
[libx264 @ 0x742c28a80] i4 v,h,dc,ddl,ddr,vr,hd,vl,hu: 47% 34% 13%  1%  5%  0%  0%  0%  0%
[libx264 @ 0x742c28a80] i8c dc,h,v,p: 77% 20%  3%  0%
[libx264 @ 0x742c28a80] Weighted P-Frames: Y:0.0% UV:0.0%
[libx264 @ 0x742c28a80] ref P L0: 90.8%  0.0%  9.2%
[libx264 @ 0x742c28a80] ref B L0: 38.5% 61.5%
[libx264 @ 0x742c28a80] ref B L1: 98.0%  2.0%
[libx264 @ 0x742c28a80] kb/s:25.27
[exit-code] 0

$ git diff --check -- lib/widgets/session_info_widget.dart test/widgets/session_info_widget_test.dart docs/control/backlog-import.md logs/verification-runs/20260608-1751-device-identity-diagnostics/summary.md logs/verification-runs/20260608-1751-device-identity-diagnostics/device-logs/flutter-widget-runner.log logs/verification-runs/20260608-1751-device-identity-diagnostics/device_identity_visual_test.dart
[exit-code] 0

$ git status -sb
## master-jose-2025...github/master-jose-2025
 M AGENTS.md
 M docs/control/README.md
 M docs/control/backlog-import.md
 M docs/control/win11-dev-host.md
 M lib/main.dart
 M lib/services/battery_service.dart
 M lib/services/camera_service.dart
 M lib/widgets/session_info_widget.dart
 M test/services/battery_service_test.dart
 M test/services/camera_service_failure_test.dart
 M test/widgets/session_info_widget_test.dart
?? docs/control/hydracam-mobo-media-timeline-merge-plan.md
?? logs/verification-runs/20260608-1744-physical-iphone-resumed-recovery/
?? logs/verification-runs/20260608-1745-critical-battery-autostop/
?? logs/verification-runs/20260608-1751-device-identity-diagnostics/
?? logs/verification-runs/20260608-win11-android-studio-ide-repair/
?? scripts/discover_automation_bridge.py
[exit-code] 0
