# HydraCam evidence run command log

$ flutter test test/widgets/session_info_widget_test.dart test/master/master_screen_test.dart
Resolving dependencies...
Downloading packages...
  cli_util 0.4.2 (0.5.1 available)
  flutter_secure_storage_darwin 0.3.2 (0.4.0 available)
  image 4.8.0 (4.9.1 available)
  matcher 0.12.19 (0.12.20 available)
  meta 1.18.0 (1.18.3 available)
  package_config 2.2.0 (3.0.0 available)
  test_api 0.7.11 (0.7.12 available)
  vector_math 2.2.0 (2.4.0 available)
  xml 6.6.1 (7.0.1 available)
Got dependencies!
9 packages have newer versions incompatible with dependency constraints.
Try `flutter pub outdated` for more information.
00:00 +0: loading /Users/jose/src/work/hydracamv2/test/widgets/session_info_widget_test.dart
00:00 +0: /Users/jose/src/work/hydracamv2/test/widgets/session_info_widget_test.dart: does not reload network info during parent rebuilds
00:00 +0: /Users/jose/src/work/hydracamv2/test/master/master_screen_test.dart: (setUpAll)
Log registered: {message: StorageService monitoring disabled - timer not started., timestamp: 2026-06-22 14:29:47.276675, function: null, file: null}
00:00 +0: /Users/jose/src/work/hydracamv2/test/widgets/session_info_widget_test.dart: does not reload network info during parent rebuilds
00:00 +1: /Users/jose/src/work/hydracamv2/test/master/master_screen_test.dart: start area uses service-session language
00:00 +2: /Users/jose/src/work/hydracamv2/test/master/master_screen_test.dart: start area uses service-session language
00:00 +3: /Users/jose/src/work/hydracamv2/test/master/master_screen_test.dart: start area uses service-session language
Log registered: {message: WebSocket Server stopped, timestamp: 2026-06-22 14:29:47.738804, function: null, file: null}
Log registered: {message: Stopped broadcasting master discovery message., timestamp: 2026-06-22 14:29:47.739208, function: null, file: null}
00:00 +4: /Users/jose/src/work/hydracamv2/test/master/master_screen_test.dart: start session button creates backend session
Log registered: {message: Get token, timestamp: 2026-06-22 14:29:47.824387, function: null, file: null}
Log registered: {message: Session created successfully: HydraCamBackendSession(guid: master-screen-guid, sessionId: master-session-id, numericId: null), timestamp: 2026-06-22 14:29:47.836581, function: null, file: null}
Log registered: {message: Response to create session: HydraCamBackendSession(guid: master-screen-guid, sessionId: master-session-id, numericId: null), timestamp: 2026-06-22 14:29:47.836791, function: null, file: null}
Log registered: {message: UploaderService: Resetting upload queue and state., timestamp: 2026-06-22 14:29:47.837518, function: null, file: null}
Log registered: {message: UploaderService: Reset completed., timestamp: 2026-06-22 14:29:47.837855, function: null, file: null}
Log registered: {message: Session started with GUID: master-screen-guid on device type: Master, timestamp: 2026-06-22 14:29:47.838124, function: null, file: null}
Log registered: {message: Session already active with GUID: master-screen-guid. Preserving existing media on rejoin as Master., timestamp: 2026-06-22 14:29:47.839750, function: null, file: null}
Log registered: {message: New capture session started with GUID: master-screen-guid, timestamp: 2026-06-22 14:29:47.839897, function: null, file: null}
Log registered: {message: Lifecycle command 'sessionStarted' sent to 0 network-eligible connected slave(s)., timestamp: 2026-06-22 14:29:47.840107, function: null, file: null}
Log registered: {message: Session created with GUID: master-screen-guid, timestamp: 2026-06-22 14:29:47.840184, function: null, file: null}
Log registered: {message: WebSocket Server stopped, timestamp: 2026-06-22 14:29:47.898474, function: null, file: null}
Log registered: {message: Stopped broadcasting master discovery message., timestamp: 2026-06-22 14:29:47.898684, function: null, file: null}
Log registered: {message: Session metadata saved to /var/folders/6s/dp27g8gn26j9mp36sjfxb9tw0000gn/T/master_screen_docssAU7RG/session_master-screen-guid/metadata.json, timestamp: 2026-06-22 14:29:47.906994, function: null, file: null}
Log registered: {message: UploaderService: Resetting upload queue and state., timestamp: 2026-06-22 14:29:47.907217, function: null, file: null}
Log registered: {message: UploaderService: Reset completed., timestamp: 2026-06-22 14:29:47.907289, function: null, file: null}
Log registered: {message: Session ended and uploader reset., timestamp: 2026-06-22 14:29:47.907340, function: null, file: null}
00:00 +5: /Users/jose/src/work/hydracamv2/test/master/master_screen_test.dart: disposing master screen does not end active session
Log registered: {message: UploaderService: Resetting upload queue and state., timestamp: 2026-06-22 14:29:47.946302, function: null, file: null}
Log registered: {message: UploaderService: Reset completed., timestamp: 2026-06-22 14:29:47.946472, function: null, file: null}
Log registered: {message: Session started with GUID: dispose-contract-guid on device type: Master, timestamp: 2026-06-22 14:29:47.946541, function: null, file: null}
Log registered: {message: Session metadata saved to /var/folders/6s/dp27g8gn26j9mp36sjfxb9tw0000gn/T/master_screen_docs04PRpl/session_dispose-contract-guid/metadata.json, timestamp: 2026-06-22 14:29:47.951997, function: null, file: null}
Log registered: {message: UploaderService: Resetting upload queue and state., timestamp: 2026-06-22 14:29:47.952175, function: null, file: null}
Log registered: {message: UploaderService: Reset completed., timestamp: 2026-06-22 14:29:47.952245, function: null, file: null}
Log registered: {message: Session ended and uploader reset., timestamp: 2026-06-22 14:29:47.952345, function: null, file: null}
Log registered: {message: Error checking connectivity: MissingPluginException(No implementation found for method check on channel dev.fluttercommunity.plus/connectivity), timestamp: 2026-06-22 14:29:47.954564, function: null, file: null}
00:00 +6: /Users/jose/src/work/hydracamv2/test/master/master_screen_test.dart: known devices modal shows slave session media diagnostics
00:00 +7: /Users/jose/src/work/hydracamv2/test/master/master_screen_test.dart: start uploads control tells slaves to upload queued media
Log registered: {message: UploaderService: Resetting upload queue and state., timestamp: 2026-06-22 14:29:48.032436, function: null, file: null}
Log registered: {message: UploaderService: Reset completed., timestamp: 2026-06-22 14:29:48.032565, function: null, file: null}
Log registered: {message: Session started with GUID: master-upload-control-guid on device type: Master, timestamp: 2026-06-22 14:29:48.032632, function: null, file: null}
Log registered: {message: No items in queue to upload., timestamp: 2026-06-22 14:29:48.067508, function: null, file: null}
Log registered: {message: Session metadata saved to /var/folders/6s/dp27g8gn26j9mp36sjfxb9tw0000gn/T/master_screen_docsaR3GKR/session_master-upload-control-guid/metadata.json, timestamp: 2026-06-22 14:29:48.078726, function: null, file: null}
Log registered: {message: UploaderService: Resetting upload queue and state., timestamp: 2026-06-22 14:29:48.078889, function: null, file: null}
Log registered: {message: UploaderService: Reset completed., timestamp: 2026-06-22 14:29:48.078948, function: null, file: null}
Log registered: {message: Session ended and uploader reset., timestamp: 2026-06-22 14:29:48.078990, function: null, file: null}
00:00 +8: /Users/jose/src/work/hydracamv2/test/master/master_screen_test.dart: active session command panel fits compact orientations
Log registered: {message: UploaderService: Resetting upload queue and state., timestamp: 2026-06-22 14:29:48.081920, function: null, file: null}
Log registered: {message: UploaderService: Reset completed., timestamp: 2026-06-22 14:29:48.082035, function: null, file: null}
Log registered: {message: Session started with GUID: compact-layout-session-guid on device type: Master, timestamp: 2026-06-22 14:29:48.082103, function: null, file: null}
Log registered: {message: Session metadata saved to /var/folders/6s/dp27g8gn26j9mp36sjfxb9tw0000gn/T/master_screen_docsHaDBql/session_compact-layout-session-guid/metadata.json, timestamp: 2026-06-22 14:29:48.138646, function: null, file: null}
Log registered: {message: UploaderService: Resetting upload queue and state., timestamp: 2026-06-22 14:29:48.138839, function: null, file: null}
Log registered: {message: UploaderService: Reset completed., timestamp: 2026-06-22 14:29:48.138914, function: null, file: null}
Log registered: {message: Session ended and uploader reset., timestamp: 2026-06-22 14:29:48.138967, function: null, file: null}
00:00 +9: /Users/jose/src/work/hydracamv2/test/master/master_screen_test.dart: recording start path opens master video preview
Log registered: {message: Get token, timestamp: 2026-06-22 14:29:48.171253, function: null, file: null}
Log registered: {message: Session created successfully: HydraCamBackendSession(guid: recording-preview-guid, sessionId: recording-preview-id, numericId: null), timestamp: 2026-06-22 14:29:48.172390, function: null, file: null}
Log registered: {message: Response to create session: HydraCamBackendSession(guid: recording-preview-guid, sessionId: recording-preview-id, numericId: null), timestamp: 2026-06-22 14:29:48.172478, function: null, file: null}
Log registered: {message: UploaderService: Resetting upload queue and state., timestamp: 2026-06-22 14:29:48.172539, function: null, file: null}
Log registered: {message: UploaderService: Reset completed., timestamp: 2026-06-22 14:29:48.172588, function: null, file: null}
Log registered: {message: Session started with GUID: recording-preview-guid on device type: Master, timestamp: 2026-06-22 14:29:48.172634, function: null, file: null}
Log registered: {message: Session already active with GUID: recording-preview-guid. Preserving existing media on rejoin as Master., timestamp: 2026-06-22 14:29:48.172834, function: null, file: null}
Log registered: {message: New capture session started with GUID: recording-preview-guid, timestamp: 2026-06-22 14:29:48.172920, function: null, file: null}
Log registered: {message: Lifecycle command 'sessionStarted' sent to 0 network-eligible connected slave(s)., timestamp: 2026-06-22 14:29:48.172996, function: null, file: null}
Log registered: {message: Session created with GUID: recording-preview-guid, timestamp: 2026-06-22 14:29:48.173046, function: null, file: null}
Log registered: {message: PRESSED TOGGLE RECORDING. IS RECORDING = false, timestamp: 2026-06-22 14:29:48.201555, function: null, file: null}
Log registered: {message: Mock camera ready for native controller mode on macOS., timestamp: 2026-06-22 14:29:48.202547, function: null, file: null}
Log registered: {message: Scheduling command 'startRecordingVideo' for 2026-06-22T14:29:48.302933, timestamp: 2026-06-22 14:29:48.305039, function: null, file: null}
Log registered: {message: No slave devices connected. Scheduled command 'startRecordingVideo' not sent., timestamp: 2026-06-22 14:29:48.305225, function: null, file: null}
Log registered: {message: Will record from master and show preview, timestamp: 2026-06-22 14:29:48.305878, function: null, file: null}
Log registered: {message: Mock camera ready for native controller mode on macOS., timestamp: 2026-06-22 14:29:48.306118, function: null, file: null}
Log registered: {message: Generated new Device ID: 369cf6e5-00fb-4eb3-898c-5a9e1c410db1, timestamp: 2026-06-22 14:29:48.307573, function: null, file: null}
Log registered: {message: Mock video recording started for native controller mode., timestamp: 2026-06-22 14:29:48.308042, function: null, file: null}
Log registered: {message: Command 'startRecordingVideo' finished executing by master at 2026-06-22 14:29:48.308590, timestamp: 2026-06-22 14:29:48.308598, function: null, file: null}
Log registered: {message: WebSocket Server stopped, timestamp: 2026-06-22 14:29:48.345919, function: null, file: null}
Log registered: {message: Stopped broadcasting master discovery message., timestamp: 2026-06-22 14:29:48.346135, function: null, file: null}
Log registered: {message: Session metadata saved to /var/folders/6s/dp27g8gn26j9mp36sjfxb9tw0000gn/T/master_screen_docswn8R23/session_recording-preview-guid/metadata.json, timestamp: 2026-06-22 14:29:48.354659, function: null, file: null}
Log registered: {message: UploaderService: Resetting upload queue and state., timestamp: 2026-06-22 14:29:48.354808, function: null, file: null}
Log registered: {message: UploaderService: Reset completed., timestamp: 2026-06-22 14:29:48.354875, function: null, file: null}
Log registered: {message: Session ended and uploader reset., timestamp: 2026-06-22 14:29:48.354931, function: null, file: null}
00:01 +10: /Users/jose/src/work/hydracamv2/test/master/master_screen_test.dart: (tearDownAll)
00:01 +10: All tests passed!

[stderr]
The following plugins do not support Swift Package Manager for ios:
  - disk_space_plus
This will become an error in a future version of Flutter. Please contact the plugin maintainers to request Swift Package Manager adoption.
[exit-code] 0

$ flutter analyze
Resolving dependencies...
Downloading packages...
  cli_util 0.4.2 (0.5.1 available)
  flutter_secure_storage_darwin 0.3.2 (0.4.0 available)
  image 4.8.0 (4.9.1 available)
  matcher 0.12.19 (0.12.20 available)
  meta 1.18.0 (1.18.3 available)
  package_config 2.2.0 (3.0.0 available)
  test_api 0.7.11 (0.7.12 available)
  vector_math 2.2.0 (2.4.0 available)
  xml 6.6.1 (7.0.1 available)
Got dependencies!
9 packages have newer versions incompatible with dependency constraints.
Try `flutter pub outdated` for more information.
Analyzing hydracamv2...                                         
No issues found! (ran in 6.5s)

[stderr]
The following plugins do not support Swift Package Manager for ios:
  - disk_space_plus
This will become an error in a future version of Flutter. Please contact the plugin maintainers to request Swift Package Manager adoption.
[exit-code] 0

$ sshpass -f tempass.txt ssh -o PreferredAuthentications=password -o PubkeyAuthentication=no -o BatchMode=no -o ConnectTimeout=20 -o ServerAliveInterval=10 -o ServerAliveCountMax=12 -o StrictHostKeyChecking=accept-new jose@joss-macbook-air.tail6ce139.ts.net /Users/jose/Library/Android/sdk/platform-tools/adb devices -l
List of devices attached
9885e6503930304946     device usb:0-1.3.3 product:hero2ltexx model:SM_G935F device:hero2lte transport_id:2
RF8M90QE7LX            device usb:0-1.1 product:beyond0lteeea model:SM_G970F device:beyond0 transport_id:5

[exit-code] 0

$ flutter build apk --debug --dart-define=HYDRACAM_AUTOMATION=true
Resolving dependencies...
Downloading packages...
  cli_util 0.4.2 (0.5.1 available)
  flutter_secure_storage_darwin 0.3.2 (0.4.0 available)
  image 4.8.0 (4.9.1 available)
  matcher 0.12.19 (0.12.20 available)
  meta 1.18.0 (1.18.3 available)
  package_config 2.2.0 (3.0.0 available)
  test_api 0.7.11 (0.7.12 available)
  vector_math 2.2.0 (2.4.0 available)
  xml 6.6.1 (7.0.1 available)
Got dependencies!
9 packages have newer versions incompatible with dependency constraints.
Try `flutter pub outdated` for more information.
Running Gradle task 'assembleDebug'...                          
Running Gradle task 'assembleDebug'...                             27.8s
✓ Built build/app/outputs/flutter-apk/app-debug.apk

[stderr]
The following plugins do not support Swift Package Manager for ios:
  - disk_space_plus
This will become an error in a future version of Flutter. Please contact the plugin maintainers to request Swift Package Manager adoption.
WARNING: Your Android app project: app located at: /Users/jose/src/work/hydracamv2/android/app/build.gradle
applies the Kotlin Gradle Plugin, which will cause build failures in future versions of Flutter. 
Please migrate your app to Built-in Kotlin using this guide: https://docs.flutter.dev/release/breaking-changes/migrate-to-built-in-kotlin/for-app-developers

WARNING: Your app uses the following plugins that apply Kotlin Gradle Plugin (KGP): battery_plus, device_info_plus, disk_space_plus, network_info_plus, package_info_plus, photo_manager, sensors_plus, wakelock_plus
Future versions of Flutter will fail to build if your app uses plugins that apply KGP.

Please check the changelogs of these plugins and upgrade to a version that supports Built-in Kotlin.
If no such version exists, report the issue to the plugin. If necessary, here is a guide on filing 
an issue against a plugin: https://docs.flutter.dev/release/breaking-changes/migrate-to-built-in-kotlin/for-app-developers#report-incompatible-kotlin-gradle-plugin-usage-to-plugin-authors

If you are a plugin author, please migrate your plugin to Built-in Kotlin using this guide: https://docs.flutter.dev/release/breaking-changes/migrate-to-built-in-kotlin/for-plugin-authors
[exit-code] 0

$ bash logs/verification-runs/20260622-1426-master-session-controls-compact-layout/device-logs/mba13_master_ui_smoke.sh

$ bash logs/verification-runs/20260622-1426-master-session-controls-compact-layout/device-logs/mba13_master_ui_smoke.sh
Remote APK already matches local size: 208407376 bytes
List of devices attached
9885e6503930304946     device usb:0-1.3.3 product:hero2ltexx model:SM_G935F device:hero2lte transport_id:2
RF8M90QE7LX            device usb:0-1.1 product:beyond0lteeea model:SM_G970F device:beyond0 transport_id:5

Performing Streamed Install

[stderr]
adb: failed to install /Users/jose/src/work/hydracamv2-mba13-deploy/build/app/outputs/flutter-apk/app-debug-local-signed.apk: Failure [INSTALL_PARSE_FAILED_NO_CERTIFICATES: Failed to collect certificates from /data/app/vmdl1150067364.tmp/base.apk using APK Signature Scheme v2: SHA-256 digest of contents did not verify]

[exit-code] 1

$ bash logs/verification-runs/20260622-1426-master-session-controls-compact-layout/device-logs/mba13_master_ui_smoke.sh
List of devices attached
9885e6503930304946     device usb:0-1.3.3 product:hero2ltexx model:SM_G935F device:hero2lte transport_id:2
RF8M90QE7LX            device usb:0-1.1 product:beyond0lteeea model:SM_G970F device:beyond0 transport_id:5

Performing Streamed Install
Success
Performing Streamed Install
Success
6711
Starting: Intent { cmp=com.amaia23.hydracam/.MainActivity (has extras) }

[stderr]
awk: syntax error at source line 1
 context is
	{print >>>  \ <<< $1}
awk: illegal statement at source line 1
adb: error: listener 'tcp:6711' not found
curl: (52) Empty reply from server
curl: (52) Empty reply from server
curl: (52) Empty reply from server
curl: (52) Empty reply from server
curl: (52) Empty reply from server
Bridge does not expose capture_screenshot
[exit-code] 1

$ bash logs/verification-runs/20260622-1426-master-session-controls-compact-layout/device-logs/mba13_master_ui_smoke.sh
Remote APK already matches local sha256: 9ad3877757fb63c524c23a887ee0c3bb5850cf8facbd1a7f19847f9ce0841b7d
List of devices attached
9885e6503930304946     device usb:0-1.3.3 product:hero2ltexx model:SM_G935F device:hero2lte transport_id:2
RF8M90QE7LX            device usb:0-1.1 product:beyond0lteeea model:SM_G970F device:beyond0 transport_id:5

Performing Streamed Install
Success
Performing Streamed Install
Success
6711
Starting: Intent { cmp=com.amaia23.hydracam/.MainActivity (has extras) }
6712
Starting: Intent { cmp=com.amaia23.hydracam/.MainActivity (has extras) }
/Users/jose/src/work/hydracamv2-mba13-deploy/master-ui-capture-20260622-1426/logs/adb-devices-before.txt
/Users/jose/src/work/hydracamv2-mba13-deploy/master-ui-capture-20260622-1426/logs/android-version-9885e6503930304946.txt
/Users/jose/src/work/hydracamv2-mba13-deploy/master-ui-capture-20260622-1426/logs/android-version-RF8M90QE7LX.txt
/Users/jose/src/work/hydracamv2-mba13-deploy/master-ui-capture-20260622-1426/logs/capture-response-9885e6503930304946.json
/Users/jose/src/work/hydracamv2-mba13-deploy/master-ui-capture-20260622-1426/logs/capture-response-RF8M90QE7LX.json
/Users/jose/src/work/hydracamv2-mba13-deploy/master-ui-capture-20260622-1426/logs/health-9885e6503930304946.json
/Users/jose/src/work/hydracamv2-mba13-deploy/master-ui-capture-20260622-1426/logs/health-RF8M90QE7LX.json
/Users/jose/src/work/hydracamv2-mba13-deploy/master-ui-capture-20260622-1426/logs/install-9885e6503930304946.txt
/Users/jose/src/work/hydracamv2-mba13-deploy/master-ui-capture-20260622-1426/logs/install-RF8M90QE7LX.txt
/Users/jose/src/work/hydracamv2-mba13-deploy/master-ui-capture-20260622-1426/logs/launch-master-9885e6503930304946.txt
/Users/jose/src/work/hydracamv2-mba13-deploy/master-ui-capture-20260622-1426/logs/launch-master-RF8M90QE7LX.txt
/Users/jose/src/work/hydracamv2-mba13-deploy/master-ui-capture-20260622-1426/logs/logcat-9885e6503930304946.txt
/Users/jose/src/work/hydracamv2-mba13-deploy/master-ui-capture-20260622-1426/logs/logcat-RF8M90QE7LX.txt
/Users/jose/src/work/hydracamv2-mba13-deploy/master-ui-capture-20260622-1426/logs/model-9885e6503930304946.txt
/Users/jose/src/work/hydracamv2-mba13-deploy/master-ui-capture-20260622-1426/logs/model-RF8M90QE7LX.txt
/Users/jose/src/work/hydracamv2-mba13-deploy/master-ui-capture-20260622-1426/logs/screenrecord-9885e6503930304946.txt
/Users/jose/src/work/hydracamv2-mba13-deploy/master-ui-capture-20260622-1426/logs/screenrecord-RF8M90QE7LX.txt
/Users/jose/src/work/hydracamv2-mba13-deploy/master-ui-capture-20260622-1426/screenshots/master-compact-9885e6503930304946.png
/Users/jose/src/work/hydracamv2-mba13-deploy/master-ui-capture-20260622-1426/screenshots/master-compact-RF8M90QE7LX.png
/Users/jose/src/work/hydracamv2-mba13-deploy/master-ui-capture-20260622-1426/screenshots/system-master-compact-9885e6503930304946.png
/Users/jose/src/work/hydracamv2-mba13-deploy/master-ui-capture-20260622-1426/screenshots/system-master-compact-RF8M90QE7LX.png
/Users/jose/src/work/hydracamv2-mba13-deploy/master-ui-capture-20260622-1426/video/master-compact-9885e6503930304946.mp4
/Users/jose/src/work/hydracamv2-mba13-deploy/master-ui-capture-20260622-1426/video/master-compact-RF8M90QE7LX.mp4

[stderr]
Bad argument: java.lang.IllegalArgumentException: Unknown permission: android.permission.READ_MEDIA_IMAGES
usage: pm path [--user USER_ID] PACKAGE
       pm dump PACKAGE
       pm install [-lrtsfd] [-i PACKAGE] [--user USER_ID] [PATH]
       pm install-create [-lrtsfdp] [-i PACKAGE] [-S BYTES]
               [--install-location 0/1/2]
               [--force-uuid internal|UUID]
       pm install-write [-S BYTES] SESSION_ID SPLIT_NAME [PATH]
       pm install-commit SESSION_ID
       pm install-abandon SESSION_ID
       pm uninstall [-k] [--user USER_ID] [--versionCode VERSION_CODE] PACKAGE
       pm set-installer PACKAGE INSTALLER
       pm move-package PACKAGE [internal|UUID]
       pm move-primary-storage [internal|UUID]
       pm clear [--user USER_ID] PACKAGE
       pm enable [--user USER_ID] PACKAGE_OR_COMPONENT
       pm disable [--user USER_ID] PACKAGE_OR_COMPONENT
       pm disable-user [--user USER_ID] PACKAGE_OR_COMPONENT
       pm disable-until-used [--user USER_ID] PACKAGE_OR_COMPONENT
       pm default-state [--user USER_ID] PACKAGE_OR_COMPONENT
       pm set-user-restriction [--user USER_ID] RESTRICTION VALUE
       pm hide [--user USER_ID] PACKAGE_OR_COMPONENT
       pm unhide [--user USER_ID] PACKAGE_OR_COMPONENT
       pm grant [--user USER_ID] PACKAGE PERMISSION
       pm revoke [--user USER_ID] PACKAGE PERMISSION
       pm reset-permissions
       pm set-app-link [--user USER_ID] PACKAGE {always|ask|never|undefined}
       pm get-app-link [--user USER_ID] PACKAGE
       pm set-install-location [0/auto] [1/internal] [2/external]
       pm get-install-location
       pm set-permission-enforced PERMISSION [true|false]
       pm trim-caches DESIRED_FREE_SPACE [internal|UUID]
       pm create-user [--profileOf USER_ID] [--managed] [--restricted] [--ephemeral] [--guest] USER_NAME
       pm remove-user USER_ID
       pm get-max-users

NOTE: 'pm list' commands have moved! Run 'adb shell cmd package'
  to display the new commands.

pm path: print the path to the .apk of the given PACKAGE.

pm dump: print system state associated with the given PACKAGE.

pm install: install a single legacy package
pm install-create: create an install session
    -l: forward lock application
    -r: replace existing application
    -t: allow test packages
    -i: specify the installer package name
    -s: install application on sdcard
    -f: install application on internal flash
    -d: allow version code downgrade (debuggable packages only)
    -p: partial application install
    -g: grant all runtime permissions
    -S: size in bytes of entire session

pm install-write: write a package into existing session; path may
  be '-' to read from stdin
    -S: size in bytes of package, required for stdin

pm install-commit: perform install of fully staged session
pm install-abandon: abandon session

pm set-installer: set installer package name

pm uninstall: removes a package from the system. Options:
    -k: keep the data and cache directories around after package removal.

pm clear: deletes all data associated with a package.

pm enable, disable, disable-user, disable-until-used, default-state:
  these commands change the enabled state of a given package or
  component (written as "package/class").

pm grant, revoke: these commands either grant or revoke permissions
    to apps. The permissions must be declared as used in the app's
    manifest, be runtime permissions (protection level dangerous),
    and the app targeting SDK greater than Lollipop MR1.

pm reset-permissions: revert all runtime permissions to their default state.

pm get-install-location: returns the current install location.
    0 [auto]: Let system decide the best location
    1 [internal]: Install on internal device storage
    2 [external]: Install on external media

pm set-install-location: changes the default install location.
  NOTE: this is only intended for debugging; using this can cause
  applications to break and other undersireable behavior.
    0 [auto]: Let system decide the best location
    1 [internal]: Install on internal device storage
    2 [external]: Install on external media

pm trim-caches: trim cache files to reach the given free space.

pm create-user: create a new user with the given USER_NAME,
  printing the new user identifier of the user.

pm remove-user: remove the user with the given USER_IDENTIFIER,
  deleting all data associated with that user

Bad argument: java.lang.IllegalArgumentException: Unknown permission: android.permission.READ_MEDIA_VIDEO
usage: pm path [--user USER_ID] PACKAGE
       pm dump PACKAGE
       pm install [-lrtsfd] [-i PACKAGE] [--user USER_ID] [PATH]
       pm install-create [-lrtsfdp] [-i PACKAGE] [-S BYTES]
               [--install-location 0/1/2]
               [--force-uuid internal|UUID]
       pm install-write [-S BYTES] SESSION_ID SPLIT_NAME [PATH]
       pm install-commit SESSION_ID
       pm install-abandon SESSION_ID
       pm uninstall [-k] [--user USER_ID] [--versionCode VERSION_CODE] PACKAGE
       pm set-installer PACKAGE INSTALLER
       pm move-package PACKAGE [internal|UUID]
       pm move-primary-storage [internal|UUID]
       pm clear [--user USER_ID] PACKAGE
       pm enable [--user USER_ID] PACKAGE_OR_COMPONENT
       pm disable [--user USER_ID] PACKAGE_OR_COMPONENT
       pm disable-user [--user USER_ID] PACKAGE_OR_COMPONENT
       pm disable-until-used [--user USER_ID] PACKAGE_OR_COMPONENT
       pm default-state [--user USER_ID] PACKAGE_OR_COMPONENT
       pm set-user-restriction [--user USER_ID] RESTRICTION VALUE
       pm hide [--user USER_ID] PACKAGE_OR_COMPONENT
       pm unhide [--user USER_ID] PACKAGE_OR_COMPONENT
       pm grant [--user USER_ID] PACKAGE PERMISSION
       pm revoke [--user USER_ID] PACKAGE PERMISSION
       pm reset-permissions
       pm set-app-link [--user USER_ID] PACKAGE {always|ask|never|undefined}
       pm get-app-link [--user USER_ID] PACKAGE
       pm set-install-location [0/auto] [1/internal] [2/external]
       pm get-install-location
       pm set-permission-enforced PERMISSION [true|false]
       pm trim-caches DESIRED_FREE_SPACE [internal|UUID]
       pm create-user [--profileOf USER_ID] [--managed] [--restricted] [--ephemeral] [--guest] USER_NAME
       pm remove-user USER_ID
       pm get-max-users

NOTE: 'pm list' commands have moved! Run 'adb shell cmd package'
  to display the new commands.

pm path: print the path to the .apk of the given PACKAGE.

pm dump: print system state associated with the given PACKAGE.

pm install: install a single legacy package
pm install-create: create an install session
    -l: forward lock application
    -r: replace existing application
    -t: allow test packages
    -i: specify the installer package name
    -s: install application on sdcard
    -f: install application on internal flash
    -d: allow version code downgrade (debuggable packages only)
    -p: partial application install
    -g: grant all runtime permissions
    -S: size in bytes of entire session

pm install-write: write a package into existing session; path may
  be '-' to read from stdin
    -S: size in bytes of package, required for stdin

pm install-commit: perform install of fully staged session
pm install-abandon: abandon session

pm set-installer: set installer package name

pm uninstall: removes a package from the system. Options:
    -k: keep the data and cache directories around after package removal.

pm clear: deletes all data associated with a package.

pm enable, disable, disable-user, disable-until-used, default-state:
  these commands change the enabled state of a given package or
  component (written as "package/class").

pm grant, revoke: these commands either grant or revoke permissions
    to apps. The permissions must be declared as used in the app's
    manifest, be runtime permissions (protection level dangerous),
    and the app targeting SDK greater than Lollipop MR1.

pm reset-permissions: revert all runtime permissions to their default state.

pm get-install-location: returns the current install location.
    0 [auto]: Let system decide the best location
    1 [internal]: Install on internal device storage
    2 [external]: Install on external media

pm set-install-location: changes the default install location.
  NOTE: this is only intended for debugging; using this can cause
  applications to break and other undersireable behavior.
    0 [auto]: Let system decide the best location
    1 [internal]: Install on internal device storage
    2 [external]: Install on external media

pm trim-caches: trim cache files to reach the given free space.

pm create-user: create a new user with the given USER_NAME,
  printing the new user identifier of the user.

pm remove-user: remove the user with the given USER_IDENTIFIER,
  deleting all data associated with that user


Exception occurred while executing 'grant':
java.lang.IllegalArgumentException: Unknown permission: android.permission.READ_MEDIA_IMAGES
	at com.android.server.pm.permission.PermissionManagerService.grantRuntimePermissionInternal(PermissionManagerService.java:1535)
	at com.android.server.pm.permission.PermissionManagerService.grantRuntimePermission(PermissionManagerService.java:1493)
	at android.permission.PermissionManager.grantRuntimePermission(PermissionManager.java:378)
	at com.android.server.pm.PackageManagerShellCommand.runGrantRevokePermission(PackageManagerShellCommand.java:2457)
	at com.android.server.pm.PackageManagerShellCommand.onCommand(PackageManagerShellCommand.java:274)
	at com.android.modules.utils.BasicShellCommandHandler.exec(BasicShellCommandHandler.java:97)
	at android.os.ShellCommand.exec(ShellCommand.java:38)
	at com.android.server.pm.PackageManagerService.onShellCommand(PackageManagerService.java:29818)
	at android.os.Binder.shellCommand(Binder.java:986)
	at android.os.Binder.onTransact(Binder.java:860)
	at android.content.pm.IPackageManager$Stub.onTransact(IPackageManager.java:5411)
	at com.android.server.pm.PackageManagerService.onTransact(PackageManagerService.java:9923)
	at android.os.Binder.execTransactInternal(Binder.java:1220)
	at android.os.Binder.execTransact(Binder.java:1179)

Exception occurred while executing 'grant':
java.lang.IllegalArgumentException: Unknown permission: android.permission.READ_MEDIA_VIDEO
	at com.android.server.pm.permission.PermissionManagerService.grantRuntimePermissionInternal(PermissionManagerService.java:1535)
	at com.android.server.pm.permission.PermissionManagerService.grantRuntimePermission(PermissionManagerService.java:1493)
	at android.permission.PermissionManager.grantRuntimePermission(PermissionManager.java:378)
	at com.android.server.pm.PackageManagerShellCommand.runGrantRevokePermission(PackageManagerShellCommand.java:2457)
	at com.android.server.pm.PackageManagerShellCommand.onCommand(PackageManagerShellCommand.java:274)
	at com.android.modules.utils.BasicShellCommandHandler.exec(BasicShellCommandHandler.java:97)
	at android.os.ShellCommand.exec(ShellCommand.java:38)
	at com.android.server.pm.PackageManagerService.onShellCommand(PackageManagerService.java:29818)
	at android.os.Binder.shellCommand(Binder.java:986)
	at android.os.Binder.onTransact(Binder.java:860)
	at android.content.pm.IPackageManager$Stub.onTransact(IPackageManager.java:5411)
	at com.android.server.pm.PackageManagerService.onTransact(PackageManagerService.java:9923)
	at android.os.Binder.execTransactInternal(Binder.java:1220)
	at android.os.Binder.execTransact(Binder.java:1179)
curl: (52) Empty reply from server
curl: (52) Empty reply from server
curl: (52) Empty reply from server
curl: (52) Empty reply from server
/sdcard/hydracam-master-compact-9885e6503930304946.mp4: 1 file pulled, 0 skipped. 9.9 MB/s (67448 bytes in 0.007s)
adb: error: listener 'tcp:6712' not found
curl: (52) Empty reply from server
curl: (52) Empty reply from server
curl: (52) Empty reply from server
/sdcard/hydracam-master-compact-RF8M90QE7LX.mp4: 1 file pulled, 0 skipped. 4.5 MB/s (46148 bytes in 0.010s)
Permission denied, please try again.
Permission denied, please try again.
jose@joss-macbook-air.tail6ce139.ts.net: Permission denied (publickey,password,keyboard-interactive).
rsync(73227): error: unexpected end of file
[exit-code] 255

$ bash logs/verification-runs/20260622-1426-master-session-controls-compact-layout/device-logs/mba13_master_ui_smoke.sh

[stderr]
ssh: connect to host joss-macbook-air.tail6ce139.ts.net port 22: Can't assign requested address
[exit-code] 255

$ python3 logs/verification-runs/20260622-1426-master-session-controls-compact-layout/device-logs/validate_master_ui_evidence.py
Validated MBA13 Master UI evidence for both attached Android devices.
[exit-code] 0

$ git diff --check
[exit-code] 0

$ flutter test test/widgets/session_info_widget_test.dart test/master/master_screen_test.dart
Resolving dependencies...
Downloading packages...
  cli_util 0.4.2 (0.5.1 available)
  flutter_secure_storage_darwin 0.3.2 (0.4.0 available)
  image 4.8.0 (4.9.1 available)
  matcher 0.12.19 (0.12.20 available)
  meta 1.18.0 (1.18.3 available)
  package_config 2.2.0 (3.0.0 available)
  test_api 0.7.11 (0.7.12 available)
  vector_math 2.2.0 (2.4.0 available)
  xml 6.6.1 (7.0.1 available)
Got dependencies!
9 packages have newer versions incompatible with dependency constraints.
Try `flutter pub outdated` for more information.
00:00 +0: loading /Users/jose/src/work/hydracamv2/test/widgets/session_info_widget_test.dart
00:00 +0: /Users/jose/src/work/hydracamv2/test/widgets/session_info_widget_test.dart: does not reload network info during parent rebuilds
00:00 +0: /Users/jose/src/work/hydracamv2/test/master/master_screen_test.dart: (setUpAll)
Log registered: {message: StorageService monitoring disabled - timer not started., timestamp: 2026-06-22 14:48:24.653533, function: null, file: null}
00:00 +0: /Users/jose/src/work/hydracamv2/test/widgets/session_info_widget_test.dart: does not reload network info during parent rebuilds
00:00 +1: /Users/jose/src/work/hydracamv2/test/master/master_screen_test.dart: start area uses service-session language
00:00 +2: /Users/jose/src/work/hydracamv2/test/master/master_screen_test.dart: start area uses service-session language
00:00 +3: /Users/jose/src/work/hydracamv2/test/master/master_screen_test.dart: start area uses service-session language
Log registered: {message: WebSocket Server stopped, timestamp: 2026-06-22 14:48:25.117997, function: null, file: null}
Log registered: {message: Stopped broadcasting master discovery message., timestamp: 2026-06-22 14:48:25.118383, function: null, file: null}
00:00 +4: /Users/jose/src/work/hydracamv2/test/master/master_screen_test.dart: start session button creates backend session
Log registered: {message: Get token, timestamp: 2026-06-22 14:48:25.200227, function: null, file: null}
Log registered: {message: Session created successfully: HydraCamBackendSession(guid: master-screen-guid, sessionId: master-session-id, numericId: null), timestamp: 2026-06-22 14:48:25.212330, function: null, file: null}
Log registered: {message: Response to create session: HydraCamBackendSession(guid: master-screen-guid, sessionId: master-session-id, numericId: null), timestamp: 2026-06-22 14:48:25.212544, function: null, file: null}
Log registered: {message: UploaderService: Resetting upload queue and state., timestamp: 2026-06-22 14:48:25.213088, function: null, file: null}
Log registered: {message: UploaderService: Reset completed., timestamp: 2026-06-22 14:48:25.213357, function: null, file: null}
Log registered: {message: Session started with GUID: master-screen-guid on device type: Master, timestamp: 2026-06-22 14:48:25.213565, function: null, file: null}
Log registered: {message: Session already active with GUID: master-screen-guid. Preserving existing media on rejoin as Master., timestamp: 2026-06-22 14:48:25.215018, function: null, file: null}
Log registered: {message: New capture session started with GUID: master-screen-guid, timestamp: 2026-06-22 14:48:25.215114, function: null, file: null}
Log registered: {message: Lifecycle command 'sessionStarted' sent to 0 network-eligible connected slave(s)., timestamp: 2026-06-22 14:48:25.215283, function: null, file: null}
Log registered: {message: Session created with GUID: master-screen-guid, timestamp: 2026-06-22 14:48:25.215347, function: null, file: null}
Log registered: {message: WebSocket Server stopped, timestamp: 2026-06-22 14:48:25.271517, function: null, file: null}
Log registered: {message: Stopped broadcasting master discovery message., timestamp: 2026-06-22 14:48:25.271794, function: null, file: null}
Log registered: {message: Session metadata saved to /var/folders/6s/dp27g8gn26j9mp36sjfxb9tw0000gn/T/master_screen_docs8nWmU8/session_master-screen-guid/metadata.json, timestamp: 2026-06-22 14:48:25.281569, function: null, file: null}
Log registered: {message: UploaderService: Resetting upload queue and state., timestamp: 2026-06-22 14:48:25.281752, function: null, file: null}
Log registered: {message: UploaderService: Reset completed., timestamp: 2026-06-22 14:48:25.281817, function: null, file: null}
Log registered: {message: Session ended and uploader reset., timestamp: 2026-06-22 14:48:25.281899, function: null, file: null}
00:00 +5: /Users/jose/src/work/hydracamv2/test/master/master_screen_test.dart: disposing master screen does not end active session
Log registered: {message: UploaderService: Resetting upload queue and state., timestamp: 2026-06-22 14:48:25.317616, function: null, file: null}
Log registered: {message: UploaderService: Reset completed., timestamp: 2026-06-22 14:48:25.317802, function: null, file: null}
Log registered: {message: Session started with GUID: dispose-contract-guid on device type: Master, timestamp: 2026-06-22 14:48:25.317868, function: null, file: null}
Log registered: {message: Session metadata saved to /var/folders/6s/dp27g8gn26j9mp36sjfxb9tw0000gn/T/master_screen_docsYm8BSw/session_dispose-contract-guid/metadata.json, timestamp: 2026-06-22 14:48:25.323442, function: null, file: null}
Log registered: {message: UploaderService: Resetting upload queue and state., timestamp: 2026-06-22 14:48:25.323579, function: null, file: null}
Log registered: {message: UploaderService: Reset completed., timestamp: 2026-06-22 14:48:25.323639, function: null, file: null}
Log registered: {message: Session ended and uploader reset., timestamp: 2026-06-22 14:48:25.323684, function: null, file: null}
Log registered: {message: Error checking connectivity: MissingPluginException(No implementation found for method check on channel dev.fluttercommunity.plus/connectivity), timestamp: 2026-06-22 14:48:25.325720, function: null, file: null}
00:00 +6: /Users/jose/src/work/hydracamv2/test/master/master_screen_test.dart: known devices modal shows slave session media diagnostics
00:00 +7: /Users/jose/src/work/hydracamv2/test/master/master_screen_test.dart: start uploads control tells slaves to upload queued media
Log registered: {message: UploaderService: Resetting upload queue and state., timestamp: 2026-06-22 14:48:25.400428, function: null, file: null}
Log registered: {message: UploaderService: Reset completed., timestamp: 2026-06-22 14:48:25.400544, function: null, file: null}
Log registered: {message: Session started with GUID: master-upload-control-guid on device type: Master, timestamp: 2026-06-22 14:48:25.400621, function: null, file: null}
Log registered: {message: No items in queue to upload., timestamp: 2026-06-22 14:48:25.436499, function: null, file: null}
Log registered: {message: Session metadata saved to /var/folders/6s/dp27g8gn26j9mp36sjfxb9tw0000gn/T/master_screen_docsGQLijE/session_master-upload-control-guid/metadata.json, timestamp: 2026-06-22 14:48:25.448509, function: null, file: null}
Log registered: {message: UploaderService: Resetting upload queue and state., timestamp: 2026-06-22 14:48:25.448676, function: null, file: null}
Log registered: {message: UploaderService: Reset completed., timestamp: 2026-06-22 14:48:25.448739, function: null, file: null}
Log registered: {message: Session ended and uploader reset., timestamp: 2026-06-22 14:48:25.448787, function: null, file: null}
00:00 +8: /Users/jose/src/work/hydracamv2/test/master/master_screen_test.dart: active session command panel fits compact orientations
Log registered: {message: UploaderService: Resetting upload queue and state., timestamp: 2026-06-22 14:48:25.451888, function: null, file: null}
Log registered: {message: UploaderService: Reset completed., timestamp: 2026-06-22 14:48:25.452054, function: null, file: null}
Log registered: {message: Session started with GUID: compact-layout-session-guid on device type: Master, timestamp: 2026-06-22 14:48:25.452116, function: null, file: null}
Log registered: {message: Session metadata saved to /var/folders/6s/dp27g8gn26j9mp36sjfxb9tw0000gn/T/master_screen_docsyoGz3T/session_compact-layout-session-guid/metadata.json, timestamp: 2026-06-22 14:48:25.507265, function: null, file: null}
Log registered: {message: UploaderService: Resetting upload queue and state., timestamp: 2026-06-22 14:48:25.507424, function: null, file: null}
Log registered: {message: UploaderService: Reset completed., timestamp: 2026-06-22 14:48:25.507490, function: null, file: null}
Log registered: {message: Session ended and uploader reset., timestamp: 2026-06-22 14:48:25.507542, function: null, file: null}
00:00 +9: /Users/jose/src/work/hydracamv2/test/master/master_screen_test.dart: recording start path opens master video preview
Log registered: {message: Get token, timestamp: 2026-06-22 14:48:25.541198, function: null, file: null}
Log registered: {message: Session created successfully: HydraCamBackendSession(guid: recording-preview-guid, sessionId: recording-preview-id, numericId: null), timestamp: 2026-06-22 14:48:25.542156, function: null, file: null}
Log registered: {message: Response to create session: HydraCamBackendSession(guid: recording-preview-guid, sessionId: recording-preview-id, numericId: null), timestamp: 2026-06-22 14:48:25.542271, function: null, file: null}
Log registered: {message: UploaderService: Resetting upload queue and state., timestamp: 2026-06-22 14:48:25.542336, function: null, file: null}
Log registered: {message: UploaderService: Reset completed., timestamp: 2026-06-22 14:48:25.542445, function: null, file: null}
Log registered: {message: Session started with GUID: recording-preview-guid on device type: Master, timestamp: 2026-06-22 14:48:25.542525, function: null, file: null}
Log registered: {message: Session already active with GUID: recording-preview-guid. Preserving existing media on rejoin as Master., timestamp: 2026-06-22 14:48:25.542744, function: null, file: null}
Log registered: {message: New capture session started with GUID: recording-preview-guid, timestamp: 2026-06-22 14:48:25.542803, function: null, file: null}
Log registered: {message: Lifecycle command 'sessionStarted' sent to 0 network-eligible connected slave(s)., timestamp: 2026-06-22 14:48:25.542865, function: null, file: null}
Log registered: {message: Session created with GUID: recording-preview-guid, timestamp: 2026-06-22 14:48:25.542916, function: null, file: null}
Log registered: {message: PRESSED TOGGLE RECORDING. IS RECORDING = false, timestamp: 2026-06-22 14:48:25.572480, function: null, file: null}
Log registered: {message: Mock camera ready for native controller mode on macOS., timestamp: 2026-06-22 14:48:25.573522, function: null, file: null}
Log registered: {message: Scheduling command 'startRecordingVideo' for 2026-06-22T14:48:25.672324, timestamp: 2026-06-22 14:48:25.674324, function: null, file: null}
Log registered: {message: No slave devices connected. Scheduled command 'startRecordingVideo' not sent., timestamp: 2026-06-22 14:48:25.674533, function: null, file: null}
Log registered: {message: Will record from master and show preview, timestamp: 2026-06-22 14:48:25.675132, function: null, file: null}
Log registered: {message: Mock camera ready for native controller mode on macOS., timestamp: 2026-06-22 14:48:25.675371, function: null, file: null}
Log registered: {message: Generated new Device ID: 4a639825-23e4-4672-8c91-3b5e9ccfc721, timestamp: 2026-06-22 14:48:25.677168, function: null, file: null}
Log registered: {message: Mock video recording started for native controller mode., timestamp: 2026-06-22 14:48:25.677579, function: null, file: null}
Log registered: {message: Command 'startRecordingVideo' finished executing by master at 2026-06-22 14:48:25.678014, timestamp: 2026-06-22 14:48:25.678021, function: null, file: null}
Log registered: {message: WebSocket Server stopped, timestamp: 2026-06-22 14:48:25.711573, function: null, file: null}
Log registered: {message: Stopped broadcasting master discovery message., timestamp: 2026-06-22 14:48:25.711762, function: null, file: null}
Log registered: {message: Session metadata saved to /var/folders/6s/dp27g8gn26j9mp36sjfxb9tw0000gn/T/master_screen_docsykXIV8/session_recording-preview-guid/metadata.json, timestamp: 2026-06-22 14:48:25.719872, function: null, file: null}
Log registered: {message: UploaderService: Resetting upload queue and state., timestamp: 2026-06-22 14:48:25.720017, function: null, file: null}
Log registered: {message: UploaderService: Reset completed., timestamp: 2026-06-22 14:48:25.720078, function: null, file: null}
Log registered: {message: Session ended and uploader reset., timestamp: 2026-06-22 14:48:25.720119, function: null, file: null}
00:01 +10: /Users/jose/src/work/hydracamv2/test/master/master_screen_test.dart: (tearDownAll)
00:01 +10: All tests passed!

[stderr]
The following plugins do not support Swift Package Manager for ios:
  - disk_space_plus
This will become an error in a future version of Flutter. Please contact the plugin maintainers to request Swift Package Manager adoption.
[exit-code] 0

$ flutter analyze
Resolving dependencies...
Downloading packages...
  cli_util 0.4.2 (0.5.1 available)
  flutter_secure_storage_darwin 0.3.2 (0.4.0 available)
  image 4.8.0 (4.9.1 available)
  matcher 0.12.19 (0.12.20 available)
  meta 1.18.0 (1.18.3 available)
  package_config 2.2.0 (3.0.0 available)
  test_api 0.7.11 (0.7.12 available)
  vector_math 2.2.0 (2.4.0 available)
  xml 6.6.1 (7.0.1 available)
Got dependencies!
9 packages have newer versions incompatible with dependency constraints.
Try `flutter pub outdated` for more information.
Analyzing hydracamv2...                                         
No issues found! (ran in 6.2s)

[stderr]
The following plugins do not support Swift Package Manager for ios:
  - disk_space_plus
This will become an error in a future version of Flutter. Please contact the plugin maintainers to request Swift Package Manager adoption.
[exit-code] 0

$ git diff --check
[exit-code] 0

$ python3 logs/verification-runs/20260622-1426-master-session-controls-compact-layout/device-logs/validate_master_ui_evidence.py
Validated MBA13 Master UI evidence for both attached Android devices.
[exit-code] 0
