# HydraCam evidence run command log

$ adb devices -l
List of devices attached

[exit-code] 0

$ flutter devices --device-timeout 10
Found 2 connected devices:
  macOS (desktop) • macos  • darwin-arm64   • macOS 26.4.1 25E253 darwin-arm64
  Chrome (web)    • chrome • web-javascript • Google Chrome 149.0.7827.115

Found 1 wirelessly connected device:
  iPad (5) (wireless) (mobile) • 8b406aa5c597eab4c4dfd9908f4a09b10a89ec63 • ios • iOS 17.7.11 21H461

Error: Browsing on the local area network for José Ramón’s iPhone. Ensure the device is unlocked and attached with a cable or associated with the same local area network as this Mac.
The device must be opted into Developer Mode to connect wirelessly. (code -27)

Run "flutter emulators" to list and start any available device emulators.

If you expected another device to be detected, please run "flutter doctor" to diagnose potential issues. Visit https://flutter.dev/setup/ for troubleshooting tips.
[exit-code] 0

$ xcrun devicectl list devices
Name                  Hostname                              Identifier                             State                Model
-------------------   -----------------------------------   ------------------------------------   ------------------   ---------------------------------------------
José Ramón’s iPhone   Jose-Ramons-iPhone.coredevice.local   AB1E2F45-61B1-5FBD-972A-940EA7EC8B0A   unavailable          iPhone 12 Pro (iPhone13,3)
iPad (5)              iPad-5.coredevice.local               0A947DBD-A462-5BAA-AB84-17F143D41619   available (paired)   iPad (6th generation) (Model A1893) (iPad7,5)
[exit-code] 0

$ python3 scripts/discover_automation_bridge.py --scan-subnet 192.168.178.0/24 --timeout 20 --required-command capture_screenshot --all
{
  "bridges": [],
  "count": 0,
  "port": 4762,
  "requiredCommand": "capture_screenshot",
  "scanSubnet": "192.168.178.0/24",
  "targetIds": []
}
[exit-code] 1

$ python3 scripts/ios_capture_repro.py --launch --device-id 8b406aa5c597eab4c4dfd9908f4a09b10a89ec63 --host auto --scan-subnet 192.168.178.0/24 --timeout 90 --run-dir logs/verification-runs/20260618-2033-post-lifecycle-fixes-device-proof-check/device-logs/ipad-ios-launch-bridge-check --lens autoBack --profile standard1080p30

[stderr]
ios_capture_repro failed: Automation bridge was not discovered on 192.168.178.0/24 port 4762
[exit-code] 1
