# HydraCam evidence run command log

$ git status -sb
## master-jose-2025...github/master-jose-2025
 M AGENTS.md
 M docs/control/README.md
 M docs/control/backlog-import.md
 M docs/control/win11-dev-host.md
 M lib/main.dart
 M lib/master/connected_client_automation_payload.dart
 M lib/master/master_screen.dart
 M lib/master/master_server.dart
 M lib/screens/media_selection_screen.dart
 M lib/screens/settings_screen.dart
 M lib/screens/uploader_info_screen.dart
 M lib/services/auth0_service.dart
 M lib/services/battery_service.dart
 M lib/services/camera_service.dart
 M lib/services/hydracam_api_service.dart
 M lib/services/scheduled_task_service.dart
 M lib/services/session_manager.dart
 M lib/services/settings_service.dart
 M lib/services/uploader_service.dart
 M lib/slave/slave_client.dart
 M lib/slave/slave_screen.dart
 M lib/widgets/add_gallery_media_button.dart
 M lib/widgets/media_filter_dialog.dart
 M lib/widgets/media_list_widget.dart
 M lib/widgets/session_info_widget.dart
 M lib/widgets/settings_option.dart
 M linux/flutter/generated_plugin_registrant.cc
 M linux/flutter/generated_plugins.cmake
 M macos/Flutter/GeneratedPluginRegistrant.swift
 M pubspec.lock
 M pubspec.yaml
 M test/master/connected_client_automation_payload_test.dart
 M test/master/master_network_snapshot_cache_test.dart
 M test/screens/capture_settings_screen_test.dart
 M test/services/battery_service_test.dart
 M test/services/camera_service_failure_test.dart
 M test/services/session_manager_test.dart
 M test/services/settings_service_test.dart
 M test/slave/slave_client_registration_test.dart
 M test/slave/slave_screen_fast_connect_test.dart
 M test/widgets/session_info_widget_test.dart
 M windows/flutter/generated_plugin_registrant.cc
 M windows/flutter/generated_plugins.cmake
?? docs/control/hydracam-mobo-media-timeline-merge-plan.md
?? lib/services/gallery_session_candidate_source.dart
?? lib/services/gallery_session_matcher.dart
?? logs/verification-runs/20260608-1745-critical-battery-autostop/
?? logs/verification-runs/20260608-1751-device-identity-diagnostics/
?? logs/verification-runs/20260608-1756-uploader-reset-progress-hygiene/
?? logs/verification-runs/20260608-1759-failed-upload-visible-state/
?? logs/verification-runs/20260608-1804-upload-byte-progress-visible/
?? logs/verification-runs/20260608-1807-explicit-upload-requeue-actions/
?? logs/verification-runs/20260608-1809-autograbado-setting-toggle/
?? logs/verification-runs/20260608-1816-gallery-session-window-matcher/
?? logs/verification-runs/20260608-1826-scheduled-task-clock-offset/
?? logs/verification-runs/20260608-1830-upload-time-estimate-visible/
?? logs/verification-runs/20260608-1834-same-session-rejoin-preserves-media/
?? logs/verification-runs/20260608-1838-gallery-browse-all-filter-action/
?? logs/verification-runs/20260608-1843-pending-upload-cancel-control/
?? logs/verification-runs/20260608-1848-autograbado-session-autostart/
?? logs/verification-runs/20260608-1855-start-upload-all-slave-command/
?? logs/verification-runs/20260608-1901-upload-app-version-metadata/
?? logs/verification-runs/20260608-1910-disconnected-device-state-master-list/
?? logs/verification-runs/20260608-1918-stale-inflight-upload-reset-guard/
?? logs/verification-runs/20260608-1922-slave-upload-info-action/
?? logs/verification-runs/20260608-1933-inflight-upload-cancel-control/
?? logs/verification-runs/20260608-1938-auth0-refresh-scope/
?? logs/verification-runs/20260608-1944-gallery-scan-active-session-preserved/
?? logs/verification-runs/20260608-1948-gallery-candidate-session-labels/
?? logs/verification-runs/20260608-1953-gallery-historical-session-candidate-source/
?? logs/verification-runs/20260608-2000-auth0-secure-credential-store/
?? logs/verification-runs/20260608-2006-auth0-startup-restore-valid-credentials/
?? logs/verification-runs/20260608-2011-20260608-2012-auth0-refresh-expired-credentials/
?? logs/verification-runs/20260608-win11-android-studio-ide-repair/
?? test/screens/media_selection_screen_test.dart
?? test/screens/uploader_info_screen_test.dart
?? test/services/auth0_service_test.dart
?? test/services/gallery_session_candidate_source_test.dart
?? test/services/gallery_session_matcher_test.dart
?? test/services/hydracam_api_service_test.dart
?? test/services/scheduled_task_service_test.dart
?? test/services/uploader_service_test.dart
?? test/widgets/media_filter_dialog_test.dart
?? test/widgets/media_list_widget_test.dart
[exit-code] 0

$ flutter test --no-pub test/services/auth0_service_test.dart
00:00 +0: loading /Users/jose/src/work/hydracamv2/test/services/auth0_service_test.dart
00:00 +0: Auth0 login requests refresh-capable scopes
00:00 +1: Auth0 login persists returned credentials through secure store
Log registered: {message: Profile set: https://example.com/player.png, timestamp: 2026-06-08 20:12:34.553983, function: login, file: auth0_service.dart}
00:00 +2: Auth0 startup restore uses valid stored credentials
00:00 +2: Auth0 login persists returned credentials through secure store
Trace file unavailable: MissingPluginException(No implementation found for method getApplicationDocumentsDirectory on channel plugins.flutter.io/path_provider)
00:00 +2: Auth0 startup restore uses valid stored credentials
Log registered: {message: Restored Auth0 session from secure store., timestamp: 2026-06-08 20:12:34.559638, function: restoreStoredSession, file: auth0_service.dart}
00:00 +3: Auth0 startup restore refreshes expired credentials
00:00 +3 -1: Auth0 startup restore refreshes expired credentials [E]
  Expected: true
    Actual: <false>

  package:matcher                                     expect
  package:flutter_test/src/widget_tester.dart 473:18  expect
  test/services/auth0_service_test.dart 116:5         main.<fn>

00:00 +3 -1: Auth0 startup restore rejects expired stored credentials
00:00 +4 -1: Some tests failed.

Failing tests:
  /Users/jose/src/work/hydracamv2/test/services/auth0_service_test.dart: Auth0 startup restore refreshes expired credentials
[exit-code] 1

$ flutter test --no-pub test/services/auth0_service_test.dart
00:00 +0: loading /Users/jose/src/work/hydracamv2/test/services/auth0_service_test.dart
00:00 +0: Auth0 login requests refresh-capable scopes
00:00 +1: Auth0 login persists returned credentials through secure store
Log registered: {message: Profile set: https://example.com/player.png, timestamp: 2026-06-08 20:13:35.228618, function: login, file: auth0_service.dart}
00:00 +2: Auth0 startup restore uses valid stored credentials
00:00 +2: Auth0 login persists returned credentials through secure store
Trace file unavailable: MissingPluginException(No implementation found for method getApplicationDocumentsDirectory on channel plugins.flutter.io/path_provider)
00:00 +2: Auth0 startup restore uses valid stored credentials
Log registered: {message: Restored Auth0 session from secure store., timestamp: 2026-06-08 20:13:35.234701, function: restoreStoredSession, file: auth0_service.dart}
00:00 +3: Auth0 startup restore refreshes expired credentials
Log registered: {message: Refreshed Auth0 session from secure store., timestamp: 2026-06-08 20:13:35.236530, function: restoreStoredSession, file: auth0_service.dart}
00:00 +4: Auth0 startup restore rejects expired stored credentials
00:00 +5: All tests passed!
[exit-code] 0

$ git status -sb
## master-jose-2025...github/master-jose-2025
 M AGENTS.md
 M docs/control/README.md
 M docs/control/backlog-import.md
 M docs/control/win11-dev-host.md
 M lib/main.dart
 M lib/master/connected_client_automation_payload.dart
 M lib/master/master_screen.dart
 M lib/master/master_server.dart
 M lib/screens/media_selection_screen.dart
 M lib/screens/settings_screen.dart
 M lib/screens/uploader_info_screen.dart
 M lib/services/auth0_service.dart
 M lib/services/battery_service.dart
 M lib/services/camera_service.dart
 M lib/services/hydracam_api_service.dart
 M lib/services/scheduled_task_service.dart
 M lib/services/session_manager.dart
 M lib/services/settings_service.dart
 M lib/services/uploader_service.dart
 M lib/slave/slave_client.dart
 M lib/slave/slave_screen.dart
 M lib/widgets/add_gallery_media_button.dart
 M lib/widgets/media_filter_dialog.dart
 M lib/widgets/media_list_widget.dart
 M lib/widgets/session_info_widget.dart
 M lib/widgets/settings_option.dart
 M linux/flutter/generated_plugin_registrant.cc
 M linux/flutter/generated_plugins.cmake
 M macos/Flutter/GeneratedPluginRegistrant.swift
 M pubspec.lock
 M pubspec.yaml
 M test/master/connected_client_automation_payload_test.dart
 M test/master/master_network_snapshot_cache_test.dart
 M test/screens/capture_settings_screen_test.dart
 M test/services/battery_service_test.dart
 M test/services/camera_service_failure_test.dart
 M test/services/session_manager_test.dart
 M test/services/settings_service_test.dart
 M test/slave/slave_client_registration_test.dart
 M test/slave/slave_screen_fast_connect_test.dart
 M test/widgets/session_info_widget_test.dart
 M windows/flutter/generated_plugin_registrant.cc
 M windows/flutter/generated_plugins.cmake
?? docs/control/hydracam-mobo-media-timeline-merge-plan.md
?? lib/services/gallery_session_candidate_source.dart
?? lib/services/gallery_session_matcher.dart
?? logs/verification-runs/20260608-1745-critical-battery-autostop/
?? logs/verification-runs/20260608-1751-device-identity-diagnostics/
?? logs/verification-runs/20260608-1756-uploader-reset-progress-hygiene/
?? logs/verification-runs/20260608-1759-failed-upload-visible-state/
?? logs/verification-runs/20260608-1804-upload-byte-progress-visible/
?? logs/verification-runs/20260608-1807-explicit-upload-requeue-actions/
?? logs/verification-runs/20260608-1809-autograbado-setting-toggle/
?? logs/verification-runs/20260608-1816-gallery-session-window-matcher/
?? logs/verification-runs/20260608-1826-scheduled-task-clock-offset/
?? logs/verification-runs/20260608-1830-upload-time-estimate-visible/
?? logs/verification-runs/20260608-1834-same-session-rejoin-preserves-media/
?? logs/verification-runs/20260608-1838-gallery-browse-all-filter-action/
?? logs/verification-runs/20260608-1843-pending-upload-cancel-control/
?? logs/verification-runs/20260608-1848-autograbado-session-autostart/
?? logs/verification-runs/20260608-1855-start-upload-all-slave-command/
?? logs/verification-runs/20260608-1901-upload-app-version-metadata/
?? logs/verification-runs/20260608-1910-disconnected-device-state-master-list/
?? logs/verification-runs/20260608-1918-stale-inflight-upload-reset-guard/
?? logs/verification-runs/20260608-1922-slave-upload-info-action/
?? logs/verification-runs/20260608-1933-inflight-upload-cancel-control/
?? logs/verification-runs/20260608-1938-auth0-refresh-scope/
?? logs/verification-runs/20260608-1944-gallery-scan-active-session-preserved/
?? logs/verification-runs/20260608-1948-gallery-candidate-session-labels/
?? logs/verification-runs/20260608-1953-gallery-historical-session-candidate-source/
?? logs/verification-runs/20260608-2000-auth0-secure-credential-store/
?? logs/verification-runs/20260608-2006-auth0-startup-restore-valid-credentials/
?? logs/verification-runs/20260608-2011-20260608-2012-auth0-refresh-expired-credentials/
?? logs/verification-runs/20260608-win11-android-studio-ide-repair/
?? test/screens/media_selection_screen_test.dart
?? test/screens/uploader_info_screen_test.dart
?? test/services/auth0_service_test.dart
?? test/services/gallery_session_candidate_source_test.dart
?? test/services/gallery_session_matcher_test.dart
?? test/services/hydracam_api_service_test.dart
?? test/services/scheduled_task_service_test.dart
?? test/services/uploader_service_test.dart
?? test/widgets/media_filter_dialog_test.dart
?? test/widgets/media_list_widget_test.dart
[exit-code] 0
