Timestamp               Ty Process[PID:TID]
2026-06-23 14:31:19.557 Df Runner[9873:1da5f73] [com.apple.xpc:connection] [0x600003d0c000] activating connection: mach=true listener=false peer=false name=com.apple.cfprefsd.daemon
2026-06-23 14:31:19.557 Df Runner[9873:1da5f75] [com.apple.runningboard:connection] Initializing connection
2026-06-23 14:31:19.557 Df Runner[9873:1da5f75] [com.apple.runningboard:process] Removing all cached process handles
2026-06-23 14:31:19.557 Df Runner[9873:1da5f76] [com.apple.runningboard:connection] Sending handshake request attempt #1 to server
2026-06-23 14:31:19.558 Df Runner[9873:1da5f76] [com.apple.runningboard:connection] Creating connection to com.apple.runningboard
2026-06-23 14:31:19.558 Df Runner[9873:1da5f76] [com.apple.xpc:connection] [0x600003d00000] activating connection: mach=true listener=false peer=false name=com.apple.runningboard
2026-06-23 14:31:19.558 Df Runner[9873:1da5f75] [com.apple.xpc:connection] [0x1069048c0] activating connection: mach=false listener=false peer=false name=(anonymous)
2026-06-23 14:31:19.558 A  Runner[9873:1da5f7a] (RunningBoardServices) didChangeInheritances
2026-06-23 14:31:19.558 Df Runner[9873:1da5f76] [com.apple.runningboard:connection] Handshake succeeded
2026-06-23 14:31:19.558 Df Runner[9873:1da5f77] (libMobileGestalt.dylib) No persisted cache on this platform.
2026-06-23 14:31:19.559 A  Runner[9873:1da5f74] (CoreFoundation) Loading Preferences From User Session CFPrefsD
2026-06-23 14:31:19.564 Df Runner[9873:1da5f76] [com.apple.runningboard:connection] Identity resolved as app<com.keepeyeonball((null))>
2026-06-23 14:31:19.565 Df Runner[9873:1da5f44] [com.apple.UIKit:Application] Deactivation reason added: 10; deactivation reasons: 0 -> 1024; animating application lifecycle event: 0
2026-06-23 14:31:19.565 Df Runner[9873:1da5f73] [com.apple.UIKit:BackgroundTask] Creating new assertion because there is no existing background assertion.
2026-06-23 14:31:19.565 Df Runner[9873:1da5f73] [com.apple.UIKit:BackgroundTask] Creating new background assertion
2026-06-23 14:31:19.565 E  Runner[9873:0] [com.apple.os_debug_log:] assertion failed: 25E253 22E238: libxpc.dylib + 72720 [C8560CB4-518F-37C4-915D-0554F320B3A0]: 0x7d
2026-06-23 14:31:19.565 Df Runner[9873:1da5f73] [com.apple.UIKit:BackgroundTask] Created new background assertion <BKSProcessAssertion: 0x60000210ab70>
2026-06-23 14:31:19.565 Df Runner[9873:1da5f44] [com.apple.BoardServices:Injection] activating monitor for service com.apple.frontboard.open
2026-06-23 14:31:19.566 Df Runner[9873:1da5f44] [com.apple.BoardServices:Injection] activating monitor for service com.apple.frontboard.workspace-service
2026-06-23 14:31:19.566 Df Runner[9873:1da5f44] [com.apple.FrontBoard:Common] FBSWorkspace registering source: com.apple.frontboard.systemappservices
2026-06-23 14:31:19.566 Df Runner[9873:1da5f73] [com.apple.UIKit:BackgroundTask] Incrementing reference count for background assertion <BKSProcessAssertion: 0x60000210ab70>
2026-06-23 14:31:19.566 Df Runner[9873:1da5f73] [com.apple.UIKit:BackgroundTask] Created background task <_UIBackgroundTaskInfo: 0x600001708cc0>: taskID = 1, taskName = Launch Background Task for Coalescing, creationTime = 342561 (elapsed = 0).
2026-06-23 14:31:19.566 Df Runner[9873:1da5f73] [com.apple.FrontBoard:SceneExtension] Realizing settings extension _UIApplicationSceneKeyboardSettings on FBSSceneSettings
2026-06-23 14:31:19.566 Df Runner[9873:1da5f44] [com.apple.FrontBoard:Common] FBSWorkspace connected to endpoint : <BSServiceConnectionEndpoint: 0x600001719840; target: com.apple.frontboard.systemappservices; service: com.apple.frontboard.workspace-service>
2026-06-23 14:31:19.566 Df Runner[9873:1da5f44] [com.apple.FrontBoard:Common] <FBSWorkspaceScenesClient:0x600002c18980 com.apple.frontboard.systemappservices> attempting immediate handshake from activate
2026-06-23 14:31:19.566 Df Runner[9873:1da5f44] [com.apple.FrontBoard:Common] <FBSWorkspaceScenesClient:0x600002c18980 com.apple.frontboard.systemappservices> sent handshake
2026-06-23 14:31:19.566 Df Runner[9873:1da5f44] [com.apple.runningboard:general] Added observer for process assertions expiration warning: <_RBSExpirationWarningClient: 0x600000219a60>
2026-06-23 14:31:19.566 Df Runner[9873:1da5f73] [com.apple.FrontBoard:SceneExtension] Realizing settings extension <_UISceneOcclusionSettings> on FBSSceneSettings
2026-06-23 14:31:19.567 Df Runner[9873:1da5f73] [com.apple.FrontBoard:SceneExtension] Realizing settings extension <_UISceneInterfaceProtectionSceneSettings> on FBSSceneSettings
2026-06-23 14:31:19.567 Df Runner[9873:1da5f73] [com.apple.FrontBoard:SceneExtension] Realizing settings extension <_UIHomeAffordanceHostSceneSettings> on FBSSceneSettings
2026-06-23 14:31:19.567 Df Runner[9873:1da5f73] [com.apple.FrontBoard:SceneExtension] Realizing settings extension _UISystemShellSceneHostingEnvironmentSettings on FBSSceneSettings
2026-06-23 14:31:19.567 Df Runner[9873:1da5f73] [com.apple.FrontBoard:SceneExtension] Realizing settings extension _UISceneRenderingEnvironmentSettings on FBSSceneSettings
2026-06-23 14:31:19.567 Df Runner[9873:1da5f73] [com.apple.FrontBoard:SceneExtension] Realizing settings extension <_UISceneTransitioningHostSettings> on FBSSceneSettings
2026-06-23 14:31:19.567 Df Runner[9873:1da5f73] [com.apple.FrontBoard:SceneExtension] Realizing settings extension <_UISceneHostingContentSizePreferenceClientSettings> on FBSSceneClientSettings
2026-06-23 14:31:19.568 Df Runner[9873:1da5f73] [com.apple.FrontBoard:SceneExtension] Realizing settings extension _UISceneHostingTraitCollectionPropagationSettings on FBSSceneSettings
2026-06-23 14:31:19.568 Df Runner[9873:1da5f73] [com.apple.FrontBoard:SceneExtension] Realizing settings extension <_UISceneHostingSheetPresentationSettings> on FBSSceneSettings
2026-06-23 14:31:19.568 Df Runner[9873:1da5f73] [com.apple.FrontBoard:SceneExtension] Realizing settings extension <_UISceneHostingSheetPresentationClientSettings> on FBSSceneClientSettings
2026-06-23 14:31:19.568 Df Runner[9873:1da5f73] [com.apple.FrontBoard:SceneExtension] Realizing settings extension <_UISceneHostingEventDeferringSettings> on FBSSceneSettings
2026-06-23 14:31:19.568 Df Runner[9873:1da5f73] [com.apple.FrontBoard:SceneExtension] Realizing settings extension <UIKit__UITypedKeyValueSceneSettings> on FBSSceneSettings
2026-06-23 14:31:19.568 Df Runner[9873:1da5f73] [com.apple.FrontBoard:SceneExtension] Realizing settings extension <UIKit__UITypedKeyValueSceneSettings> on FBSSceneClientSettings
2026-06-23 14:31:19.568 Df Runner[9873:1da5f74] [com.apple.FrontBoard:SceneExtension] Realizing settings extension FBSSceneSettingsCore on FBSSceneSettings
2026-06-23 14:31:19.569 Df Runner[9873:1da5f44] [com.apple.UIKit:UIScreen] Evaluated capturing state as 0 on <UIScreen: 0x106f05300> for initial
2026-06-23 14:31:19.569 Df Runner[9873:1da5f44] [com.apple.UIKit:UIScreen] Evaluated capturing state as 0 on <UIScreen: 0x106f05300> for CADisplay KVO
2026-06-23 14:31:19.569 Df Runner[9873:1da5f74] [com.apple.FrontBoard:SceneExtension] Realizing settings extension FBSSceneClientSettingsCore on FBSSceneClientSettings
2026-06-23 14:31:19.569 Df Runner[9873:1da5f74] [com.apple.FrontBoard:SceneExtension] UIMutableApplicationSceneSettings setting counterpart class: UIApplicationSceneSettings
2026-06-23 14:31:19.569 Df Runner[9873:1da5f74] [com.apple.FrontBoard:SceneExtension] UIMutableApplicationSceneClientSettings setting counterpart class: UIApplicationSceneClientSettings
2026-06-23 14:31:19.569 Df Runner[9873:1da5f74] [com.apple.FrontBoard:SceneExtension] Realizing settings extension FBSSceneTransitionContextCore on FBSSceneTransitionContext
2026-06-23 14:31:19.570 Df Runner[9873:1da5f44] [com.apple.Accessibility:AXSupportCommon] Read CategoryName: per-app = 1, category name = (null)
2026-06-23 14:31:19.570 Df Runner[9873:1da5f44] [com.apple.Accessibility:AXSupportCommon] Read CategoryName: per-app = 0, category name = (null)
2026-06-23 14:31:19.571 Df Runner[9873:1da5f44] [com.apple.dt.xctest:Default] Registering for test daemon availability notify post.
2026-06-23 14:31:19.571 Df Runner[9873:1da5f44] [com.apple.dt.xctest:Default] notify_get_state check indicated test daemon not ready.
2026-06-23 14:31:19.571 Df Runner[9873:1da5f44] [com.apple.dt.xctest:Default] notify_get_state check indicated test daemon not ready.
2026-06-23 14:31:19.571 Df Runner[9873:1da5f44] [com.apple.dt.xctest:Default] notify_get_state check indicated test daemon not ready.
2026-06-23 14:31:19.571 Df Runner[9873:1da5f44] [com.apple.UIKit:Application] Deactivation reason added: 11; deactivation reasons: 1024 -> 3072; animating application lifecycle event: 0
2026-06-23 14:31:19.572 Df Runner[9873:1da5f44] [com.apple.UIKit:ViewServices] Launching as view service: NO
2026-06-23 14:31:19.573 Df Runner[9873:1da5f44] [com.apple.UIKit:Application] Deactivation reason removed: 10; deactivation reasons: 3072 -> 2048; animating application lifecycle event: 0
2026-06-23 14:31:19.573 Df Runner[9873:1da5f44] [com.apple.UIKit:EventBus] Event Timing Profile for Touch: not found, path="/System/Library/EventTimingProfiles/Sim.Touch.plist"
2026-06-23 14:31:19.573 Df Runner[9873:1da5f44] [com.apple.UIKit:EventBus] Event Timing Profile for Pencil: not found, path="/System/Library/EventTimingProfiles/Sim.Pencil.plist"
2026-06-23 14:31:19.573 Df Runner[9873:1da5f44] [com.apple.UIKit:UpdateScheduler] Selected display: name=LCD (PurpleMain), id=1
2026-06-23 14:31:19.577 Df Runner[9873:1da5f44] [com.apple.xpc:connection] [0x106f05140] activating connection: mach=false listener=false peer=false name=(anonymous)
2026-06-23 14:31:19.579 Df Runner[9873:1da5f44] [com.apple.UIKit:Application] Deactivation reason added: 5; deactivation reasons: 2048 -> 2080; animating application lifecycle event: 1
2026-06-23 14:31:19.579 Df Runner[9873:1da5f44] [com.apple.UIKit:Application] Deactivation reason added: 13; deactivation reasons: 2080 -> 10272; animating application lifecycle event: 1
2026-06-23 14:31:19.579 Df Runner[9873:1da5f44] [com.apple.UIKit:InterfaceStyle] Should send trait collection or coordinate space update, interface style 1 -> 1, <UIWindowScene: 0x106805010> (87169E25-8CDB-48B0-8B4B-3B6D8289CFE4)
2026-06-23 14:31:19.580 Df Runner[9873:1da5f44] [com.apple.UIKit:InterfaceStyle] Not push traits update to screen for new style 1, <UIWindowScene: 0x106805010> (87169E25-8CDB-48B0-8B4B-3B6D8289CFE4)
2026-06-23 14:31:19.580 Df Runner[9873:1da5f44] [com.apple.UIKit:HomeAffordanceObservation] Initializing: <_UIHomeAffordanceSceneNotifier: 0x600002908700>; with scene: <UIWindowScene: 0x106805010>
2026-06-23 14:31:19.580 Df Runner[9873:1da5f44] [com.apple.BacklightServices:scenes] 0x600000c38930 setDelegate:<0x600000c38360 _UIBacklightEnvironment> hasDelegate:YES for environment:sceneID:com.keepeyeonball-default
2026-06-23 14:31:19.580 Df Runner[9873:1da5f44] [com.apple.UIKit:InterfaceStyle] Not push traits update to screen for new style 1, <UIWindowScene: 0x106805010> (87169E25-8CDB-48B0-8B4B-3B6D8289CFE4)
2026-06-23 14:31:19.580 Df Runner[9873:1da5f44] [com.apple.UIKit:EventDeferring] [0x600002908690] Initialized with scene: <UIWindowScene: 0x106805010>; behavior: <_UIEventDeferringBehavior_iOS: 0x600000236100>; systemShellManagesKeyboardFocus: 1
2026-06-23 14:31:19.581 Df Runner[9873:1da5f44] [com.apple.UIKit:KeyWindow] Setting default evaluation strategy for UIUserInterfaceIdiomPhone to LastOneWins
2026-06-23 14:31:19.581 Df Runner[9873:1da5f44] [com.apple.UIKit:InterfaceStyle] Not push traits update to screen for new style 1, <UIWindowScene: 0x106805010> (87169E25-8CDB-48B0-8B4B-3B6D8289CFE4)
2026-06-23 14:31:19.581 Df Runner[9873:1da5f44] [com.apple.UIKit:InterfaceStyle] Not push traits update to screen for new style 1, <UIWindowScene: 0x106805010> (87169E25-8CDB-48B0-8B4B-3B6D8289CFE4)
2026-06-23 14:31:19.581 Df Runner[9873:1da5f44] [com.apple.UIKit:InterfaceStyle] Not push traits update to screen for new style 1, <UIWindowScene: 0x106805010> (87169E25-8CDB-48B0-8B4B-3B6D8289CFE4)
2026-06-23 14:31:19.593 Df Runner[9873:1da5f44] [com.apple.xpc:connection] [0x106f064d0] activating connection: mach=true listener=false peer=false name=com.apple.metal.simulator
2026-06-23 14:31:19.593 Df Runner[9873:1da5f44] [com.apple.xpc:connection] [0x106d08470] activating connection: mach=true listener=false peer=false name=com.apple.metal.simulator
2026-06-23 14:31:19.594 Df Runner[9873:1da5f44] [com.apple.xpc:connection] [0x106d0a1b0] activating connection: mach=true listener=false peer=false name=com.apple.metal.simulator
2026-06-23 14:31:19.595 E  Runner[9873:1da5f44] [com.apple.UIKit:UIFocus] FlutterView implements focusItemsInRect: - caching for linear focus movement is limited as long as this view is on screen.
2026-06-23 14:31:19.620 Df Runner[9873:1da5f78] [com.apple.xpc:connection] [0x107804200] activating connection: mach=true listener=false peer=false name=com.apple.fontservicesd
2026-06-23 14:31:19.621 Df Runner[9873:1da5f44] [com.apple.network:] networkd_settings_read_from_file initialized networkd settings by reading plist directly
2026-06-23 14:31:19.621 Df Runner[9873:1da5f44] [com.apple.network:] networkd_settings_read_from_file initialized networkd settings by reading plist directly
2026-06-23 14:31:19.621 Df Runner[9873:1da5f44] [com.apple.network:path] nw_path_evaluator_start [00BF24D4-9031-480E-BB2E-DADD6B2165B5 <NULL> generic, multipath service: 1, attribution: developer]
	path: satisfied (Path is satisfied), interface: en0[802.11], uses wifi
2026-06-23 14:31:19.628 Df Runner[9873:1da5f91] (Flutter) flutter: The Dart VM service is listening on http://127.0.0.1:53832/acfGvqiY57o=/
2026-06-23 14:31:19.761 Df Runner[9873:1da5f44] [com.apple.FrontBoard:SceneExtension] Realizing settings extension <_UIApplicationSceneDisplaySettings> on FBSSceneSettings
2026-06-23 14:31:19.774 Df Runner[9873:1da5f44] [com.apple.UIKit:Orientation] <UIWindowScene: 0x106805010> (87169E25-8CDB-48B0-8B4B-3B6D8289CFE4) Scene updated orientation preferences: none -> ( Pu Ll Lr )
2026-06-23 14:31:19.774 Df Runner[9873:1da5f44] [com.apple.UIKit:KeyWindow] Key window API is scene-level: YES
2026-06-23 14:31:19.774 Df Runner[9873:1da5f44] [com.apple.UIKit:KeyWindow] UIWindowScene: 0x106805010: Window became key in scene: UIWindow: 0x106809910; contextId: 0x5CB3C16C: reason: UIWindowScene: 0x106805010: Window requested to become key in scene: 0x106809910
2026-06-23 14:31:19.774 Df Runner[9873:1da5f44] [com.apple.UIKit:KeyWindow] Key window needs update: 1; currentKeyWindowScene: 0x0; evaluatedKeyWindowScene: 0x106805010; currentApplicationKeyWindow: 0x0; evaluatedApplicationKeyWindow: 0x106809910; reason: UIWindowScene: 0x106805010: Window requested to become key in scene: 0x106809910
2026-06-23 14:31:19.774 Df Runner[9873:1da5f44] [com.apple.UIKit:KeyWindow] Window did become application key: UIWindow: 0x106809910; contextId: 0x5CB3C16C; scene identity: com.apple.frontboard.systemappservices/FBSceneManager:sceneID%3Acom.keepeyeonball-default
2026-06-23 14:31:19.774 Df Runner[9873:1da5f44] [com.apple.UIKit:EventDeferring] [0x600002908690] Begin local event deferring requested for token: 0x600002619500; environments: 1; reason: UIWindowScene: 0x106805010: Begin event deferring in keyboardFocus for window: 0x106809910
2026-06-23 14:31:19.775 Df Runner[9873:1da5f44] [com.apple.UIKit:InterfaceStyle] Not push traits update to screen for new style 1, <UIWindowScene: 0x106805010> (87169E25-8CDB-48B0-8B4B-3B6D8289CFE4)
2026-06-23 14:31:19.776 Df Runner[9873:1da5f44] [com.apple.UIKit:AppLifecycle] sceneOfRecord: sceneID: sceneID:com.keepeyeonball-default  persistentID: 87169E25-8CDB-48B0-8B4B-3B6D8289CFE4
2026-06-23 14:31:19.776 Df Runner[9873:1da5f44] [com.apple.UIKit:Application] Ignoring already applied deactivation reason: 13; deactivation reasons: 10272
2026-06-23 14:31:19.776 Df Runner[9873:1da5f44] [com.apple.UIKit:Application] Ignoring already applied deactivation reason: 5; deactivation reasons: 10272
2026-06-23 14:31:19.776 Df Runner[9873:1da5f44] [com.apple.UIKit:Application] Ignoring already applied deactivation reason: 13; deactivation reasons: 10272
2026-06-23 14:31:19.776 Df Runner[9873:1da5f44] [com.apple.UIKit:Application] Deactivation reason added: 12; deactivation reasons: 10272 -> 14368; animating application lifecycle event: 1
2026-06-23 14:31:19.778 Df Runner[9873:1da5f44] [com.apple.UIKit:Application] Deactivation reason removed: 11; deactivation reasons: 14368 -> 12320; animating application lifecycle event: 1
2026-06-23 14:31:19.778 Df Runner[9873:1da5f74] [com.apple.UIIntelligenceSupport:xpc] establishing connection to agent
2026-06-23 14:31:19.778 Df Runner[9873:1da5f74] [com.apple.xpc:session] [0x6000021332f0] Session created.
2026-06-23 14:31:19.778 Df Runner[9873:1da5f74] [com.apple.xpc:session] [0x6000021332f0] Session created from connection [0x600003d4da40]
2026-06-23 14:31:19.778 Df Runner[9873:1da5f44] [com.apple.UIKit:InterfaceStyle] Not push traits update to screen for new style 1, <UIWindowScene: 0x106805010> (87169E25-8CDB-48B0-8B4B-3B6D8289CFE4)
2026-06-23 14:31:19.778 Df Runner[9873:1da5f74] [com.apple.xpc:connection] [0x600003d4da40] activating connection: mach=true listener=false peer=false name=com.apple.uiintelligencesupport.agent
2026-06-23 14:31:19.779 Df Runner[9873:1da5f74] [com.apple.xpc:session] [0x6000021332f0] Session activated
2026-06-23 14:31:19.779 Df Runner[9873:1da5f44] [com.apple.xpc:connection] [0x600003d0c0f0] activating connection: mach=true listener=false peer=false name=com.apple.IOSurface.Remote
2026-06-23 14:31:19.782 Df Runner[9873:1da5f44] [com.apple.network:activity] Create activity from XPC object <nw_activity 50:1 [57E59209-BF7C-45C4-8D3C-7AA1AC84B598] (reporting strategy default)>
2026-06-23 14:31:19.782 Df Runner[9873:1da5f44] [com.apple.network:activity] Create activity from XPC object <nw_activity 50:2 [6226F292-BBF3-48CD-9EE0-A67741AE016B] (reporting strategy default)>
2026-06-23 14:31:19.782 Df Runner[9873:1da5f44] [com.apple.network:activity] Set activity <nw_activity 50:1 [57E59209-BF7C-45C4-8D3C-7AA1AC84B598] (reporting strategy default)> as the global parent
2026-06-23 14:31:19.782 Df Runner[9873:1da5f44] [com.apple.UIKit:BackgroundTask] Ending background task with UIBackgroundTaskIdentifier: 1
2026-06-23 14:31:19.782 Df Runner[9873:1da5f44] [com.apple.UIKit:BackgroundTask] Ending task with identifier 1 and description: <_UIBackgroundTaskInfo: 0x600001708cc0>: taskID = 1, taskName = Launch Background Task for Coalescing, creationTime = 342561 (elapsed = 0), _expireHandler: (null)
2026-06-23 14:31:19.782 Df Runner[9873:1da5f44] [com.apple.UIKit:BackgroundTask] Decrementing reference count for assertion <BKSProcessAssertion: 0x60000210ab70> (used by background task with identifier 1: <_UIBackgroundTaskInfo: 0x600001708cc0>: taskID = 1, taskName = Launch Background Task for Coalescing, creationTime = 342561 (elapsed = 0))
2026-06-23 14:31:19.782 Df Runner[9873:1da5f44] [com.apple.UIKit:BackgroundTask] Will invalidate assertion: <BKSProcessAssertion: 0x60000210ab70> for task identifier: 1
2026-06-23 14:31:19.782 Df Runner[9873:1da5f44] [com.apple.UIKit:UpdateScheduler] Target list changed: <CADisplay:LCD PurpleMain>
2026-06-23 14:31:19.783 A  Runner[9873:1da5f74] (RunningBoardServices) didChangeInheritances
2026-06-23 14:31:19.783 Df Runner[9873:1da5f44] [com.apple.UIKit:AppLifecycle] sceneOfRecord: sceneID: sceneID:com.keepeyeonball-default  persistentID: 87169E25-8CDB-48B0-8B4B-3B6D8289CFE4
2026-06-23 14:31:19.783 Df Runner[9873:1da5f44] [com.apple.UIKit:Application] Ignoring already applied deactivation reason: 13; deactivation reasons: 12320
2026-06-23 14:31:19.783 Df Runner[9873:1da5f44] [com.apple.UIKit:Application] Deactivation reason removed: 5; deactivation reasons: 12320 -> 12288; animating application lifecycle event: 0
2026-06-23 14:31:19.784 A  Runner[9873:1da5f44] (CoreFoundation) Updating Key-Value Observers Of Preferences
2026-06-23 14:31:19.785 Df Runner[9873:1da5f44] [com.apple.KeyboardArbiter:Client] startConnection
2026-06-23 14:31:19.785 A  Runner[9873:1da5f79] (RunningBoardServices) didChangeInheritances
2026-06-23 14:31:19.785 Df Runner[9873:1da5f44] [com.apple.xpc:connection] [0x107b09020] activating connection: mach=true listener=false peer=false name=com.apple.UIKit.KeyboardManagement.hosted
2026-06-23 14:31:19.819 Df Runner[9873:1da5f44] [com.apple.UIKit:AppLifecycle] sceneOfRecord: sceneID: sceneID:com.keepeyeonball-default  persistentID: 87169E25-8CDB-48B0-8B4B-3B6D8289CFE4
2026-06-23 14:31:19.819 Df Runner[9873:1da5f44] [com.apple.UIKit:AppLifecycle] sceneOfRecord: sceneID: sceneID:com.keepeyeonball-default  persistentID: 87169E25-8CDB-48B0-8B4B-3B6D8289CFE4
2026-06-23 14:31:19.819 Df Runner[9873:1da5f44] [com.apple.KeyboardArbiter:Client] handleKeyboardChange: set currentKeyboard:N (wasKeyboard:N)
2026-06-23 14:31:19.819 Df Runner[9873:1da5f44] [com.apple.UIKit:KeyboardSceneDelegate] forceReloadInputViews
2026-06-23 14:31:19.819 Df Runner[9873:1da5f44] [com.apple.UIKit:KeyboardSceneDelegate] Reloading input views for: <(null): 0x0; > force: 1
2026-06-23 14:31:19.820 Df Runner[9873:1da5f44] [com.apple.UIKit:KeyboardArbiterClientLog] isWritingToolsHandlingKeyboardTracking:Y (WT ready:Y, Arbiter ready:Y)
2026-06-23 14:31:19.861 Df Runner[9873:1da5f44] [com.apple.network:activity] <nw_activity 50:1 [57E59209-BF7C-45C4-8D3C-7AA1AC84B598] (global parent) (reporting strategy default) complete (reason success)> complete with reason 2 (success), duration 605ms
2026-06-23 14:31:19.861 Df Runner[9873:1da5f44] [com.apple.network:activity] <nw_activity 50:2 [6226F292-BBF3-48CD-9EE0-A67741AE016B] (reporting strategy default) complete (reason success)> complete with reason 2 (success), duration 605ms
2026-06-23 14:31:19.861 Df Runner[9873:1da5f44] [com.apple.network:activity] Unsetting the global parent activity <nw_activity 50:1 [57E59209-BF7C-45C4-8D3C-7AA1AC84B598] (global parent) (reporting strategy default) complete (reason success)>
2026-06-23 14:31:19.861 Df Runner[9873:1da5f44] [com.apple.network:activity] Unset the global parent activity
2026-06-23 14:31:19.889 A  Runner[9873:1da5f74] (RunningBoardServices) didChangeInheritances
2026-06-23 14:31:20.616 A  Runner[9873:1da5f79] (RunningBoardServices) didChangeInheritances
2026-06-23 14:31:20.723 A  Runner[9873:1da5f74] (RunningBoardServices) didChangeInheritances
