Timestamp               Ty Process[PID:TID]
2026-06-23 14:32:12.948 A  Runner[9873:1da718e] (CoreFoundation) Updating Key-Value Observers Of Preferences
2026-06-23 14:32:13.871 Df Runner[9873:1da5f44] [com.apple.BackBoard:Display] [FBSDisplaySource 1-1] silently connecting raw configuration: <FBSDisplayConfiguration: 0x600003d4e850; Main; mode: "402x874@3x 60Hz p3 SDR">
2026-06-23 14:32:15.245 Df Runner[9873:1da5f44] [com.apple.Accessibility:AXIPC] Setting client identifier com.apple.accessibility.AXSystemReplyServer-9873-0
2026-06-23 14:32:23.153 Df Runner[9873:1da5f44] [com.apple.BackBoard:Keyboard] Activating connection to server: (null)
2026-06-23 14:32:23.153 Df Runner[9873:1da5f44] [com.apple.BackBoard:Keyboard] server remote target <BSXPCServiceConnectionProxy<BKSKeyboardServiceClientToServerIPC>: 0x600002920bd0>
2026-06-23 14:32:23.153 Df Runner[9873:1da5f44] [com.apple.BackBoard:Keyboard] currently observing: YES
2026-06-23 14:32:23.154 Df Runner[9873:1da5f44] [com.apple.BackBoard:Keyboard] connected: (
    "<BKSHIDKeyboardDevice: 0x600000241b60> {\134n    senderID: 0xACEFADE00000003;\134n    transport: <nil>;\134n    language: <nil>;\134n    layout: Latin American;\134n    countryCode: 0;\134n    standardType: 4294967295;\134n    subinterfaceID: 0;\134n    capsLockKeyHasLanguageSwitchLabel: NO;\134n    globeKeyLabelHasGlobeSymbol: NO;\134n}"
)
2026-06-23 14:32:23.154 Df Runner[9873:1da5f44] [com.apple.BackBoard:Keyboard] currently observing: NO
2026-06-23 14:32:23.154 Df Runner[9873:1da5f44] [com.apple.BackBoard:Keyboard] disconnected: (
    "<BKSHIDKeyboardDevice: 0x600000241b60> {\134n    senderID: 0xACEFADE00000003;\134n    transport: <nil>;\134n    language: <nil>;\134n    layout: Latin American;\134n    countryCode: 0;\134n    standardType: 4294967295;\134n    subinterfaceID: 0;\134n    capsLockKeyHasLanguageSwitchLabel: NO;\134n    globeKeyLabelHasGlobeSymbol: NO;\134n}"
)
2026-06-23 14:32:23.155 Df Runner[9873:1da5f44] [com.apple.BackBoard:Keyboard] currently observing: YES
2026-06-23 14:32:23.155 Df Runner[9873:1da5f44] [com.apple.BackBoard:Keyboard] connected: (
    "<BKSHIDKeyboardDevice: 0x600000241b00> {\134n    senderID: 0xACEFADE00000003;\134n    transport: <nil>;\134n    language: <nil>;\134n    layout: Latin American;\134n    countryCode: 0;\134n    standardType: 4294967295;\134n    subinterfaceID: 0;\134n    capsLockKeyHasLanguageSwitchLabel: NO;\134n    globeKeyLabelHasGlobeSymbol: NO;\134n}"
)
2026-06-23 14:32:23.156 Df Runner[9873:1da5f44] [com.apple.BackBoard:Keyboard] currently observing: NO
2026-06-23 14:32:23.156 Df Runner[9873:1da5f44] [com.apple.BackBoard:Keyboard] disconnected: (
    "<BKSHIDKeyboardDevice: 0x600000241b00> {\134n    senderID: 0xACEFADE00000003;\134n    transport: <nil>;\134n    language: <nil>;\134n    layout: Latin American;\134n    countryCode: 0;\134n    standardType: 4294967295;\134n    subinterfaceID: 0;\134n    capsLockKeyHasLanguageSwitchLabel: NO;\134n    globeKeyLabelHasGlobeSymbol: NO;\134n}"
)
2026-06-23 14:32:23.157 Df Runner[9873:1da5f44] [com.apple.UIKit:HardwareKeyboard] -[UIApplication GSKeyboardForHWLayout:senderID:forceRebuild:createIfNeeded:], New hardware layout is created with Latin American layout and 0 standardType.
2026-06-23 14:32:23.157 Df Runner[9873:1da5f44] [com.apple.BackBoard:Keyboard] currently observing: YES
2026-06-23 14:32:23.158 Df Runner[9873:1da5f44] [com.apple.BackBoard:Keyboard] connected: (
    "<BKSHIDKeyboardDevice: 0x6000002f3020> {\134n    senderID: 0xACEFADE00000003;\134n    transport: <nil>;\134n    language: <nil>;\134n    layout: Latin American;\134n    countryCode: 0;\134n    standardType: 4294967295;\134n    subinterfaceID: 0;\134n    capsLockKeyHasLanguageSwitchLabel: NO;\134n    globeKeyLabelHasGlobeSymbol: NO;\134n}"
)
2026-06-23 14:32:23.158 Df Runner[9873:1da5f44] [com.apple.BackBoard:Keyboard] currently observing: NO
2026-06-23 14:32:23.158 Df Runner[9873:1da5f44] [com.apple.BackBoard:Keyboard] disconnected: (
    "<BKSHIDKeyboardDevice: 0x6000002f3020> {\134n    senderID: 0xACEFADE00000003;\134n    transport: <nil>;\134n    language: <nil>;\134n    layout: Latin American;\134n    countryCode: 0;\134n    standardType: 4294967295;\134n    subinterfaceID: 0;\134n    capsLockKeyHasLanguageSwitchLabel: NO;\134n    globeKeyLabelHasGlobeSymbol: NO;\134n}"
)
2026-06-23 14:32:23.158 Df Runner[9873:1da5f44] [com.apple.UIKit:EventDispatch] Sending UIEvent type: 4; subtype: 0; to windows: 1
2026-06-23 14:32:23.158 Df Runner[9873:1da5f44] [com.apple.UIKit:EventDispatch] Sending UIEvent type: 4; subtype: 0; to window: <UIWindow: 0x106809910>; contextId: 0x5CB3C16C
