# HydraCam evidence run command log

$ git status -sb
## master-jose-2025...github/master-jose-2025
 M AGENTS.md
 M docs/control/README.md
 M docs/control/win11-dev-host.md
?? docs/control/hydracam-mobo-media-timeline-merge-plan.md
?? logs/verification-runs/20260608-1552-physical-iphone-setup-blocker-current/
?? logs/verification-runs/20260608-win11-android-studio-ide-repair/
[exit-code] 0

$ xcrun devicectl list devices
Name                  Hostname                              Identifier                             State         Model                                        
-------------------   -----------------------------------   ------------------------------------   -----------   ---------------------------------------------
José Ramón’s iPhone   Jose-Ramons-iPhone.coredevice.local   AB1E2F45-61B1-5FBD-972A-940EA7EC8B0A   unavailable   iPhone 12 Pro (iPhone13,3)                   
iPad (5)              iPad-5.coredevice.local               0A947DBD-A462-5BAA-AB84-17F143D41619   connected     iPad (6th generation) (Model A1893) (iPad7,5)
[exit-code] 0

$ xcrun xctrace list devices
== Devices ==
jose-mbp (E10DDBBD-CE0A-5212-B382-17714EF12A6B)
iPad (5) (17.7.11) (8b406aa5c597eab4c4dfd9908f4a09b10a89ec63)

== Devices Offline ==
José Ramón’s iPhone (26.5) (00008101-000A68811E43001E)

== Simulators ==
Apple TV Simulator (18.4) (D43C6B59-90A5-45B2-B036-E82888CD3396)
Apple TV 4K (3rd generation) Simulator (18.4) (0B98182D-7F16-4881-9075-15CB539C6916)
Apple TV 4K (3rd generation) (at 1080p) Simulator (18.4) (7865E8CA-E4B9-4710-9ACD-3D6808A7AC05)
Apple Vision Pro (2.4) (CAE1E201-EE58-4BAF-86A6-ADD79EAE7D6E)
Apple Watch SE (40mm) (2nd generation) Simulator (11.4) (46A5F0BA-FDC2-4580-9666-32460B4668B4)
Apple Watch SE (44mm) (2nd generation) Simulator (11.4) (5C3B67F3-AAC3-4DAE-981E-4C56151CB758)
Apple Watch Series 10 (42mm) Simulator (11.4) (834DA641-E4E1-4017-920C-F24C6190B6BB)
Apple Watch Series 10 (46mm) Simulator (11.4) (BB392236-84F5-4DFE-8C31-E8258FDF8B39)
Apple Watch Ultra 2 (49mm) Simulator (11.4) (37E68BED-6456-4102-85BF-BA64F7F4F936)
iPad (A16) Simulator (18.4) (65B81095-034E-43BD-B725-25D20F633515)
iPad (A16) Simulator (26.5) (87CD6158-316A-47D7-8CF7-771A8784C5FB)
iPad Air 11-inch (M3) Simulator (18.4) (3138C415-02AD-4FBE-8325-337E0B1D85A4)
iPad Air 11-inch (M4) Simulator (26.5) (CDDCC03E-021A-4F65-96A0-F2659D1D77AD)
iPad Air 13-inch (M3) Simulator (18.4) (F1653079-F410-49D2-A063-1AF6509CA7DF)
iPad Air 13-inch (M4) Simulator (26.5) (57C9ED10-064A-4596-92B8-94A582FBDE79)
iPad Pro 11-inch (M4) Simulator (18.4) (D1B0CC6E-6F4C-4948-A9C3-073E5932CF45)
iPad Pro 11-inch (M5) Simulator (26.5) (F1AD956F-F029-4ED1-8153-C4D325402AF5)
iPad Pro 13-inch (M4) Simulator (18.4) (BF1EC7ED-01F1-437A-9CD5-6647DFEC2C8E)
iPad Pro 13-inch (M5) Simulator (26.5) (1620C6D6-0BFB-4857-B75D-ECE4BA0B1190)
iPad mini (A17 Pro) Simulator (18.4) (57AF3A1E-667B-4C93-93F4-273BF71F610D)
iPad mini (A17 Pro) Simulator (26.5) (2105C891-0F6B-4A05-B471-3F589F3319C1)
iPhone 16 Simulator (18.4) (8803DD22-4646-4C0C-95BD-249D898CF513)
iPhone 16 Plus Simulator (18.4) (5CF4A12E-A8B5-4285-AE86-407B9067CB5F)
iPhone 16 Pro Simulator (18.4) (6A2E7E6A-05F8-47D6-88AE-85E3434AC6D3)
iPhone 16 Pro Max Simulator (18.4) (CB509746-6183-4AEC-9FA5-725378C563BF)
iPhone 16e Simulator (18.4) (E6EC1822-E63D-4034-A308-8B918FE35465)
iPhone 17 Simulator (26.5) (74BEC426-E51A-460B-8AA3-E8E615CF7444)
iPhone 17 Pro Simulator (26.5) (45768BC9-71B5-4BBA-9372-EAD4A0234650)
iPhone 17 Pro Max Simulator (26.5) (D8D3076F-9A3B-431E-9040-444592B8714D)
iPhone 17e Simulator (26.5) (E9295FDD-2A32-40D9-81CC-DEA8042F3F78)
iPhone Air Simulator (26.5) (AD4C96F1-9085-4422-993A-1CA9C8458240)
[exit-code] 0

$ flutter devices --device-timeout 10
Found 7 connected devices:
  SM G960F (mobile)       • 29d816ac550b7ece                         • android-arm64  • Android 10 (API 29)
  SM G935F (mobile)       • 9885e6503930304946                       • android-arm64  • Android 8.0.0 (API 26)
  SM G970F (mobile)       • RF8M90QE7LX                              • android-arm64  • Android 12 (API 31)
  iPad (5) (mobile)       • 8b406aa5c597eab4c4dfd9908f4a09b10a89ec63 • ios            • iOS 17.7.11 21H461
  iPhone 16 Plus (mobile) • 5CF4A12E-A8B5-4285-AE86-407B9067CB5F     • ios            • com.apple.CoreSimulator.SimRuntime.iOS-18-4 (simulator)
  macOS (desktop)         • macos                                    • darwin-arm64   • macOS 26.4.1 25E253 darwin-arm64
  Chrome (web)            • chrome                                   • web-javascript • Google Chrome 148.0.7778.216

Error: Browsing on the local area network for José Ramón’s iPhone. Ensure the device is unlocked and attached with a cable or associated with the same local area network as this Mac.
The device must be opted into Developer Mode to connect wirelessly. (code -27)

Run "flutter emulators" to list and start any available device emulators.

If you expected another device to be detected, please run "flutter doctor" to diagnose potential issues. Visit https://flutter.dev/setup/ for troubleshooting tips.
[exit-code] 0

$ curl --max-time 3 -sS http://192.168.178.168:4762/healthz

[stderr]
curl: (28) Connection timed out after 3002 milliseconds
[exit-code] 28

$ python3 scripts/ios_capture_repro.py --host auto --scan-subnet 192.168.178.0/24 --device-id 00008101-000A68811E43001E --run-dir logs/verification-runs/20260608-1552-physical-iphone-setup-blocker-current/device-logs/ios-capture-repro-scan --timeout 20

[stderr]
ios_capture_repro failed: Automation bridge was not discovered on 192.168.178.0/24 port 4762
[exit-code] 1

$ xcrun devicectl device info lockState --device AB1E2F45-61B1-5FBD-972A-940EA7EC8B0A

[stderr]
ERROR: CoreDeviceService was unable to locate a device matching the requested device identifier. (DeviceIdentifier: ecid_2929653534883870) (com.apple.dt.CoreDeviceError error 1011 (0x3F3))
       DeviceIdentifier = ecid_2929653534883870
[exit-code] 1
